<html>
<body>
<pre>
<h1>µVision Build Log</h1>
<h2>Tool Versions:</h2>
IDE-Version: ¦ÌVision V5.26.2.0
Copyright (C) 2018 ARM Ltd and ARM Germany GmbH. All rights reserved.
License Information:  ,  , LIC=03C6R-KL799-9US4U-SLSIP-FW8Z0-L82NS
 
Tool Versions:
Toolchain:       MDK-ARM Plus  Version: 5.26.2.0
Toolchain Path:  C:\Users\Guo\Documents\keil_file\ARM\ARMCC\Bin
C Compiler:      Armcc.exe V5.06 update 6 (build 750)
Assembler:       Armasm.exe V5.06 update 6 (build 750)
Linker/Locator:  ArmLink.exe V5.06 update 6 (build 750)
Library Manager: ArmAr.exe V5.06 update 6 (build 750)
Hex Converter:   FromElf.exe V5.06 update 6 (build 750)
CPU DLL:         SARMCM3.DLL V5.26.2.0
Dialog DLL:      DCM.DLL V1.17.2.0
Target DLL:      CMSIS_AGDI.dll V1.30.6.0
Dialog DLL:      TCM.DLL V1.36.1.0
 
<h2>Project:</h2>
C:\MyComputer\MyDatabase\GEC_Study_Information\CODE\Switch\MusicPlayer\MusicPlayer\MDK-ARM\MusicPlayer.uvprojx
Project File Date:  05/19/2026

<h2>Output:</h2>
*** Using Compiler 'V5.06 update 6 (build 750)', folder: 'C:\Users\Guo\Documents\keil_file\ARM\ARMCC\Bin'
Build target 'MusicPlayer'
compiling i2c.c...
compiling main.c...
compiling stm32f1xx_it.c...
compiling spi.c...
compiling gpio.c...
compiling freertos.c...
../Core/Src/../../Hardware/oled.h(31): warning:  #1-D: last line of file ends without a newline
  #endif
../Core/Src/freertos.c: 1 warning, 0 errors
compiling usart.c...
compiling stm32f1xx_hal_msp.c...
compiling oled.c...
..\Hardware\oled.h(31): warning:  #1-D: last line of file ends without a newline
  #endif
..\Hardware\oled.c: 1 warning, 0 errors
compiling bsp_spi_flash.c...
compiling fatfs.c...
compiling ff_gen_drv.c...
compiling ff.c...
compiling diskio.c...
compiling syscall.c...
compiling user_diskio.c...
compiling cc936.c...
linking...
Program Size: Code=21104 RO-data=2004 RW-data=180 ZI-data=16068  
FromELF: creating hex file...
"MusicPlayer\MusicPlayer.axf" - 0 Error(s), 2 Warning(s).

<h2>Software Packages used:</h2>

Package Vendor: ARM
                http://www.keil.com/pack/ARM.CMSIS.5.4.0.pack
                ARM.CMSIS.5.4.0
                CMSIS (Cortex Microcontroller Software Interface Standard)
   * Component: CORE Version: 5.1.2

Package Vendor: Keil
                http://www.keil.com/pack/Keil.STM32F1xx_DFP.2.4.0.pack
                Keil.STM32F1xx_DFP.2.4.0
                STMicroelectronics STM32F1 Series Device Support, Drivers and Examples

<h2>Collection of Component include folders:</h2>
  .\RTE\_MusicPlayer
  C:\Users\Guo\Documents\keil_file\ARM\PACK\ARM\CMSIS\5.4.0\CMSIS\Core\Include
  C:\Users\Guo\Documents\keil_file\ARM\PACK\Keil\STM32F1xx_DFP\2.4.0\Device\Include

<h2>Collection of Component Files used:</h2>

   * Component: ARM::CMSIS:CORE:5.1.2
Build Time Elapsed:  00:01:01
</pre>
</body>
</html>
