Component: ARM Compiler 5.06 update 6 (build 750) Tool: armlink [4d35ed]

==============================================================================

Section Cross References

    startup_stm32f103xe.o(RESET) refers to startup_stm32f103xe.o(STACK) for __initial_sp
    startup_stm32f103xe.o(RESET) refers to startup_stm32f103xe.o(.text) for Reset_Handler
    startup_stm32f103xe.o(RESET) refers to stm32f1xx_it.o(i.NMI_Handler) for NMI_Handler
    startup_stm32f103xe.o(RESET) refers to stm32f1xx_it.o(i.HardFault_Handler) for HardFault_Handler
    startup_stm32f103xe.o(RESET) refers to stm32f1xx_it.o(i.MemManage_Handler) for MemManage_Handler
    startup_stm32f103xe.o(RESET) refers to stm32f1xx_it.o(i.BusFault_Handler) for BusFault_Handler
    startup_stm32f103xe.o(RESET) refers to stm32f1xx_it.o(i.UsageFault_Handler) for UsageFault_Handler
    startup_stm32f103xe.o(RESET) refers to port.o(.emb_text) for SVC_Handler
    startup_stm32f103xe.o(RESET) refers to stm32f1xx_it.o(i.DebugMon_Handler) for DebugMon_Handler
    startup_stm32f103xe.o(RESET) refers to port.o(i.SysTick_Handler) for SysTick_Handler
    startup_stm32f103xe.o(RESET) refers to stm32f1xx_it.o(i.USB_LP_CAN1_RX0_IRQHandler) for USB_LP_CAN1_RX0_IRQHandler
    startup_stm32f103xe.o(RESET) refers to stm32f1xx_it.o(i.TIM4_IRQHandler) for TIM4_IRQHandler
    startup_stm32f103xe.o(RESET) refers to stm32f1xx_it.o(i.USART2_IRQHandler) for USART2_IRQHandler
    startup_stm32f103xe.o(RESET) refers to stm32f1xx_it.o(i.USART3_IRQHandler) for USART3_IRQHandler
    startup_stm32f103xe.o(.text) refers to system_stm32f1xx.o(i.SystemInit) for SystemInit
    startup_stm32f103xe.o(.text) refers to entry.o(.ARM.Collect$$$$00000000) for __main
    main.o(i.BY8301_Next) refers to stm32f1xx_hal_uart.o(i.HAL_UART_Transmit) for HAL_UART_Transmit
    main.o(i.BY8301_Next) refers to usart.o(.bss) for huart3
    main.o(i.BY8301_Pause) refers to stm32f1xx_hal_uart.o(i.HAL_UART_Transmit) for HAL_UART_Transmit
    main.o(i.BY8301_Pause) refers to usart.o(.bss) for huart3
    main.o(i.BY8301_PausePlay) refers to stm32f1xx_hal_uart.o(i.HAL_UART_Transmit) for HAL_UART_Transmit
    main.o(i.BY8301_PausePlay) refers to usart.o(.bss) for huart3
    main.o(i.BY8301_Play) refers to stm32f1xx_hal_uart.o(i.HAL_UART_Transmit) for HAL_UART_Transmit
    main.o(i.BY8301_Play) refers to usart.o(.bss) for huart3
    main.o(i.BY8301_PlayIndex) refers to stm32f1xx_hal_uart.o(i.HAL_UART_Transmit) for HAL_UART_Transmit
    main.o(i.BY8301_PlayIndex) refers to usart.o(.bss) for huart3
    main.o(i.BY8301_Prev) refers to stm32f1xx_hal_uart.o(i.HAL_UART_Transmit) for HAL_UART_Transmit
    main.o(i.BY8301_Prev) refers to usart.o(.bss) for huart3
    main.o(i.BY8301_SetVolume) refers to stm32f1xx_hal_uart.o(i.HAL_UART_Transmit) for HAL_UART_Transmit
    main.o(i.BY8301_SetVolume) refers to usart.o(.bss) for huart3
    main.o(i.BY8301_Stop) refers to stm32f1xx_hal_uart.o(i.HAL_UART_Transmit) for HAL_UART_Transmit
    main.o(i.BY8301_Stop) refers to usart.o(.bss) for huart3
    main.o(i.HAL_TIM_PeriodElapsedCallback) refers to stm32f1xx_hal.o(i.HAL_IncTick) for HAL_IncTick
    main.o(i.HAL_UART_RxCpltCallback) refers to cmsis_os2.o(i.osMessageQueuePut) for osMessageQueuePut
    main.o(i.HAL_UART_RxCpltCallback) refers to stm32f1xx_hal_uart.o(i.HAL_UART_Receive_IT) for HAL_UART_Receive_IT
    main.o(i.HAL_UART_RxCpltCallback) refers to main.o(.data) for .data
    main.o(i.HAL_UART_RxCpltCallback) refers to freertos.o(.data) for AudioCmdQueueHandle
    main.o(i.HAL_UART_RxCpltCallback) refers to usart.o(.bss) for huart1
    main.o(i.SystemClock_Config) refers to memseta.o(.text) for __aeabi_memclr4
    main.o(i.SystemClock_Config) refers to stm32f1xx_hal_rcc.o(i.HAL_RCC_OscConfig) for HAL_RCC_OscConfig
    main.o(i.SystemClock_Config) refers to stm32f1xx_hal_rcc.o(i.HAL_RCC_ClockConfig) for HAL_RCC_ClockConfig
    main.o(i.SystemClock_Config) refers to stm32f1xx_hal_rcc_ex.o(i.HAL_RCCEx_PeriphCLKConfig) for HAL_RCCEx_PeriphCLKConfig
    main.o(i.fputc) refers to stm32f1xx_hal_uart.o(i.HAL_UART_Transmit) for HAL_UART_Transmit
    main.o(i.fputc) refers to usart.o(.bss) for huart1
    main.o(i.main) refers to stm32f1xx_hal.o(i.HAL_Init) for HAL_Init
    main.o(i.main) refers to main.o(i.SystemClock_Config) for SystemClock_Config
    main.o(i.main) refers to gpio.o(i.MX_GPIO_Init) for MX_GPIO_Init
    main.o(i.main) refers to usart.o(i.MX_USART2_UART_Init) for MX_USART2_UART_Init
    main.o(i.main) refers to usart.o(i.MX_USART3_UART_Init) for MX_USART3_UART_Init
    main.o(i.main) refers to usart.o(i.MX_USART1_UART_Init) for MX_USART1_UART_Init
    main.o(i.main) refers to i2c.o(i.MX_I2C1_Init) for MX_I2C1_Init
    main.o(i.main) refers to fatfs.o(i.MX_FATFS_Init) for MX_FATFS_Init
    main.o(i.main) refers to spi.o(i.MX_SPI1_Init) for MX_SPI1_Init
    main.o(i.main) refers to stm32f1xx_hal_uart.o(i.HAL_UART_Receive_IT) for HAL_UART_Receive_IT
[...]
    xSuspendedTaskList                       0x20000888   Data          20  tasks.o(.bss)
    .bss                                     0x2000089c   Section      280  timers.o(.bss)
    xActiveTimerList1                        0x2000089c   Data          20  timers.o(.bss)
    xActiveTimerList2                        0x200008b0   Data          20  timers.o(.bss)
    xStaticTimerQueue                        0x200008c4   Data          80  timers.o(.bss)
    ucStaticTimerQueueStorage                0x20000914   Data         160  timers.o(.bss)
    .bss                                     0x200009b4   Section     1720  cmsis_os2.o(.bss)
    Idle_TCB                                 0x200009b4   Data          92  cmsis_os2.o(.bss)
    Idle_Stack                               0x20000a10   Data         512  cmsis_os2.o(.bss)
    Timer_TCB                                0x20000c10   Data          92  cmsis_os2.o(.bss)
    Timer_Stack                              0x20000c6c   Data        1024  cmsis_os2.o(.bss)
    .bss                                     0x2000106c   Section    16384  heap_4.o(.bss)
    ucHeap                                   0x2000106c   Data       16384  heap_4.o(.bss)
    .bss                                     0x2000506c   Section     1024  oled.o(.bss)
    .bss                                     0x2000546c   Section       12  ff_gen_drv.o(.bss)
    .bss                                     0x20005478   Section      708  usb_device.o(.bss)
    .bss                                     0x2000573c   Section      512  usbd_desc.o(.bss)
    .bss                                     0x2000593c   Section     4096  usbd_storage_if.o(.bss)
    Sector_Buf                               0x2000593c   Data        4096  usbd_storage_if.o(.bss)
    .bss                                     0x2000693c   Section     1376  usbd_conf.o(.bss)
    mem                                      0x2000693c   Data         624  usbd_conf.o(.bss)
    STACK                                    0x20006ea0   Section     1024  startup_stm32f103xe.o(STACK)

    Global Symbols

    Symbol Name                              Value     Ov Type        Size  Object(Section)

    BuildAttributes$$THM_ISAv4$P$D$K$B$S$PE$A:L22UL41UL21$X:L11$S22US41US21$IEEE1$IW$USESV6$~STKCKD$USESV7$~SHL$OSPACE$EBA8$MICROLIB$REQ8$PRES8$EABIv2 0x00000000   Number         0  anon$$obj.o ABSOLUTE
    __ARM_use_no_argv                        0x00000000   Number         0  main.o ABSOLUTE
    __cpp_initialize__aeabi_                  - Undefined Weak Reference
    __cxa_finalize                            - Undefined Weak Reference
    _clock_init                               - Undefined Weak Reference
    _microlib_exit                            - Undefined Weak Reference
    __Vectors_Size                           0x00000130   Number         0  startup_stm32f103xe.o ABSOLUTE
    __Vectors                                0x08000000   Data           4  startup_stm32f103xe.o(RESET)
    __Vectors_End                            0x08000130   Data           0  startup_stm32f103xe.o(RESET)
    __main                                   0x08000131   Thumb Code     0  entry.o(.ARM.Collect$$$$00000000)
    _main_stk                                0x08000131   Thumb Code     0  entry2.o(.ARM.Collect$$$$00000001)
    _main_scatterload                        0x08000135   Thumb Code     0  entry5.o(.ARM.Collect$$$$00000004)
    __main_after_scatterload                 0x08000139   Thumb Code     0  entry5.o(.ARM.Collect$$$$00000004)
    _main_clock                              0x08000139   Thumb Code     0  entry7b.o(.ARM.Collect$$$$00000008)
    _main_cpp_init                           0x08000139   Thumb Code     0  entry8b.o(.ARM.Collect$$$$0000000A)
    _main_init                               0x08000139   Thumb Code     0  entry9a.o(.ARM.Collect$$$$0000000B)
    __rt_final_cpp                           0x08000141   Thumb Code     0  entry10a.o(.ARM.Collect$$$$0000000D)
    __rt_final_exit                          0x08000141   Thumb Code     0  entry11a.o(.ARM.Collect$$$$0000000F)
    SVC_Handler                              0x08000145   Thumb Code    32  port.o(.emb_text)
    __asm___6_port_c_39a90d8d__prvStartFirstTask 0x08000169   Thumb Code    28  port.o(.emb_text)
    PendSV_Handler                           0x08000189   Thumb Code    72  port.o(.emb_text)
    vPortGetIPSR                             0x080001d5   Thumb Code     6  port.o(.emb_text)
    Reset_Handler                            0x080001dd   Thumb Code     8  startup_stm32f103xe.o(.text)
    ADC1_2_IRQHandler                        0x080001f7   Thumb Code     0  startup_stm32f103xe.o(.text)
    ADC3_IRQHandler                          0x080001f7   Thumb Code     0  startup_stm32f103xe.o(.text)
    CAN1_RX1_IRQHandler                      0x080001f7   Thumb Code     0  startup_stm32f103xe.o(.text)
    CAN1_SCE_IRQHandler                      0x080001f7   Thumb Code     0  startup_stm32f103xe.o(.text)
    DMA1_Channel1_IRQHandler                 0x080001f7   Thumb Code     0  startup_stm32f103xe.o(.text)
    DMA1_Channel2_IRQHandler                 0x080001f7   Thumb Code     0  startup_stm32f103xe.o(.text)
    DMA1_Channel3_IRQHandler                 0x080001f7   Thumb Code     0  startup_stm32f103xe.o(.text)
    DMA1_Channel4_IRQHandler                 0x080001f7   Thumb Code     0  startup_stm32f103xe.o(.text)
    DMA1_Channel5_IRQHandler                 0x080001f7   Thumb Code     0  startup_stm32f103xe.o(.text)
    DMA1_Channel6_IRQHandler                 0x080001f7   Thumb Code     0  startup_stm32f103xe.o(.text)
    DMA1_Channel7_IRQHandler                 0x080001f7   Thumb Code     0  startup_stm32f103xe.o(.text)
    DMA2_Channel1_IRQHandler                 0x080001f7   Thumb Code     0  startup_stm32f103xe.o(.text)
    DMA2_Channel2_IRQHandler                 0x080001f7   Thumb Code     0  startup_stm32f103xe.o(.text)
    DMA2_Channel3_IRQHandler                 0x080001f7   Thumb Code     0  startup_stm32f103xe.o(.text)
    DMA2_Channel4_5_IRQHandler               0x080001f7   Thumb Code     0  startup_stm32f103xe.o(.text)
    EXTI0_IRQHandler                         0x080001f7   Thumb Code     0  startup_stm32f103xe.o(.text)
    EXTI15_10_IRQHandler                     0x080001f7   Thumb Code     0  startup_stm32f103xe.o(.text)
    EXTI1_IRQHandler                         0x080001f7   Thumb Code     0  startup_stm32f103xe.o(.text)
    EXTI2_IRQHandler                         0x080001f7   Thumb Code     0  startup_stm32f103xe.o(.text)
    EXTI3_IRQHandler                         0x080001f7   Thumb Code     0  startup_stm32f103xe.o(.text)
    EXTI4_IRQHandler                         0x080001f7   Thumb Code     0  startup_stm32f103xe.o(.text)
    EXTI9_5_IRQHandler                       0x080001f7   Thumb Code     0  startup_stm32f103xe.o(.text)
    FLASH_IRQHandler                         0x080001f7   Thumb Code     0  startup_stm32f103xe.o(.text)
    FSMC_IRQHandler                          0x080001f7   Thumb Code     0  startup_stm32f103xe.o(.text)
    I2C1_ER_IRQHandler                       0x080001f7   Thumb Code     0  startup_stm32f103xe.o(.text)
    I2C1_EV_IRQHandler                       0x080001f7   Thumb Code     0  startup_stm32f103xe.o(.text)
    I2C2_ER_IRQHandler                       0x080001f7   Thumb Code     0  startup_stm32f103xe.o(.text)
    I2C2_EV_IRQHandler                       0x080001f7   Thumb Code     0  startup_stm32f103xe.o(.text)
    PVD_IRQHandler                           0x080001f7   Thumb Code     0  startup_stm32f103xe.o(.text)
    RCC_IRQHandler                           0x080001f7   Thumb Code     0  startup_stm32f103xe.o(.text)
    RTC_Alarm_IRQHandler                     0x080001f7   Thumb Code     0  startup_stm32f103xe.o(.text)
    RTC_IRQHandler                           0x080001f7   Thumb Code     0  startup_stm32f103xe.o(.text)
    SDIO_IRQHandler                          0x080001f7   Thumb Code     0  startup_stm32f103xe.o(.text)
    SPI1_IRQHandler                          0x080001f7   Thumb Code     0  startup_stm32f103xe.o(.text)
    SPI2_IRQHandler                          0x080001f7   Thumb Code     0  startup_stm32f103xe.o(.text)
    SPI3_IRQHandler                          0x080001f7   Thumb Code     0  startup_stm32f103xe.o(.text)
    TAMPER_IRQHandler                        0x080001f7   Thumb Code     0  startup_stm32f103xe.o(.text)
    TIM1_BRK_IRQHandler                      0x080001f7   Thumb Code     0  startup_stm32f103xe.o(.text)
    TIM1_CC_IRQHandler                       0x080001f7   Thumb Code     0  startup_stm32f103xe.o(.text)
    TIM1_TRG_COM_IRQHandler                  0x080001f7   Thumb Code     0  startup_stm32f103xe.o(.text)
    TIM1_UP_IRQHandler                       0x080001f7   Thumb Code     0  startup_stm32f103xe.o(.text)
    TIM2_IRQHandler                          0x080001f7   Thumb Code     0  startup_stm32f103xe.o(.text)
    TIM3_IRQHandler                          0x080001f7   Thumb Code     0  startup_stm32f103xe.o(.text)
    TIM5_IRQHandler                          0x080001f7   Thumb Code     0  startup_stm32f103xe.o(.text)
    TIM6_IRQHandler                          0x080001f7   Thumb Code     0  startup_stm32f103xe.o(.text)
    TIM7_IRQHandler                          0x080001f7   Thumb Code     0  startup_stm32f103xe.o(.text)
    TIM8_BRK_IRQHandler                      0x080001f7   Thumb Code     0  startup_stm32f103xe.o(.text)
    TIM8_CC_IRQHandler                       0x080001f7   Thumb Code     0  startup_stm32f103xe.o(.text)
    TIM8_TRG_COM_IRQHandler                  0x080001f7   Thumb Code     0  startup_stm32f103xe.o(.text)
    TIM8_UP_IRQHandler                       0x080001f7   Thumb Code     0  startup_stm32f103xe.o(.text)
    UART4_IRQHandler                         0x080001f7   Thumb Code     0  startup_stm32f103xe.o(.text)
    UART5_IRQHandler                         0x080001f7   Thumb Code     0  startup_stm32f103xe.o(.text)
    USART1_IRQHandler                        0x080001f7   Thumb Code     0  startup_stm32f103xe.o(.text)
    USBWakeUp_IRQHandler                     0x080001f7   Thumb Code     0  startup_stm32f103xe.o(.text)
    USB_HP_CAN1_TX_IRQHandler                0x080001f7   Thumb Code     0  startup_stm32f103xe.o(.text)
    WWDG_IRQHandler                          0x080001f7   Thumb Code     0  startup_stm32f103xe.o(.text)
    __aeabi_memcpy                           0x08000201   Thumb Code    36  memcpya.o(.text)
    __aeabi_memcpy4                          0x08000201   Thumb Code     0  memcpya.o(.text)
    __aeabi_memcpy8                          0x08000201   Thumb Code     0  memcpya.o(.text)
    __aeabi_memset                           0x08000225   Thumb Code    14  memseta.o(.text)
    __aeabi_memset4                          0x08000225   Thumb Code     0  memseta.o(.text)
    __aeabi_memset8                          0x08000225   Thumb Code     0  memseta.o(.text)
    __aeabi_memclr                           0x08000233   Thumb Code     4  memseta.o(.text)
    __aeabi_memclr4                          0x08000233   Thumb Code     0  memseta.o(.text)
    __aeabi_memclr8                          0x08000233   Thumb Code     0  memseta.o(.text)
    memset                                   0x08000237   Thumb Code    18  memseta.o(.text)
    __scatterload                            0x08000249   Thumb Code    28  init.o(.text)
    __scatterload_rt2                        0x08000249   Thumb Code     0  init.o(.text)
    __decompress                             0x0800026d   Thumb Code     0  __dczerorl2.o(.text)
    __decompress1                            0x0800026d   Thumb Code    86  __dczerorl2.o(.text)
    AppControlTaskFun                        0x080002c5   Thumb Code   174  freertos.o(i.AppControlTaskFun)
    AudioGateTaskFun                         0x0800038d   Thumb Code    90  freertos.o(i.AudioGateTaskFun)
    BY8301_Next                              0x080003ed   Thumb Code    26  main.o(i.BY8301_Next)
    BY8301_PausePlay                         0x08000415   Thumb Code    26  main.o(i.BY8301_PausePlay)
    BY8301_PlayIndex                         0x0800043d   Thumb Code    60  main.o(i.BY8301_PlayIndex)
    BY8301_SetVolume                         0x0800047d   Thumb Code    58  main.o(i.BY8301_SetVolume)
    BusFault_Handler                         0x080004bd   Thumb Code     2  stm32f1xx_it.o(i.BusFault_Handler)
    DebugMon_Handler                         0x080004bf   Thumb Code     2  stm32f1xx_it.o(i.DebugMon_Handler)
    Error_Handler                            0x080004c1   Thumb Code     4  main.o(i.Error_Handler)
    FATFS_LinkDriver                         0x080004c5   Thumb Code     6  ff_gen_drv.o(i.FATFS_LinkDriver)
    FATFS_LinkDriverEx                       0x080004cd   Thumb Code    60  ff_gen_drv.o(i.FATFS_LinkDriverEx)
    HAL_DMA_Abort                            0x0800050d   Thumb Code    70  stm32f1xx_hal_dma.o(i.HAL_DMA_Abort)
    HAL_DMA_Abort_IT                         0x08000555   Thumb Code   296  stm32f1xx_hal_dma.o(i.HAL_DMA_Abort_IT)
    HAL_GPIO_Init                            0x08000685   Thumb Code   462  stm32f1xx_hal_gpio.o(i.HAL_GPIO_Init)
    HAL_GPIO_ReadPin                         0x0800087d   Thumb Code    10  stm32f1xx_hal_gpio.o(i.HAL_GPIO_ReadPin)
    HAL_GPIO_WritePin                        0x08000887   Thumb Code    10  stm32f1xx_hal_gpio.o(i.HAL_GPIO_WritePin)
    HAL_GetTick                              0x08000891   Thumb Code     6  stm32f1xx_hal.o(i.HAL_GetTick)
    HAL_I2C_Init                             0x0800089d   Thumb Code   376  stm32f1xx_hal_i2c.o(i.HAL_I2C_Init)
    HAL_I2C_Mem_Write                        0x08000a25   Thumb Code   294  stm32f1xx_hal_i2c.o(i.HAL_I2C_Mem_Write)
    HAL_I2C_MspInit                          0x08000b55   Thumb Code    80  i2c.o(i.HAL_I2C_MspInit)
    HAL_IncTick                              0x08000bb1   Thumb Code    12  stm32f1xx_hal.o(i.HAL_IncTick)
    HAL_Init                                 0x08000bc1   Thumb Code    32  stm32f1xx_hal.o(i.HAL_Init)
    HAL_InitTick                             0x08000be5   Thumb Code   132  stm32f1xx_hal_timebase_tim.o(i.HAL_InitTick)
    HAL_MspInit                              0x08000c7d   Thumb Code    62  stm32f1xx_hal_msp.o(i.HAL_MspInit)
    HAL_NVIC_EnableIRQ                       0x08000cc5   Thumb Code    26  stm32f1xx_hal_cortex.o(i.HAL_NVIC_EnableIRQ)
    HAL_NVIC_SetPriority                     0x08000ce1   Thumb Code    60  stm32f1xx_hal_cortex.o(i.HAL_NVIC_SetPriority)
    HAL_NVIC_SetPriorityGrouping             0x08000d21   Thumb Code    26  stm32f1xx_hal_cortex.o(i.HAL_NVIC_SetPriorityGrouping)
    HAL_PCDEx_PMAConfig                      0x08000d45   Thumb Code    60  stm32f1xx_hal_pcd_ex.o(i.HAL_PCDEx_PMAConfig)
    HAL_PCDEx_SetConnectionState             0x08000d81   Thumb Code     2  usbd_conf.o(i.HAL_PCDEx_SetConnectionState)
    HAL_PCD_DataInStageCallback              0x08000d83   Thumb Code    18  usbd_conf.o(i.HAL_PCD_DataInStageCallback)
    HAL_PCD_DataOutStageCallback             0x08000d95   Thumb Code    20  usbd_conf.o(i.HAL_PCD_DataOutStageCallback)
    HAL_PCD_EP_Close                         0x08000da9   Thumb Code    76  stm32f1xx_hal_pcd.o(i.HAL_PCD_EP_Close)
    HAL_PCD_EP_ClrStall                      0x08000df5   Thumb Code    92  stm32f1xx_hal_pcd.o(i.HAL_PCD_EP_ClrStall)
    HAL_PCD_EP_Flush                         0x0800126f   Thumb Code    52  stm32f1xx_hal_pcd.o(i.HAL_PCD_EP_Flush)
    HAL_PCD_EP_GetRxCount                    0x080012a3   Thumb Code    18  stm32f1xx_hal_pcd.o(i.HAL_PCD_EP_GetRxCount)
    HAL_PCD_EP_Open                          0x080012b5   Thumb Code    90  stm32f1xx_hal_pcd.o(i.HAL_PCD_EP_Open)
    HAL_PCD_EP_Receive                       0x0800130f   Thumb Code    46  stm32f1xx_hal_pcd.o(i.HAL_PCD_EP_Receive)
    HAL_PCD_EP_SetStall                      0x0800133d   Thumb Code   114  stm32f1xx_hal_pcd.o(i.HAL_PCD_EP_SetStall)
    HAL_PCD_EP_Transmit                      0x080013af   Thumb Code    48  stm32f1xx_hal_pcd.o(i.HAL_PCD_EP_Transmit)
    HAL_PCD_IRQHandler                       0x080013e1   Thumb Code   308  stm32f1xx_hal_pcd.o(i.HAL_PCD_IRQHandler)
    HAL_PCD_Init                             0x08001515   Thumb Code   218  stm32f1xx_hal_pcd.o(i.HAL_PCD_Init)
    HAL_PCD_MspInit                          0x080015f1   Thumb Code    50  usbd_conf.o(i.HAL_PCD_MspInit)
    HAL_PCD_ResetCallback                    0x0800162d   Thumb Code    38  usbd_conf.o(i.HAL_PCD_ResetCallback)
    HAL_PCD_ResumeCallback                   0x08001653   Thumb Code     8  usbd_conf.o(i.HAL_PCD_ResumeCallback)
    HAL_PCD_SOFCallback                      0x0800165b   Thumb Code     8  usbd_conf.o(i.HAL_PCD_SOFCallback)
    HAL_PCD_SetAddress                       0x08001663   Thumb Code    40  stm32f1xx_hal_pcd.o(i.HAL_PCD_SetAddress)
    HAL_PCD_SetupStageCallback               0x0800168b   Thumb Code    14  usbd_conf.o(i.HAL_PCD_SetupStageCallback)
    HAL_PCD_Start                            0x08001699   Thumb Code    50  stm32f1xx_hal_pcd.o(i.HAL_PCD_Start)
    HAL_PCD_SuspendCallback                  0x080016cd   Thumb Code    30  usbd_conf.o(i.HAL_PCD_SuspendCallback)
    HAL_RCCEx_PeriphCLKConfig                0x080016f1   Thumb Code   224  stm32f1xx_hal_rcc_ex.o(i.HAL_RCCEx_PeriphCLKConfig)
    HAL_RCC_ClockConfig                      0x080017dd   Thumb Code   280  stm32f1xx_hal_rcc.o(i.HAL_RCC_ClockConfig)
    HAL_RCC_GetClockConfig                   0x08001909   Thumb Code    54  stm32f1xx_hal_rcc.o(i.HAL_RCC_GetClockConfig)
    HAL_RCC_GetPCLK1Freq                     0x08001949   Thumb Code    20  stm32f1xx_hal_rcc.o(i.HAL_RCC_GetPCLK1Freq)
    HAL_RCC_GetPCLK2Freq                     0x08001969   Thumb Code    20  stm32f1xx_hal_rcc.o(i.HAL_RCC_GetPCLK2Freq)
    HAL_RCC_GetSysClockFreq                  0x08001989   Thumb Code    58  stm32f1xx_hal_rcc.o(i.HAL_RCC_GetSysClockFreq)
    HAL_RCC_OscConfig                        0x080019d5   Thumb Code   778  stm32f1xx_hal_rcc.o(i.HAL_RCC_OscConfig)
    HAL_SPI_Init                             0x08001cf5   Thumb Code   178  stm32f1xx_hal_spi.o(i.HAL_SPI_Init)
    HAL_SPI_MspInit                          0x08001da9   Thumb Code    98  spi.o(i.HAL_SPI_MspInit)
    HAL_SPI_TransmitReceive                  0x08001e19   Thumb Code   494  stm32f1xx_hal_spi.o(i.HAL_SPI_TransmitReceive)
    HAL_TIMEx_BreakCallback                  0x08002007   Thumb Code     2  stm32f1xx_hal_tim_ex.o(i.HAL_TIMEx_BreakCallback)
    HAL_TIMEx_CommutCallback                 0x08002009   Thumb Code     2  stm32f1xx_hal_tim_ex.o(i.HAL_TIMEx_CommutCallback)
    HAL_TIM_Base_Init                        0x0800200b   Thumb Code    90  stm32f1xx_hal_tim.o(i.HAL_TIM_Base_Init)
    HAL_TIM_Base_MspInit                     0x08002065   Thumb Code     2  stm32f1xx_hal_tim.o(i.HAL_TIM_Base_MspInit)
    HAL_TIM_Base_Start_IT                    0x08002069   Thumb Code    88  stm32f1xx_hal_tim.o(i.HAL_TIM_Base_Start_IT)
    HAL_TIM_IC_CaptureCallback               0x080020d5   Thumb Code     2  stm32f1xx_hal_tim.o(i.HAL_TIM_IC_CaptureCallback)
    HAL_TIM_IRQHandler                       0x080020d7   Thumb Code   358  stm32f1xx_hal_tim.o(i.HAL_TIM_IRQHandler)
    HAL_TIM_OC_DelayElapsedCallback          0x0800223d   Thumb Code     2  stm32f1xx_hal_tim.o(i.HAL_TIM_OC_DelayElapsedCallback)
    HAL_TIM_PWM_PulseFinishedCallback        0x0800223f   Thumb Code     2  stm32f1xx_hal_tim.o(i.HAL_TIM_PWM_PulseFinishedCallback)
    HAL_TIM_PeriodElapsedCallback            0x08002241   Thumb Code    14  main.o(i.HAL_TIM_PeriodElapsedCallback)
    HAL_TIM_TriggerCallback                  0x08002255   Thumb Code     2  stm32f1xx_hal_tim.o(i.HAL_TIM_TriggerCallback)
    HAL_UARTEx_RxEventCallback               0x08002257   Thumb Code     2  stm32f1xx_hal_uart.o(i.HAL_UARTEx_RxEventCallback)
    HAL_UART_ErrorCallback                   0x08002259   Thumb Code     2  stm32f1xx_hal_uart.o(i.HAL_UART_ErrorCallback)
    HAL_UART_IRQHandler                      0x0800225d   Thumb Code   616  stm32f1xx_hal_uart.o(i.HAL_UART_IRQHandler)
    HAL_UART_Init                            0x080024c9   Thumb Code   100  stm32f1xx_hal_uart.o(i.HAL_UART_Init)
    HAL_UART_MspInit                         0x0800252d   Thumb Code   270  usart.o(i.HAL_UART_MspInit)
    HAL_UART_Receive_IT                      0x08002655   Thumb Code    28  stm32f1xx_hal_uart.o(i.HAL_UART_Receive_IT)
    HAL_UART_RxCpltCallback                  0x08002671   Thumb Code    60  main.o(i.HAL_UART_RxCpltCallback)
    HAL_UART_Transmit                        0x080026bd   Thumb Code   154  stm32f1xx_hal_uart.o(i.HAL_UART_Transmit)
    HAL_UART_TxCpltCallback                  0x08002757   Thumb Code     2  stm32f1xx_hal_uart.o(i.HAL_UART_TxCpltCallback)
    HardFault_Handler                        0x08002759   Thumb Code     2  stm32f1xx_it.o(i.HardFault_Handler)
    MSC_BOT_CplClrFeature                    0x08002b75   Thumb Code    42  usbd_msc_bot.o(i.MSC_BOT_CplClrFeature)
    MSC_BOT_DataIn                           0x08002b9f   Thumb Code    58  usbd_msc_bot.o(i.MSC_BOT_DataIn)
    MSC_BOT_DataOut                          0x08002bd9   Thumb Code    58  usbd_msc_bot.o(i.MSC_BOT_DataOut)
    MSC_BOT_DeInit                           0x08002c13   Thumb Code    10  usbd_msc_bot.o(i.MSC_BOT_DeInit)
    MSC_BOT_Init                             0x08002c1d   Thumb Code    66  usbd_msc_bot.o(i.MSC_BOT_Init)
    MSC_BOT_Reset                            0x08002c5f   Thumb Code    22  usbd_msc_bot.o(i.MSC_BOT_Reset)
    MSC_BOT_SendCSW                          0x08002c75   Thumb Code    54  usbd_msc_bot.o(i.MSC_BOT_SendCSW)
    MX_FATFS_Init                            0x08002cb1   Thumb Code    18  fatfs.o(i.MX_FATFS_Init)
    MX_FREERTOS_Init                         0x08002ccd   Thumb Code    46  freertos.o(i.MX_FREERTOS_Init)
    MX_GPIO_Init                             0x08002d0d   Thumb Code   218  gpio.o(i.MX_GPIO_Init)
    MX_I2C1_Init                             0x08002dfd   Thumb Code    50  i2c.o(i.MX_I2C1_Init)
    MX_SPI1_Init                             0x08002e3d   Thumb Code    62  spi.o(i.MX_SPI1_Init)
    MX_USART1_UART_Init                      0x08002e85   Thumb Code    48  usart.o(i.MX_USART1_UART_Init)
    MX_USART2_UART_Init                      0x08002ebd   Thumb Code    48  usart.o(i.MX_USART2_UART_Init)
    MX_USART3_UART_Init                      0x08002ef5   Thumb Code    48  usart.o(i.MX_USART3_UART_Init)
    MX_USB_DEVICE_Init                       0x08002f2d   Thumb Code    66  usb_device.o(i.MX_USB_DEVICE_Init)
    MemManage_Handler                        0x08002f81   Thumb Code     2  stm32f1xx_it.o(i.MemManage_Handler)
    NMI_Handler                              0x08002f83   Thumb Code     2  stm32f1xx_it.o(i.NMI_Handler)
    OLED_Clear                               0x08002f85   Thumb Code    38  oled.o(i.OLED_Clear)
    OLED_Refresh                             0x08002fb1   Thumb Code    66  oled.o(i.OLED_Refresh)
    OLED_ShowChar                            0x08002ffd   Thumb Code    60  oled.o(i.OLED_ShowChar)
    OLED_ShowString                          0x08003041   Thumb Code    54  oled.o(i.OLED_ShowString)
    OLED_WR_Cmd                              0x08003079   Thumb Code    30  oled.o(i.OLED_WR_Cmd)
    SCSI_ProcessCmd                          0x0800346d   Thumb Code   452  usbd_msc_scsi.o(i.SCSI_ProcessCmd)
    SCSI_SenseCode                           0x080038d5   Thumb Code    52  usbd_msc_scsi.o(i.SCSI_SenseCode)
    SPI_FLASH_BufferRead                     0x080039e9   Thumb Code    82  bsp_spi_flash.o(i.SPI_FLASH_BufferRead)
    SPI_FLASH_BufferWrite                    0x08003a41   Thumb Code   188  bsp_spi_flash.o(i.SPI_FLASH_BufferWrite)
    SPI_FLASH_ReadID                         0x08003b59   Thumb Code    60  bsp_spi_flash.o(i.SPI_FLASH_ReadID)
    SPI_FLASH_SectorErase                    0x08003b99   Thumb Code    70  bsp_spi_flash.o(i.SPI_FLASH_SectorErase)
    SysTick_Handler                          0x08003dd9   Thumb Code    38  port.o(i.SysTick_Handler)
    SystemClock_Config                       0x08003e05   Thumb Code   120  main.o(i.SystemClock_Config)
    SystemInit                               0x08003e7d   Thumb Code     2  system_stm32f1xx.o(i.SystemInit)
    TIM4_IRQHandler                          0x08003e81   Thumb Code     6  stm32f1xx_it.o(i.TIM4_IRQHandler)
    TIM_Base_SetConfig                       0x08003e8d   Thumb Code   120  stm32f1xx_hal_tim.o(i.TIM_Base_SetConfig)
    UART_Start_Receive_IT                    0x080040f1   Thumb Code    54  stm32f1xx_hal_uart.o(i.UART_Start_Receive_IT)
    USART2_IRQHandler                        0x080041a1   Thumb Code     6  stm32f1xx_it.o(i.USART2_IRQHandler)
    USART3_IRQHandler                        0x080041ad   Thumb Code     6  stm32f1xx_it.o(i.USART3_IRQHandler)
    USBD_ClrClassConfig                      0x080041b9   Thumb Code    14  usbd_core.o(i.USBD_ClrClassConfig)
    USBD_CtlContinueRx                       0x080041c7   Thumb Code    16  usbd_ioreq.o(i.USBD_CtlContinueRx)
    USBD_CtlContinueSendData                 0x080041d7   Thumb Code    16  usbd_ioreq.o(i.USBD_CtlContinueSendData)
    USBD_CtlError                            0x080041e7   Thumb Code    22  usbd_ctlreq.o(i.USBD_CtlError)
    USBD_CtlReceiveStatus                    0x080041fd   Thumb Code    22  usbd_ioreq.o(i.USBD_CtlReceiveStatus)
    USBD_CtlSendData                         0x08004213   Thumb Code    26  usbd_ioreq.o(i.USBD_CtlSendData)
    USBD_CtlSendStatus                       0x0800422d   Thumb Code    22  usbd_ioreq.o(i.USBD_CtlSendStatus)
    USBD_FS_ConfigStrDescriptor              0x08004245   Thumb Code    16  usbd_desc.o(i.USBD_FS_ConfigStrDescriptor)
    USBD_FS_DeviceDescriptor                 0x08004265   Thumb Code     8  usbd_desc.o(i.USBD_FS_DeviceDescriptor)
    USBD_FS_InterfaceStrDescriptor           0x08004271   Thumb Code    16  usbd_desc.o(i.USBD_FS_InterfaceStrDescriptor)
    USBD_FS_LangIDStrDescriptor              0x08004295   Thumb Code     8  usbd_desc.o(i.USBD_FS_LangIDStrDescriptor)
    USBD_FS_ManufacturerStrDescriptor        0x080042a1   Thumb Code    16  usbd_desc.o(i.USBD_FS_ManufacturerStrDescriptor)
    USBD_FS_ProductStrDescriptor             0x080042c9   Thumb Code    16  usbd_desc.o(i.USBD_FS_ProductStrDescriptor)
    USBD_FS_SerialStrDescriptor              0x080042f1   Thumb Code    48  usbd_desc.o(i.USBD_FS_SerialStrDescriptor)
    USBD_GetString                           0x08004411   Thumb Code    72  usbd_ctlreq.o(i.USBD_GetString)
    USBD_Init                                0x08004471   Thumb Code    42  usbd_core.o(i.USBD_Init)
    USBD_LL_ClearStallEP                     0x0800449b   Thumb Code    18  usbd_conf.o(i.USBD_LL_ClearStallEP)
    USBD_LL_CloseEP                          0x080044ad   Thumb Code    18  usbd_conf.o(i.USBD_LL_CloseEP)
    USBD_LL_DataInStage                      0x080044bf   Thumb Code   198  usbd_core.o(i.USBD_LL_DataInStage)
    USBD_LL_DataOutStage                     0x08004585   Thumb Code   130  usbd_core.o(i.USBD_LL_DataOutStage)
    USBD_LL_FlushEP                          0x08004607   Thumb Code    18  usbd_conf.o(i.USBD_LL_FlushEP)
    USBD_LL_GetRxDataSize                    0x08004619   Thumb Code     8  usbd_conf.o(i.USBD_LL_GetRxDataSize)
    USBD_LL_Init                             0x08004621   Thumb Code   104  usbd_conf.o(i.USBD_LL_Init)
    USBD_LL_IsStallEP                        0x08004691   Thumb Code    32  usbd_conf.o(i.USBD_LL_IsStallEP)
    USBD_LL_OpenEP                           0x080046b1   Thumb Code    24  usbd_conf.o(i.USBD_LL_OpenEP)
    USBD_LL_PrepareReceive                   0x080046c9   Thumb Code    18  usbd_conf.o(i.USBD_LL_PrepareReceive)
    USBD_LL_Reset                            0x080046db   Thumb Code    80  usbd_core.o(i.USBD_LL_Reset)
    USBD_LL_Resume                           0x0800472b   Thumb Code    20  usbd_core.o(i.USBD_LL_Resume)
    USBD_LL_SOF                              0x0800473f   Thumb Code    24  usbd_core.o(i.USBD_LL_SOF)
    USBD_LL_SetSpeed                         0x08004757   Thumb Code     6  usbd_core.o(i.USBD_LL_SetSpeed)
    USBD_LL_SetUSBAddress                    0x0800475d   Thumb Code    18  usbd_conf.o(i.USBD_LL_SetUSBAddress)
    USBD_LL_SetupStage                       0x0800476f   Thumb Code    90  usbd_core.o(i.USBD_LL_SetupStage)
    USBD_LL_StallEP                          0x080047c9   Thumb Code    18  usbd_conf.o(i.USBD_LL_StallEP)
    USBD_LL_Start                            0x080047db   Thumb Code    18  usbd_conf.o(i.USBD_LL_Start)
    USBD_LL_Suspend                          0x080047ed   Thumb Code    18  usbd_core.o(i.USBD_LL_Suspend)
    USBD_LL_Transmit                         0x080047ff   Thumb Code    18  usbd_conf.o(i.USBD_LL_Transmit)
    USBD_MSC_DataIn                          0x08004811   Thumb Code    10  usbd_msc.o(i.USBD_MSC_DataIn)
    USBD_MSC_DataOut                         0x0800481b   Thumb Code    10  usbd_msc.o(i.USBD_MSC_DataOut)
    USBD_MSC_DeInit                          0x08004825   Thumb Code    50  usbd_msc.o(i.USBD_MSC_DeInit)
    USBD_MSC_GetDeviceQualifierDescriptor    0x08004859   Thumb Code     8  usbd_msc.o(i.USBD_MSC_GetDeviceQualifierDescriptor)
    USBD_MSC_GetFSCfgDesc                    0x08004865   Thumb Code     8  usbd_msc.o(i.USBD_MSC_GetFSCfgDesc)
    USBD_MSC_GetHSCfgDesc                    0x08004871   Thumb Code     8  usbd_msc.o(i.USBD_MSC_GetHSCfgDesc)
    USBD_MSC_GetOtherSpeedCfgDesc            0x0800487d   Thumb Code     8  usbd_msc.o(i.USBD_MSC_GetOtherSpeedCfgDesc)
    USBD_MSC_Init                            0x08004889   Thumb Code    92  usbd_msc.o(i.USBD_MSC_Init)
    USBD_MSC_RegisterStorage                 0x080048e5   Thumb Code    10  usbd_msc.o(i.USBD_MSC_RegisterStorage)
    USBD_MSC_Setup                           0x080048ef   Thumb Code   278  usbd_msc.o(i.USBD_MSC_Setup)
    USBD_ParseSetupRequest                   0x08004a05   Thumb Code    40  usbd_ctlreq.o(i.USBD_ParseSetupRequest)
    USBD_RegisterClass                       0x08004a2d   Thumb Code    16  usbd_core.o(i.USBD_RegisterClass)
    USBD_SetClassConfig                      0x08004a3d   Thumb Code    22  usbd_core.o(i.USBD_SetClassConfig)
    USBD_Start                               0x08004ad9   Thumb Code    10  usbd_core.o(i.USBD_Start)
    USBD_StdDevReq                           0x08004ae3   Thumb Code   274  usbd_ctlreq.o(i.USBD_StdDevReq)
    USBD_StdEPReq                            0x08004bf5   Thumb Code   336  usbd_ctlreq.o(i.USBD_StdEPReq)
    USBD_StdItfReq                           0x08004d45   Thumb Code    78  usbd_ctlreq.o(i.USBD_StdItfReq)
    USBD_static_free                         0x08004d93   Thumb Code     2  usbd_conf.o(i.USBD_static_free)
    USBD_static_malloc                       0x08004d95   Thumb Code     4  usbd_conf.o(i.USBD_static_malloc)
    USB_ActivateEndpoint                     0x08004d9d   Thumb Code   668  stm32f1xx_ll_usb.o(i.USB_ActivateEndpoint)
    USB_CoreInit                             0x08005039   Thumb Code     4  stm32f1xx_ll_usb.o(i.USB_CoreInit)
    USB_DeactivateEndpoint                   0x0800503d   Thumb Code   270  stm32f1xx_ll_usb.o(i.USB_DeactivateEndpoint)
    USB_DevConnect                           0x0800514b   Thumb Code     4  stm32f1xx_ll_usb.o(i.USB_DevConnect)
    USB_DevDisconnect                        0x0800514f   Thumb Code     4  stm32f1xx_ll_usb.o(i.USB_DevDisconnect)
    USB_DevInit                              0x08005153   Thumb Code    18  stm32f1xx_ll_usb.o(i.USB_DevInit)
    USB_DisableGlobalInt                     0x08005165   Thumb Code    14  stm32f1xx_ll_usb.o(i.USB_DisableGlobalInt)
    USB_EP0_OutStart                         0x08005173   Thumb Code     4  stm32f1xx_ll_usb.o(i.USB_EP0_OutStart)
    USB_EPClearStall                         0x08005177   Thumb Code   120  stm32f1xx_ll_usb.o(i.USB_EPClearStall)
    USB_EPSetStall                           0x080051ef   Thumb Code    50  stm32f1xx_ll_usb.o(i.USB_EPSetStall)
    USB_EPStartXfer                          0x08005221   Thumb Code  1250  stm32f1xx_ll_usb.o(i.USB_EPStartXfer)
    USB_EnableGlobalInt                      0x08005703   Thumb Code    18  stm32f1xx_ll_usb.o(i.USB_EnableGlobalInt)
    USB_FlushRxFifo                          0x08005715   Thumb Code     4  stm32f1xx_ll_usb.o(i.USB_FlushRxFifo)
    USB_FlushTxFifo                          0x08005719   Thumb Code     4  stm32f1xx_ll_usb.o(i.USB_FlushTxFifo)
    USB_LP_CAN1_RX0_IRQHandler               0x0800571d   Thumb Code     6  stm32f1xx_it.o(i.USB_LP_CAN1_RX0_IRQHandler)
    USB_ReadInterrupts                       0x08005729   Thumb Code     6  stm32f1xx_ll_usb.o(i.USB_ReadInterrupts)
    USB_ReadPMA                              0x08005731   Thumb Code    44  stm32f1xx_ll_usb.o(i.USB_ReadPMA)
    USB_SetCurrentMode                       0x0800575d   Thumb Code     4  stm32f1xx_ll_usb.o(i.USB_SetCurrentMode)
    USB_SetDevAddress                        0x08005761   Thumb Code    12  stm32f1xx_ll_usb.o(i.USB_SetDevAddress)
    USB_WritePMA                             0x0800576d   Thumb Code    38  stm32f1xx_ll_usb.o(i.USB_WritePMA)
    USER_initialize                          0x08005795   Thumb Code    38  user_diskio.o(i.USER_initialize)
    USER_ioctl                               0x080057c5   Thumb Code    50  user_diskio.o(i.USER_ioctl)
    USER_read                                0x080057fd   Thumb Code    36  user_diskio.o(i.USER_read)
    USER_status                              0x08005825   Thumb Code     6  user_diskio.o(i.USER_status)
    USER_write                               0x08005831   Thumb Code   160  user_diskio.o(i.USER_write)
    UsageFault_Handler                       0x080058d5   Thumb Code     2  stm32f1xx_it.o(i.UsageFault_Handler)
    __scatterload_copy                       0x080058f7   Thumb Code    14  handlers.o(i.__scatterload_copy)
    __scatterload_null                       0x08005905   Thumb Code     2  handlers.o(i.__scatterload_null)
    __scatterload_zeroinit                   0x08005907   Thumb Code    14  handlers.o(i.__scatterload_zeroinit)
    main                                     0x08005915   Thumb Code    60  main.o(i.main)
    osDelay                                  0x08005959   Thumb Code    46  cmsis_os2.o(i.osDelay)
    osKernelInitialize                       0x0800598d   Thumb Code    50  cmsis_os2.o(i.osKernelInitialize)
    osKernelStart                            0x080059c5   Thumb Code    58  cmsis_os2.o(i.osKernelStart)
    osMessageQueueGet                        0x08005a05   Thumb Code   116  cmsis_os2.o(i.osMessageQueueGet)
    osMessageQueueNew                        0x08005a81   Thumb Code   110  cmsis_os2.o(i.osMessageQueueNew)
    osMessageQueuePut                        0x08005af5   Thumb Code   120  cmsis_os2.o(i.osMessageQueuePut)
    osThreadNew                              0x08005b75   Thumb Code   160  cmsis_os2.o(i.osThreadNew)
    pvPortMalloc                             0x0800635d   Thumb Code   210  heap_4.o(i.pvPortMalloc)
    pxPortInitialiseStack                    0x08006435   Thumb Code    32  port.o(i.pxPortInitialiseStack)
    uxListRemove                             0x08006459   Thumb Code    38  list.o(i.uxListRemove)
    vApplicationGetIdleTaskMemory            0x08006481   Thumb Code    16  cmsis_os2.o(i.vApplicationGetIdleTaskMemory)
    vApplicationGetTimerTaskMemory           0x08006495   Thumb Code    18  cmsis_os2.o(i.vApplicationGetTimerTaskMemory)
    vListInitialise                          0x080064ad   Thumb Code    22  list.o(i.vListInitialise)
    vListInitialiseItem                      0x080064c3   Thumb Code     6  list.o(i.vListInitialiseItem)
    vListInsert                              0x080064c9   Thumb Code    48  list.o(i.vListInsert)
    vListInsertEnd                           0x080064f9   Thumb Code    24  list.o(i.vListInsertEnd)
    vPortEnterCritical                       0x08006511   Thumb Code    54  port.o(i.vPortEnterCritical)
    vPortExitCritical                        0x08006551   Thumb Code    34  port.o(i.vPortExitCritical)
    vPortFree                                0x08006579   Thumb Code    88  heap_4.o(i.vPortFree)
    vPortSetupTimerInterrupt                 0x080065d5   Thumb Code    32  port.o(i.vPortSetupTimerInterrupt)
    vPortValidateInterruptPriority           0x080065f9   Thumb Code    74  port.o(i.vPortValidateInterruptPriority)
    vQueueAddToRegistry                      0x0800664d   Thumb Code    34  queue.o(i.vQueueAddToRegistry)
    vQueueWaitForMessageRestricted           0x08006675   Thumb Code    68  queue.o(i.vQueueWaitForMessageRestricted)
    vTaskDelay                               0x080066b9   Thumb Code    66  tasks.o(i.vTaskDelay)
    vTaskInternalSetTimeOutState             0x08006705   Thumb Code    12  tasks.o(i.vTaskInternalSetTimeOutState)
    vTaskMissedYield                         0x08006715   Thumb Code     8  tasks.o(i.vTaskMissedYield)
    vTaskPlaceOnEventList                    0x08006721   Thumb Code    44  tasks.o(i.vTaskPlaceOnEventList)
    vTaskPlaceOnEventListRestricted          0x08006751   Thumb Code    52  tasks.o(i.vTaskPlaceOnEventListRestricted)
    vTaskStartScheduler                      0x08006789   Thumb Code   118  tasks.o(i.vTaskStartScheduler)
    vTaskSuspendAll                          0x08006811   Thumb Code    10  tasks.o(i.vTaskSuspendAll)
    vTaskSwitchContext                       0x08006821   Thumb Code    90  tasks.o(i.vTaskSwitchContext)
    xPortStartScheduler                      0x08006885   Thumb Code   154  port.o(i.xPortStartScheduler)
    xQueueGenericCreate                      0x0800692d   Thumb Code    72  queue.o(i.xQueueGenericCreate)
    xQueueGenericCreateStatic                0x08006975   Thumb Code   102  queue.o(i.xQueueGenericCreateStatic)
    xQueueGenericReset                       0x080069dd   Thumb Code   132  queue.o(i.xQueueGenericReset)
    xQueueGenericSend                        0x08006a65   Thumb Code   346  queue.o(i.xQueueGenericSend)
    xQueueGenericSendFromISR                 0x08006bc5   Thumb Code   188  queue.o(i.xQueueGenericSendFromISR)
    xQueueReceive                            0x08006c81   Thumb Code   308  queue.o(i.xQueueReceive)
    xQueueReceiveFromISR                     0x08006db9   Thumb Code   154  queue.o(i.xQueueReceiveFromISR)
    xTaskCheckForTimeOut                     0x08006e55   Thumb Code   112  tasks.o(i.xTaskCheckForTimeOut)
    xTaskCreate                              0x08006ec9   Thumb Code    90  tasks.o(i.xTaskCreate)
    xTaskCreateStatic                        0x08006f23   Thumb Code    86  tasks.o(i.xTaskCreateStatic)
    xTaskGetSchedulerState                   0x08006f79   Thumb Code    22  tasks.o(i.xTaskGetSchedulerState)
    xTaskGetTickCount                        0x08006f95   Thumb Code     6  tasks.o(i.xTaskGetTickCount)
    xTaskIncrementTick                       0x08006fa1   Thumb Code   190  tasks.o(i.xTaskIncrementTick)
    xTaskPriorityDisinherit                  0x08007069   Thumb Code   118  tasks.o(i.xTaskPriorityDisinherit)
    xTaskRemoveFromEventList                 0x080070e9   Thumb Code    98  tasks.o(i.xTaskRemoveFromEventList)
    xTaskResumeAll                           0x08007159   Thumb Code   182  tasks.o(i.xTaskResumeAll)
    xTimerCreateTimerTask                    0x0800721d   Thumb Code    78  timers.o(i.xTimerCreateTimerTask)
    xTimerGenericCommand                     0x0800727d   Thumb Code    98  timers.o(i.xTimerGenericCommand)
    AppControlTask_attributes                0x080072e4   Data          36  freertos.o(.constdata)
    AudioGateTask_attributes                 0x08007308   Data          36  freertos.o(.constdata)
    AudioCmdQueue_attributes                 0x0800732c   Data          24  freertos.o(.constdata)
    AHBPrescTable                            0x08007356   Data          16  system_stm32f1xx.o(.constdata)
    APBPrescTable                            0x08007366   Data           8  system_stm32f1xx.o(.constdata)
    asc2_1608                                0x0800736e   Data        1520  oled.o(.constdata)
    STORAGE_Inquirydata_FS                   0x0800795e   Data          36  usbd_storage_if.o(.constdata)
    MSC_Page00_Inquiry_Data                  0x08007982   Data           7  usbd_msc_data.o(.constdata)
    MSC_Mode_Sense6_data                     0x08007989   Data           8  usbd_msc_data.o(.constdata)
    MSC_Mode_Sense10_data                    0x08007991   Data           8  usbd_msc_data.o(.constdata)
    Region$$Table$$Base                      0x080079cc   Number         0  anon$$obj.o(Region$$Table)
    Region$$Table$$Limit                     0x080079ec   Number         0  anon$$obj.o(Region$$Table)
    ble_rx_buf                               0x20000000   Data           1  main.o(.data)
    AppControlTaskHandle                     0x20000004   Data           4  freertos.o(.data)
    AudioGateTaskHandle                      0x20000008   Data           4  freertos.o(.data)
    AudioCmdQueueHandle                      0x2000000c   Data           4  freertos.o(.data)
    uwTickFreq                               0x20000010   Data           1  stm32f1xx_hal.o(.data)
    uwTickPrio                               0x20000014   Data           4  stm32f1xx_hal.o(.data)
    uwTick                                   0x20000018   Data           4  stm32f1xx_hal.o(.data)
    SystemCoreClock                          0x2000001c   Data           4  system_stm32f1xx.o(.data)
    pxCurrentTCB                             0x20000020   Data           4  tasks.o(.data)
    retUSER                                  0x20000098   Data           1  fatfs.o(.data)
    USERPath                                 0x20000099   Data           4  fatfs.o(.data)
    USER_Driver                              0x200000a0   Data          20  user_diskio.o(.data)
    FS_Desc                                  0x200000b4   Data          28  usbd_desc.o(.data)
    USBD_LangIDDesc                          0x200000d0   Data           4  usbd_desc.o(.data)
    USBD_FS_DeviceDesc                       0x200000d4   Data          18  usbd_desc.o(.data)
    USBD_StringSerial                        0x200000e8   Data          26  usbd_desc.o(.data)
    USBD_Storage_Interface_fops_FS           0x20000104   Data          32  usbd_storage_if.o(.data)
    USBD_MSC                                 0x20000128   Data          56  usbd_msc.o(.data)
    USBD_MSC_CfgHSDesc                       0x20000160   Data          32  usbd_msc.o(.data)
    USBD_MSC_CfgFSDesc                       0x20000180   Data          32  usbd_msc.o(.data)
    USBD_MSC_OtherSpeedCfgDesc               0x200001a0   Data          32  usbd_msc.o(.data)
    USBD_MSC_DeviceQualifierDesc             0x200001c0   Data          10  usbd_msc.o(.data)
    hi2c1                                    0x200001cc   Data          84  i2c.o(.bss)
    hspi1                                    0x20000220   Data          88  spi.o(.bss)
    huart1                                   0x20000278   Data          72  usart.o(.bss)
    huart2                                   0x200002c0   Data          72  usart.o(.bss)
    huart3                                   0x20000308   Data          72  usart.o(.bss)
    htim4                                    0x20000350   Data          72  stm32f1xx_hal_timebase_tim.o(.bss)
    xQueueRegistry                           0x20000398   Data          64  queue.o(.bss)
    OLED_GRAM                                0x2000506c   Data        1024  oled.o(.bss)
    disk                                     0x2000546c   Data          12  ff_gen_drv.o(.bss)
    hUsbDeviceFS                             0x20005478   Data         708  usb_device.o(.bss)
    USBD_StrDesc                             0x2000573c   Data         512  usbd_desc.o(.bss)
    hpcd_USB_FS                              0x20006bac   Data         752  usbd_conf.o(.bss)
    __initial_sp                             0x200072a0   Data           0  startup_stm32f103xe.o(STACK)



==============================================================================

Memory Map of the image

  Image Entry point : 0x08000131

  Load Region LR_IROM1 (Base: 0x08000000, Size: 0x00007bb8, Max: 0x00080000, ABSOLUTE, COMPRESSED[0x00007aa8])

    Execution Region ER_IROM1 (Exec base: 0x08000000, Load base: 0x08000000, Size: 0x000079ec, Max: 0x00080000, ABSOLUTE)

    Exec Addr    Load Addr    Size         Type   Attr      Idx    E Section Name        Object

    0x08000000   0x08000000   0x00000130   Data   RO            3    RESET               startup_stm32f103xe.o
    0x08000130   0x08000130   0x00000000   Code   RO         7624  * .ARM.Collect$$$$00000000  mc_w.l(entry.o)
    0x08000130   0x08000130   0x00000004   Code   RO         7637    .ARM.Collect$$$$00000001  mc_w.l(entry2.o)
    0x08000134   0x08000134   0x00000004   Code   RO         7640    .ARM.Collect$$$$00000004  mc_w.l(entry5.o)
    0x08000138   0x08000138   0x00000000   Code   RO         7642    .ARM.Collect$$$$00000008  mc_w.l(entry7b.o)
    0x08000138   0x08000138   0x00000000   Code   RO         7644    .ARM.Collect$$$$0000000A  mc_w.l(entry8b.o)
    0x08000138   0x08000138   0x00000008   Code   RO         7645    .ARM.Collect$$$$0000000B  mc_w.l(entry9a.o)
    0x08000140   0x08000140   0x00000000   Code   RO         7647    .ARM.Collect$$$$0000000D  mc_w.l(entry10a.o)
    0x08000140   0x08000140   0x00000000   Code   RO         7649    .ARM.Collect$$$$0000000F  mc_w.l(entry11a.o)
    0x08000140   0x08000140   0x00000004   Code   RO         7638    .ARM.Collect$$$$00002712  mc_w.l(entry2.o)
    0x08000144   0x08000144   0x00000096   Code   RO         5845    .emb_text           port.o
    0x080001da   0x080001da   0x00000002   PAD
    0x080001dc   0x080001dc   0x00000024   Code   RO            4    .text               startup_stm32f103xe.o
    0x08000200   0x08000200   0x00000024   Code   RO         7629    .text               mc_w.l(memcpya.o)
    0x08000224   0x08000224   0x00000024   Code   RO         7633    .text               mc_w.l(memseta.o)
    0x08000248   0x08000248   0x00000024   Code   RO         7651    .text               mc_w.l(init.o)
    0x0800026c   0x0800026c   0x00000056   Code   RO         7661    .text               mc_w.l(__dczerorl2.o)
    0x080002c2   0x080002c2   0x00000002   PAD
    0x080002c4   0x080002c4   0x000000c8   Code   RO          329    i.AppControlTaskFun  freertos.o
    0x0800038c   0x0800038c   0x00000060   Code   RO          330    i.AudioGateTaskFun  freertos.o
    0x080003ec   0x080003ec   0x00000028   Code   RO           13    i.BY8301_Next       main.o
    0x08000414   0x08000414   0x00000028   Code   RO           15    i.BY8301_PausePlay  main.o
    0x0800043c   0x0800043c   0x00000040   Code   RO           17    i.BY8301_PlayIndex  main.o
    0x0800047c   0x0800047c   0x00000040   Code   RO           19    i.BY8301_SetVolume  main.o
    0x080004bc   0x080004bc   0x00000002   Code   RO          550    i.BusFault_Handler  stm32f1xx_it.o
    0x080004be   0x080004be   0x00000002   Code   RO          551    i.DebugMon_Handler  stm32f1xx_it.o
    0x080004c0   0x080004c0   0x00000004   Code   RO           21    i.Error_Handler     main.o
    0x080004c4   0x080004c4   0x00000006   Code   RO         6494    i.FATFS_LinkDriver  ff_gen_drv.o
    0x080004ca   0x080004ca   0x00000002   PAD
    0x080004cc   0x080004cc   0x00000040   Code   RO         6495    i.FATFS_LinkDriverEx  ff_gen_drv.o
    0x0800050c   0x0800050c   0x00000046   Code   RO         1577    i.HAL_DMA_Abort     stm32f1xx_hal_dma.o
    0x08000552   0x08000552   0x00000002   PAD
    0x08000554   0x08000554   0x00000130   Code   RO         1578    i.HAL_DMA_Abort_IT  stm32f1xx_hal_dma.o
    0x08000684   0x08000684   0x000001f8   Code   RO         1513    i.HAL_GPIO_Init     stm32f1xx_hal_gpio.o
    0x0800087c   0x0800087c   0x0000000a   Code   RO         1515    i.HAL_GPIO_ReadPin  stm32f1xx_hal_gpio.o
    0x08000886   0x08000886   0x0000000a   Code   RO         1517    i.HAL_GPIO_WritePin  stm32f1xx_hal_gpio.o
    0x08000890   0x08000890   0x0000000c   Code   RO         1207    i.HAL_GetTick       stm32f1xx_hal.o
    0x0800089c   0x0800089c   0x00000188   Code   RO         2184    i.HAL_I2C_Init      stm32f1xx_hal_i2c.o
    0x08000a24   0x08000a24   0x00000130   Code   RO         2205    i.HAL_I2C_Mem_Write  stm32f1xx_hal_i2c.o
    0x08000b54   0x08000b54   0x0000005c   Code   RO          413    i.HAL_I2C_MspInit   i2c.o
    0x08000bb0   0x08000bb0   0x00000010   Code   RO         1213    i.HAL_IncTick       stm32f1xx_hal.o
    0x08000bc0   0x08000bc0   0x00000024   Code   RO         1214    i.HAL_Init          stm32f1xx_hal.o
    0x08000be4   0x08000be4   0x00000098   Code   RO          656    i.HAL_InitTick      stm32f1xx_hal_timebase_tim.o
    0x08000c7c   0x08000c7c   0x00000048   Code   RO          632    i.HAL_MspInit       stm32f1xx_hal_msp.o
    0x08000cc4   0x08000cc4   0x0000001a   Code   RO         1673    i.HAL_NVIC_EnableIRQ  stm32f1xx_hal_cortex.o
    0x08000cde   0x08000cde   0x00000002   PAD
    0x08000ce0   0x08000ce0   0x00000040   Code   RO         1679    i.HAL_NVIC_SetPriority  stm32f1xx_hal_cortex.o
    0x08000d20   0x08000d20   0x00000024   Code   RO         1680    i.HAL_NVIC_SetPriorityGrouping  stm32f1xx_hal_cortex.o
    0x08000d44   0x08000d44   0x0000003c   Code   RO          970    i.HAL_PCDEx_PMAConfig  stm32f1xx_hal_pcd_ex.o
    0x08000d80   0x08000d80   0x00000002   Code   RO         6902    i.HAL_PCDEx_SetConnectionState  usbd_conf.o
    0x08000d82   0x08000d82   0x00000012   Code   RO         6904    i.HAL_PCD_DataInStageCallback  usbd_conf.o
    0x08000d94   0x08000d94   0x00000014   Code   RO         6905    i.HAL_PCD_DataOutStageCallback  usbd_conf.o
    0x08000da8   0x08000da8   0x0000004c   Code   RO          741    i.HAL_PCD_EP_Close  stm32f1xx_hal_pcd.o
    0x08000df4   0x08000df4   0x0000005c   Code   RO          742    i.HAL_PCD_EP_ClrStall  stm32f1xx_hal_pcd.o
    0x08000e50   0x08000e50   0x000000e6   Code   RO          743    i.HAL_PCD_EP_DB_Receive  stm32f1xx_hal_pcd.o
    0x08000f36   0x08000f36   0x00000338   Code   RO          744    i.HAL_PCD_EP_DB_Transmit  stm32f1xx_hal_pcd.o
    0x0800126e   0x0800126e   0x00000034   Code   RO          745    i.HAL_PCD_EP_Flush  stm32f1xx_hal_pcd.o
    0x080012a2   0x080012a2   0x00000012   Code   RO          746    i.HAL_PCD_EP_GetRxCount  stm32f1xx_hal_pcd.o
    0x080012b4   0x080012b4   0x0000005a   Code   RO          747    i.HAL_PCD_EP_Open   stm32f1xx_hal_pcd.o
    0x0800130e   0x0800130e   0x0000002e   Code   RO          748    i.HAL_PCD_EP_Receive  stm32f1xx_hal_pcd.o
    0x0800133c   0x0800133c   0x00000072   Code   RO          749    i.HAL_PCD_EP_SetStall  stm32f1xx_hal_pcd.o
    0x080013ae   0x080013ae   0x00000030   Code   RO          750    i.HAL_PCD_EP_Transmit  stm32f1xx_hal_pcd.o
    0x080013de   0x080013de   0x00000002   PAD
    0x080013e0   0x080013e0   0x00000134   Code   RO          752    i.HAL_PCD_IRQHandler  stm32f1xx_hal_pcd.o
    0x08001514   0x08001514   0x000000da   Code   RO          755    i.HAL_PCD_Init      stm32f1xx_hal_pcd.o
    0x080015ee   0x080015ee   0x00000002   PAD
    0x080015f0   0x080015f0   0x0000003c   Code   RO         6910    i.HAL_PCD_MspInit   usbd_conf.o
    0x0800162c   0x0800162c   0x00000026   Code   RO         6911    i.HAL_PCD_ResetCallback  usbd_conf.o
    0x08001652   0x08001652   0x00000008   Code   RO         6912    i.HAL_PCD_ResumeCallback  usbd_conf.o
    0x0800165a   0x0800165a   0x00000008   Code   RO         6913    i.HAL_PCD_SOFCallback  usbd_conf.o
    0x08001662   0x08001662   0x00000028   Code   RO          761    i.HAL_PCD_SetAddress  stm32f1xx_hal_pcd.o
    0x0800168a   0x0800168a   0x0000000e   Code   RO         6914    i.HAL_PCD_SetupStageCallback  usbd_conf.o
    0x08001698   0x08001698   0x00000032   Code   RO          763    i.HAL_PCD_Start     stm32f1xx_hal_pcd.o
    0x080016ca   0x080016ca   0x00000002   PAD
    0x080016cc   0x080016cc   0x00000024   Code   RO         6915    i.HAL_PCD_SuspendCallback  usbd_conf.o
    0x080016f0   0x080016f0   0x000000ec   Code   RO         1475    i.HAL_RCCEx_PeriphCLKConfig  stm32f1xx_hal_rcc_ex.o
    0x080017dc   0x080017dc   0x0000012c   Code   RO         1371    i.HAL_RCC_ClockConfig  stm32f1xx_hal_rcc.o
    0x08001908   0x08001908   0x00000040   Code   RO         1375    i.HAL_RCC_GetClockConfig  stm32f1xx_hal_rcc.o
    0x08001948   0x08001948   0x00000020   Code   RO         1378    i.HAL_RCC_GetPCLK1Freq  stm32f1xx_hal_rcc.o
    0x08001968   0x08001968   0x00000020   Code   RO         1379    i.HAL_RCC_GetPCLK2Freq  stm32f1xx_hal_rcc.o
    0x08001988   0x08001988   0x0000004c   Code   RO         1380    i.HAL_RCC_GetSysClockFreq  stm32f1xx_hal_rcc.o
    0x080019d4   0x080019d4   0x00000320   Code   RO         1383    i.HAL_RCC_OscConfig  stm32f1xx_hal_rcc.o
    0x08001cf4   0x08001cf4   0x000000b2   Code   RO         2621    i.HAL_SPI_Init      stm32f1xx_hal_spi.o
    0x08001da6   0x08001da6   0x00000002   PAD
    0x08001da8   0x08001da8   0x00000070   Code   RO          455    i.HAL_SPI_MspInit   spi.o
    0x08001e18   0x08001e18   0x000001ee   Code   RO         2630    i.HAL_SPI_TransmitReceive  stm32f1xx_hal_spi.o
    0x08002006   0x08002006   0x00000002   Code   RO         3638    i.HAL_TIMEx_BreakCallback  stm32f1xx_hal_tim_ex.o
    0x08002008   0x08002008   0x00000002   Code   RO         3639    i.HAL_TIMEx_CommutCallback  stm32f1xx_hal_tim_ex.o
    0x0800200a   0x0800200a   0x0000005a   Code   RO         2934    i.HAL_TIM_Base_Init  stm32f1xx_hal_tim.o
    0x08002064   0x08002064   0x00000002   Code   RO         2936    i.HAL_TIM_Base_MspInit  stm32f1xx_hal_tim.o
    0x08002066   0x08002066   0x00000002   PAD
    0x08002068   0x08002068   0x0000006c   Code   RO         2939    i.HAL_TIM_Base_Start_IT  stm32f1xx_hal_tim.o
    0x080020d4   0x080020d4   0x00000002   Code   RO         2968    i.HAL_TIM_IC_CaptureCallback  stm32f1xx_hal_tim.o
    0x080020d6   0x080020d6   0x00000166   Code   RO         2982    i.HAL_TIM_IRQHandler  stm32f1xx_hal_tim.o
    0x0800223c   0x0800223c   0x00000002   Code   RO         2985    i.HAL_TIM_OC_DelayElapsedCallback  stm32f1xx_hal_tim.o
    0x0800223e   0x0800223e   0x00000002   Code   RO         3012    i.HAL_TIM_PWM_PulseFinishedCallback  stm32f1xx_hal_tim.o
    0x08002240   0x08002240   0x00000014   Code   RO           22    i.HAL_TIM_PeriodElapsedCallback  main.o
    0x08002254   0x08002254   0x00000002   Code   RO         3025    i.HAL_TIM_TriggerCallback  stm32f1xx_hal_tim.o
    0x08002256   0x08002256   0x00000002   Code   RO         3917    i.HAL_UARTEx_RxEventCallback  stm32f1xx_hal_uart.o
    0x08002258   0x08002258   0x00000002   Code   RO         3931    i.HAL_UART_ErrorCallback  stm32f1xx_hal_uart.o
    0x0800225a   0x0800225a   0x00000002   PAD
    0x0800225c   0x0800225c   0x0000026c   Code   RO         3934    i.HAL_UART_IRQHandler  stm32f1xx_hal_uart.o
    0x080024c8   0x080024c8   0x00000064   Code   RO         3935    i.HAL_UART_Init     stm32f1xx_hal_uart.o
    0x0800252c   0x0800252c   0x00000128   Code   RO          497    i.HAL_UART_MspInit  usart.o
    0x08002654   0x08002654   0x0000001c   Code   RO         3940    i.HAL_UART_Receive_IT  stm32f1xx_hal_uart.o
    0x08002670   0x08002670   0x0000004c   Code   RO           23    i.HAL_UART_RxCpltCallback  main.o
    0x080026bc   0x080026bc   0x0000009a   Code   RO         3943    i.HAL_UART_Transmit  stm32f1xx_hal_uart.o
    0x08002756   0x08002756   0x00000002   Code   RO         3946    i.HAL_UART_TxCpltCallback  stm32f1xx_hal_uart.o
    0x08002758   0x08002758   0x00000002   Code   RO          552    i.HardFault_Handler  stm32f1xx_it.o
    0x0800275a   0x0800275a   0x0000002e   Code   RO         2227    i.I2C_IsAcknowledgeFailed  stm32f1xx_hal_i2c.o
    0x08002788   0x08002788   0x000000a8   Code   RO         2238    i.I2C_RequestMemoryWrite  stm32f1xx_hal_i2c.o
    0x08002830   0x08002830   0x00000056   Code   RO         2242    i.I2C_WaitOnBTFFlagUntilTimeout  stm32f1xx_hal_i2c.o
    0x08002886   0x08002886   0x00000002   PAD
    0x08002888   0x08002888   0x00000090   Code   RO         2243    i.I2C_WaitOnFlagUntilTimeout  stm32f1xx_hal_i2c.o
    0x08002918   0x08002918   0x000000bc   Code   RO         2244    i.I2C_WaitOnMasterAddressFlagUntilTimeout  stm32f1xx_hal_i2c.o
    0x080029d4   0x080029d4   0x00000056   Code   RO         2246    i.I2C_WaitOnTXEFlagUntilTimeout  stm32f1xx_hal_i2c.o
    0x08002a2a   0x08002a2a   0x00000002   PAD
    0x08002a2c   0x08002a2c   0x00000038   Code   RO         6750    i.IntToUnicode      usbd_desc.o
    0x08002a64   0x08002a64   0x00000042   Code   RO         7462    i.MSC_BOT_Abort     usbd_msc_bot.o
    0x08002aa6   0x08002aa6   0x00000002   PAD
    0x08002aa8   0x08002aa8   0x000000cc   Code   RO         7463    i.MSC_BOT_CBW_Decode  usbd_msc_bot.o
    0x08002b74   0x08002b74   0x0000002a   Code   RO         7464    i.MSC_BOT_CplClrFeature  usbd_msc_bot.o
    0x08002b9e   0x08002b9e   0x0000003a   Code   RO         7465    i.MSC_BOT_DataIn    usbd_msc_bot.o
    0x08002bd8   0x08002bd8   0x0000003a   Code   RO         7466    i.MSC_BOT_DataOut   usbd_msc_bot.o
    0x08002c12   0x08002c12   0x0000000a   Code   RO         7467    i.MSC_BOT_DeInit    usbd_msc_bot.o
    0x08002c1c   0x08002c1c   0x00000042   Code   RO         7468    i.MSC_BOT_Init      usbd_msc_bot.o
    0x08002c5e   0x08002c5e   0x00000016   Code   RO         7469    i.MSC_BOT_Reset     usbd_msc_bot.o
    0x08002c74   0x08002c74   0x0000003c   Code   RO         7470    i.MSC_BOT_SendCSW   usbd_msc_bot.o
    0x08002cb0   0x08002cb0   0x0000001c   Code   RO         6054    i.MX_FATFS_Init     fatfs.o
    0x08002ccc   0x08002ccc   0x00000040   Code   RO          333    i.MX_FREERTOS_Init  freertos.o
    0x08002d0c   0x08002d0c   0x000000f0   Code   RO          305    i.MX_GPIO_Init      gpio.o
    0x08002dfc   0x08002dfc   0x00000040   Code   RO          414    i.MX_I2C1_Init      i2c.o
    0x08002e3c   0x08002e3c   0x00000048   Code   RO          456    i.MX_SPI1_Init      spi.o
    0x08002e84   0x08002e84   0x00000038   Code   RO          498    i.MX_USART1_UART_Init  usart.o
    0x08002ebc   0x08002ebc   0x00000038   Code   RO          499    i.MX_USART2_UART_Init  usart.o
    0x08002ef4   0x08002ef4   0x00000038   Code   RO          500    i.MX_USART3_UART_Init  usart.o
    0x08002f2c   0x08002f2c   0x00000054   Code   RO         6695    i.MX_USB_DEVICE_Init  usb_device.o
    0x08002f80   0x08002f80   0x00000002   Code   RO          553    i.MemManage_Handler  stm32f1xx_it.o
    0x08002f82   0x08002f82   0x00000002   Code   RO          554    i.NMI_Handler       stm32f1xx_it.o
    0x08002f84   0x08002f84   0x0000002c   Code   RO         5925    i.OLED_Clear        oled.o
    0x08002fb0   0x08002fb0   0x0000004c   Code   RO         5927    i.OLED_Refresh      oled.o
    0x08002ffc   0x08002ffc   0x00000044   Code   RO         5928    i.OLED_ShowChar     oled.o
    0x08003040   0x08003040   0x00000036   Code   RO         5929    i.OLED_ShowString   oled.o
    0x08003076   0x08003076   0x00000002   PAD
    0x08003078   0x08003078   0x00000024   Code   RO         5930    i.OLED_WR_Cmd       oled.o
    0x0800309c   0x0800309c   0x000003ac   Code   RO          767    i.PCD_EP_ISR_Handler  stm32f1xx_hal_pcd.o
    0x08003448   0x08003448   0x00000022   Code   RO         7558    i.SCSI_CheckAddressRange  usbd_msc_scsi.o
    0x0800346a   0x0800346a   0x00000002   PAD
    0x0800346c   0x0800346c   0x000001d0   Code   RO         7559    i.SCSI_ProcessCmd   usbd_msc_scsi.o
    0x0800363c   0x0800363c   0x00000096   Code   RO         7560    i.SCSI_ProcessRead  usbd_msc_scsi.o
    0x080036d2   0x080036d2   0x000000a4   Code   RO         7561    i.SCSI_ProcessWrite  usbd_msc_scsi.o
    0x08003776   0x08003776   0x0000009a   Code   RO         7562    i.SCSI_Read10       usbd_msc_scsi.o
    0x08003810   0x08003810   0x00000056   Code   RO         7563    i.SCSI_ReadCapacity10  usbd_msc_scsi.o
    0x08003866   0x08003866   0x0000006e   Code   RO         7564    i.SCSI_ReadFormatCapacity  usbd_msc_scsi.o
    0x080038d4   0x080038d4   0x00000034   Code   RO         7565    i.SCSI_SenseCode    usbd_msc_scsi.o
    0x08003908   0x08003908   0x000000be   Code   RO         7566    i.SCSI_Write10      usbd_msc_scsi.o
    0x080039c6   0x080039c6   0x00000020   Code   RO         2659    i.SPI_EndRxTxTransaction  stm32f1xx_hal_spi.o
    0x080039e6   0x080039e6   0x00000002   PAD
    0x080039e8   0x080039e8   0x00000058   Code   RO         5988    i.SPI_FLASH_BufferRead  bsp_spi_flash.o
    0x08003a40   0x08003a40   0x000000bc   Code   RO         5989    i.SPI_FLASH_BufferWrite  bsp_spi_flash.o
    0x08003afc   0x08003afc   0x0000005c   Code   RO         5990    i.SPI_FLASH_PageWrite  bsp_spi_flash.o
    0x08003b58   0x08003b58   0x00000040   Code   RO         5991    i.SPI_FLASH_ReadID  bsp_spi_flash.o
    0x08003b98   0x08003b98   0x0000004c   Code   RO         5992    i.SPI_FLASH_SectorErase  bsp_spi_flash.o
    0x08003be4   0x08003be4   0x00000028   Code   RO         5993    i.SPI_FLASH_SendByte  bsp_spi_flash.o
    0x08003c0c   0x08003c0c   0x00000030   Code   RO         5994    i.SPI_FLASH_WaitForWriteEnd  bsp_spi_flash.o
    0x08003c3c   0x08003c3c   0x00000028   Code   RO         5995    i.SPI_FLASH_WriteEnable  bsp_spi_flash.o
    0x08003c64   0x08003c64   0x000000b8   Code   RO         2664    i.SPI_WaitFlagStateUntilTimeout  stm32f1xx_hal_spi.o
    0x08003d1c   0x08003d1c   0x0000000e   Code   RO         6836    i.STORAGE_GetCapacity_FS  usbd_storage_if.o
    0x08003d2a   0x08003d2a   0x00000004   Code   RO         6837    i.STORAGE_GetMaxLun_FS  usbd_storage_if.o
    0x08003d2e   0x08003d2e   0x00000004   Code   RO         6838    i.STORAGE_Init_FS   usbd_storage_if.o
    0x08003d32   0x08003d32   0x00000004   Code   RO         6839    i.STORAGE_IsReady_FS  usbd_storage_if.o
    0x08003d36   0x08003d36   0x00000004   Code   RO         6840    i.STORAGE_IsWriteProtected_FS  usbd_storage_if.o
    0x08003d3a   0x08003d3a   0x00000018   Code   RO         6841    i.STORAGE_Read_FS   usbd_storage_if.o
    0x08003d52   0x08003d52   0x00000002   PAD
    0x08003d54   0x08003d54   0x00000084   Code   RO         6842    i.STORAGE_Write_FS  usbd_storage_if.o
    0x08003dd8   0x08003dd8   0x0000002c   Code   RO         5846    i.SysTick_Handler   port.o
    0x08003e04   0x08003e04   0x00000078   Code   RO           24    i.SystemClock_Config  main.o
    0x08003e7c   0x08003e7c   0x00000002   Code   RO         4269    i.SystemInit        system_stm32f1xx.o
    0x08003e7e   0x08003e7e   0x00000002   PAD
    0x08003e80   0x08003e80   0x0000000c   Code   RO          555    i.TIM4_IRQHandler   stm32f1xx_it.o
    0x08003e8c   0x08003e8c   0x0000008c   Code   RO         3027    i.TIM_Base_SetConfig  stm32f1xx_hal_tim.o
    0x08003f18   0x08003f18   0x00000010   Code   RO         3948    i.UART_DMAAbortOnError  stm32f1xx_hal_uart.o
    0x08003f28   0x08003f28   0x0000004e   Code   RO         3958    i.UART_EndRxTransfer  stm32f1xx_hal_uart.o
    0x08003f76   0x08003f76   0x000000c2   Code   RO         3960    i.UART_Receive_IT   stm32f1xx_hal_uart.o
    0x08004038   0x08004038   0x000000b8   Code   RO         3961    i.UART_SetConfig    stm32f1xx_hal_uart.o
    0x080040f0   0x080040f0   0x00000036   Code   RO         3963    i.UART_Start_Receive_IT  stm32f1xx_hal_uart.o
    0x08004126   0x08004126   0x00000078   Code   RO         3964    i.UART_WaitOnFlagUntilTimeout  stm32f1xx_hal_uart.o
    0x0800419e   0x0800419e   0x00000002   PAD
    0x080041a0   0x080041a0   0x0000000c   Code   RO          556    i.USART2_IRQHandler  stm32f1xx_it.o
    0x080041ac   0x080041ac   0x0000000c   Code   RO          557    i.USART3_IRQHandler  stm32f1xx_it.o
    0x080041b8   0x080041b8   0x0000000e   Code   RO         7114    i.USBD_ClrClassConfig  usbd_core.o
    0x080041c6   0x080041c6   0x00000010   Code   RO         7317    i.USBD_CtlContinueRx  usbd_ioreq.o
    0x080041d6   0x080041d6   0x00000010   Code   RO         7318    i.USBD_CtlContinueSendData  usbd_ioreq.o
    0x080041e6   0x080041e6   0x00000016   Code   RO         7252    i.USBD_CtlError     usbd_ctlreq.o
    0x080041fc   0x080041fc   0x00000016   Code   RO         7320    i.USBD_CtlReceiveStatus  usbd_ioreq.o
    0x08004212   0x08004212   0x0000001a   Code   RO         7321    i.USBD_CtlSendData  usbd_ioreq.o
    0x0800422c   0x0800422c   0x00000016   Code   RO         7322    i.USBD_CtlSendStatus  usbd_ioreq.o
    0x08004242   0x08004242   0x00000002   PAD
    0x08004244   0x08004244   0x00000020   Code   RO         6751    i.USBD_FS_ConfigStrDescriptor  usbd_desc.o
    0x08004264   0x08004264   0x0000000c   Code   RO         6752    i.USBD_FS_DeviceDescriptor  usbd_desc.o
    0x08004270   0x08004270   0x00000024   Code   RO         6753    i.USBD_FS_InterfaceStrDescriptor  usbd_desc.o
    0x08004294   0x08004294   0x0000000c   Code   RO         6754    i.USBD_FS_LangIDStrDescriptor  usbd_desc.o
    0x080042a0   0x080042a0   0x00000028   Code   RO         6755    i.USBD_FS_ManufacturerStrDescriptor  usbd_desc.o
    0x080042c8   0x080042c8   0x00000028   Code   RO         6756    i.USBD_FS_ProductStrDescriptor  usbd_desc.o
    0x080042f0   0x080042f0   0x00000038   Code   RO         6757    i.USBD_FS_SerialStrDescriptor  usbd_desc.o
    0x08004328   0x08004328   0x000000e8   Code   RO         7253    i.USBD_GetDescriptor  usbd_ctlreq.o
    0x08004410   0x08004410   0x00000048   Code   RO         7254    i.USBD_GetString    usbd_ctlreq.o
    0x08004458   0x08004458   0x00000018   Code   RO         6916    i.USBD_Get_USB_Status  usbd_conf.o
    0x08004470   0x08004470   0x0000002a   Code   RO         7116    i.USBD_Init         usbd_core.o
    0x0800449a   0x0800449a   0x00000012   Code   RO         6917    i.USBD_LL_ClearStallEP  usbd_conf.o
    0x080044ac   0x080044ac   0x00000012   Code   RO         6918    i.USBD_LL_CloseEP   usbd_conf.o
    0x080044be   0x080044be   0x000000c6   Code   RO         7117    i.USBD_LL_DataInStage  usbd_core.o
    0x08004584   0x08004584   0x00000082   Code   RO         7118    i.USBD_LL_DataOutStage  usbd_core.o
    0x08004606   0x08004606   0x00000012   Code   RO         6921    i.USBD_LL_FlushEP   usbd_conf.o
    0x08004618   0x08004618   0x00000008   Code   RO         6922    i.USBD_LL_GetRxDataSize  usbd_conf.o
    0x08004620   0x08004620   0x00000070   Code   RO         6923    i.USBD_LL_Init      usbd_conf.o
    0x08004690   0x08004690   0x00000020   Code   RO         6924    i.USBD_LL_IsStallEP  usbd_conf.o
    0x080046b0   0x080046b0   0x00000018   Code   RO         6925    i.USBD_LL_OpenEP    usbd_conf.o
    0x080046c8   0x080046c8   0x00000012   Code   RO         6926    i.USBD_LL_PrepareReceive  usbd_conf.o
    0x080046da   0x080046da   0x00000050   Code   RO         7123    i.USBD_LL_Reset     usbd_core.o
    0x0800472a   0x0800472a   0x00000014   Code   RO         7124    i.USBD_LL_Resume    usbd_core.o
    0x0800473e   0x0800473e   0x00000018   Code   RO         7125    i.USBD_LL_SOF       usbd_core.o
    0x08004756   0x08004756   0x00000006   Code   RO         7126    i.USBD_LL_SetSpeed  usbd_core.o
    0x0800475c   0x0800475c   0x00000012   Code   RO         6927    i.USBD_LL_SetUSBAddress  usbd_conf.o
    0x0800476e   0x0800476e   0x0000005a   Code   RO         7127    i.USBD_LL_SetupStage  usbd_core.o
    0x080047c8   0x080047c8   0x00000012   Code   RO         6928    i.USBD_LL_StallEP   usbd_conf.o
    0x080047da   0x080047da   0x00000012   Code   RO         6929    i.USBD_LL_Start     usbd_conf.o
    0x080047ec   0x080047ec   0x00000012   Code   RO         7128    i.USBD_LL_Suspend   usbd_core.o
    0x080047fe   0x080047fe   0x00000012   Code   RO         6931    i.USBD_LL_Transmit  usbd_conf.o
    0x08004810   0x08004810   0x0000000a   Code   RO         7377    i.USBD_MSC_DataIn   usbd_msc.o
    0x0800481a   0x0800481a   0x0000000a   Code   RO         7378    i.USBD_MSC_DataOut  usbd_msc.o
    0x08004824   0x08004824   0x00000032   Code   RO         7379    i.USBD_MSC_DeInit   usbd_msc.o
    0x08004856   0x08004856   0x00000002   PAD
    0x08004858   0x08004858   0x0000000c   Code   RO         7380    i.USBD_MSC_GetDeviceQualifierDescriptor  usbd_msc.o
    0x08004864   0x08004864   0x0000000c   Code   RO         7381    i.USBD_MSC_GetFSCfgDesc  usbd_msc.o
    0x08004870   0x08004870   0x0000000c   Code   RO         7382    i.USBD_MSC_GetHSCfgDesc  usbd_msc.o
    0x0800487c   0x0800487c   0x0000000c   Code   RO         7383    i.USBD_MSC_GetOtherSpeedCfgDesc  usbd_msc.o
    0x08004888   0x08004888   0x0000005c   Code   RO         7384    i.USBD_MSC_Init     usbd_msc.o
    0x080048e4   0x080048e4   0x0000000a   Code   RO         7385    i.USBD_MSC_RegisterStorage  usbd_msc.o
    0x080048ee   0x080048ee   0x00000116   Code   RO         7386    i.USBD_MSC_Setup    usbd_msc.o
    0x08004a04   0x08004a04   0x00000028   Code   RO         7255    i.USBD_ParseSetupRequest  usbd_ctlreq.o
    0x08004a2c   0x08004a2c   0x00000010   Code   RO         7129    i.USBD_RegisterClass  usbd_core.o
    0x08004a3c   0x08004a3c   0x00000016   Code   RO         7131    i.USBD_SetClassConfig  usbd_core.o
    0x08004a52   0x08004a52   0x00000002   PAD
    0x08004a54   0x08004a54   0x00000084   Code   RO         7256    i.USBD_SetConfig    usbd_ctlreq.o
    0x08004ad8   0x08004ad8   0x0000000a   Code   RO         7132    i.USBD_Start        usbd_core.o
    0x08004ae2   0x08004ae2   0x00000112   Code   RO         7257    i.USBD_StdDevReq    usbd_ctlreq.o
    0x08004bf4   0x08004bf4   0x00000150   Code   RO         7258    i.USBD_StdEPReq     usbd_ctlreq.o
    0x08004d44   0x08004d44   0x0000004e   Code   RO         7259    i.USBD_StdItfReq    usbd_ctlreq.o
    0x08004d92   0x08004d92   0x00000002   Code   RO         6932    i.USBD_static_free  usbd_conf.o
    0x08004d94   0x08004d94   0x00000008   Code   RO         6933    i.USBD_static_malloc  usbd_conf.o
    0x08004d9c   0x08004d9c   0x0000029c   Code   RO         1010    i.USB_ActivateEndpoint  stm32f1xx_ll_usb.o
    0x08005038   0x08005038   0x00000004   Code   RO         1013    i.USB_CoreInit      stm32f1xx_ll_usb.o
    0x0800503c   0x0800503c   0x0000010e   Code   RO         1015    i.USB_DeactivateEndpoint  stm32f1xx_ll_usb.o
    0x0800514a   0x0800514a   0x00000004   Code   RO         1016    i.USB_DevConnect    stm32f1xx_ll_usb.o
    0x0800514e   0x0800514e   0x00000004   Code   RO         1017    i.USB_DevDisconnect  stm32f1xx_ll_usb.o
    0x08005152   0x08005152   0x00000012   Code   RO         1018    i.USB_DevInit       stm32f1xx_ll_usb.o
    0x08005164   0x08005164   0x0000000e   Code   RO         1019    i.USB_DisableGlobalInt  stm32f1xx_ll_usb.o
    0x08005172   0x08005172   0x00000004   Code   RO         1020    i.USB_EP0_OutStart  stm32f1xx_ll_usb.o
    0x08005176   0x08005176   0x00000078   Code   RO         1021    i.USB_EPClearStall  stm32f1xx_ll_usb.o
    0x080051ee   0x080051ee   0x00000032   Code   RO         1022    i.USB_EPSetStall    stm32f1xx_ll_usb.o
    0x08005220   0x08005220   0x000004e2   Code   RO         1023    i.USB_EPStartXfer   stm32f1xx_ll_usb.o
    0x08005702   0x08005702   0x00000012   Code   RO         1025    i.USB_EnableGlobalInt  stm32f1xx_ll_usb.o
    0x08005714   0x08005714   0x00000004   Code   RO         1026    i.USB_FlushRxFifo   stm32f1xx_ll_usb.o
    0x08005718   0x08005718   0x00000004   Code   RO         1027    i.USB_FlushTxFifo   stm32f1xx_ll_usb.o
    0x0800571c   0x0800571c   0x0000000c   Code   RO          558    i.USB_LP_CAN1_RX0_IRQHandler  stm32f1xx_it.o
    0x08005728   0x08005728   0x00000006   Code   RO         1032    i.USB_ReadInterrupts  stm32f1xx_ll_usb.o
    0x0800572e   0x0800572e   0x00000002   PAD
    0x08005730   0x08005730   0x0000002c   Code   RO         1033    i.USB_ReadPMA       stm32f1xx_ll_usb.o
    0x0800575c   0x0800575c   0x00000004   Code   RO         1034    i.USB_SetCurrentMode  stm32f1xx_ll_usb.o
    0x08005760   0x08005760   0x0000000c   Code   RO         1035    i.USB_SetDevAddress  stm32f1xx_ll_usb.o
    0x0800576c   0x0800576c   0x00000026   Code   RO         1037    i.USB_WritePMA      stm32f1xx_ll_usb.o
    0x08005792   0x08005792   0x00000002   PAD
    0x08005794   0x08005794   0x00000030   Code   RO         6636    i.USER_initialize   user_diskio.o
    0x080057c4   0x080057c4   0x00000038   Code   RO         6637    i.USER_ioctl        user_diskio.o
    0x080057fc   0x080057fc   0x00000028   Code   RO         6638    i.USER_read         user_diskio.o
    0x08005824   0x08005824   0x0000000c   Code   RO         6639    i.USER_status       user_diskio.o
    0x08005830   0x08005830   0x000000a4   Code   RO         6640    i.USER_write        user_diskio.o
    0x080058d4   0x080058d4   0x00000002   Code   RO          559    i.UsageFault_Handler  stm32f1xx_it.o
    0x080058d6   0x080058d6   0x00000020   Code   RO         1686    i.__NVIC_SetPriority  stm32f1xx_hal_cortex.o
    0x080058f6   0x080058f6   0x0000000e   Code   RO         7655    i.__scatterload_copy  mc_w.l(handlers.o)
    0x08005904   0x08005904   0x00000002   Code   RO         7656    i.__scatterload_null  mc_w.l(handlers.o)
    0x08005906   0x08005906   0x0000000e   Code   RO         7657    i.__scatterload_zeroinit  mc_w.l(handlers.o)
    0x08005914   0x08005914   0x00000044   Code   RO           26    i.main              main.o
    0x08005958   0x08005958   0x00000034   Code   RO         5375    i.osDelay           cmsis_os2.o
    0x0800598c   0x0800598c   0x00000038   Code   RO         5389    i.osKernelInitialize  cmsis_os2.o
    0x080059c4   0x080059c4   0x00000040   Code   RO         5392    i.osKernelStart     cmsis_os2.o
    0x08005a04   0x08005a04   0x0000007c   Code   RO         5395    i.osMessageQueueGet  cmsis_os2.o
    0x08005a80   0x08005a80   0x00000074   Code   RO         5400    i.osMessageQueueNew  cmsis_os2.o
    0x08005af4   0x08005af4   0x00000080   Code   RO         5401    i.osMessageQueuePut  cmsis_os2.o
    0x08005b74   0x08005b74   0x000000a4   Code   RO         5426    i.osThreadNew       cmsis_os2.o
    0x08005c18   0x08005c18   0x0000005c   Code   RO         4871    i.prvAddCurrentTaskToDelayedList  tasks.o
    0x08005c74   0x08005c74   0x000000d0   Code   RO         4872    i.prvAddNewTaskToReadyList  tasks.o
    0x08005d44   0x08005d44   0x00000058   Code   RO         5221    i.prvCheckForValidListAndQueue  timers.o
    0x08005d9c   0x08005d9c   0x00000026   Code   RO         4474    i.prvCopyDataFromQueue  queue.o
    0x08005dc2   0x08005dc2   0x0000006c   Code   RO         4475    i.prvCopyDataToQueue  queue.o
    0x08005e2e   0x08005e2e   0x00000034   Code   RO         4873    i.prvDeleteTCB      tasks.o
    0x08005e62   0x08005e62   0x00000002   PAD
    0x08005e64   0x08005e64   0x0000004c   Code   RO         5796    i.prvHeapInit       heap_4.o
    0x08005eb0   0x08005eb0   0x00000060   Code   RO         4874    i.prvIdleTask       tasks.o
    0x08005f10   0x08005f10   0x00000022   Code   RO         4477    i.prvInitialiseNewQueue  queue.o
    0x08005f32   0x08005f32   0x0000009c   Code   RO         4875    i.prvInitialiseNewTask  tasks.o
    0x08005fce   0x08005fce   0x00000002   PAD
    0x08005fd0   0x08005fd0   0x0000004c   Code   RO         5797    i.prvInsertBlockIntoFreeList  heap_4.o
    0x0800601c   0x0800601c   0x00000038   Code   RO         5223    i.prvInsertTimerInActiveList  timers.o
    0x08006054   0x08006054   0x0000001c   Code   RO         4478    i.prvIsQueueEmpty   queue.o
    0x08006070   0x08006070   0x000000cc   Code   RO         5224    i.prvProcessReceivedCommands  timers.o
    0x0800613c   0x0800613c   0x000000b4   Code   RO         5225    i.prvProcessTimerOrBlockTask  timers.o
    0x080061f0   0x080061f0   0x00000020   Code   RO         4877    i.prvResetNextTaskUnblockTime  tasks.o
    0x08006210   0x08006210   0x00000028   Code   RO         5226    i.prvSampleTimeNow  timers.o
    0x08006238   0x08006238   0x0000006c   Code   RO         5227    i.prvSwitchTimerLists  timers.o
    0x080062a4   0x080062a4   0x00000028   Code   RO         5847    i.prvTaskExitError  port.o
    0x080062cc   0x080062cc   0x00000024   Code   RO         5228    i.prvTimerTask      timers.o
    0x080062f0   0x080062f0   0x0000006a   Code   RO         4479    i.prvUnlockQueue    queue.o
    0x0800635a   0x0800635a   0x00000002   PAD
    0x0800635c   0x0800635c   0x000000d8   Code   RO         5798    i.pvPortMalloc      heap_4.o
    0x08006434   0x08006434   0x00000024   Code   RO         5848    i.pxPortInitialiseStack  port.o
    0x08006458   0x08006458   0x00000026   Code   RO         4434    i.uxListRemove      list.o
    0x0800647e   0x0800647e   0x00000002   PAD
    0x08006480   0x08006480   0x00000014   Code   RO         5438    i.vApplicationGetIdleTaskMemory  cmsis_os2.o
    0x08006494   0x08006494   0x00000018   Code   RO         5439    i.vApplicationGetTimerTaskMemory  cmsis_os2.o
    0x080064ac   0x080064ac   0x00000016   Code   RO         4435    i.vListInitialise   list.o
    0x080064c2   0x080064c2   0x00000006   Code   RO         4436    i.vListInitialiseItem  list.o
    0x080064c8   0x080064c8   0x00000030   Code   RO         4437    i.vListInsert       list.o
    0x080064f8   0x080064f8   0x00000018   Code   RO         4438    i.vListInsertEnd    list.o
    0x08006510   0x08006510   0x00000040   Code   RO         5850    i.vPortEnterCritical  port.o
    0x08006550   0x08006550   0x00000028   Code   RO         5851    i.vPortExitCritical  port.o
    0x08006578   0x08006578   0x0000005c   Code   RO         5799    i.vPortFree         heap_4.o
    0x080065d4   0x080065d4   0x00000024   Code   RO         5852    i.vPortSetupTimerInterrupt  port.o
    0x080065f8   0x080065f8   0x00000054   Code   RO         5853    i.vPortValidateInterruptPriority  port.o
    0x0800664c   0x0800664c   0x00000028   Code   RO         4485    i.vQueueAddToRegistry  queue.o
    0x08006674   0x08006674   0x00000044   Code   RO         4489    i.vQueueWaitForMessageRestricted  queue.o
    0x080066b8   0x080066b8   0x0000004c   Code   RO         4889    i.vTaskDelay        tasks.o
    0x08006704   0x08006704   0x00000010   Code   RO         4894    i.vTaskInternalSetTimeOutState  tasks.o
    0x08006714   0x08006714   0x0000000c   Code   RO         4895    i.vTaskMissedYield  tasks.o
    0x08006720   0x08006720   0x00000030   Code   RO         4897    i.vTaskPlaceOnEventList  tasks.o
    0x08006750   0x08006750   0x00000038   Code   RO         4898    i.vTaskPlaceOnEventListRestricted  tasks.o
    0x08006788   0x08006788   0x00000088   Code   RO         4906    i.vTaskStartScheduler  tasks.o
    0x08006810   0x08006810   0x00000010   Code   RO         4908    i.vTaskSuspendAll   tasks.o
    0x08006820   0x08006820   0x00000064   Code   RO         4909    i.vTaskSwitchContext  tasks.o
    0x08006884   0x08006884   0x000000a8   Code   RO         5854    i.xPortStartScheduler  port.o
    0x0800692c   0x0800692c   0x00000048   Code   RO         4494    i.xQueueGenericCreate  queue.o
    0x08006974   0x08006974   0x00000066   Code   RO         4495    i.xQueueGenericCreateStatic  queue.o
    0x080069da   0x080069da   0x00000002   PAD
    0x080069dc   0x080069dc   0x00000088   Code   RO         4496    i.xQueueGenericReset  queue.o
    0x08006a64   0x08006a64   0x00000160   Code   RO         4497    i.xQueueGenericSend  queue.o
    0x08006bc4   0x08006bc4   0x000000bc   Code   RO         4498    i.xQueueGenericSendFromISR  queue.o
    0x08006c80   0x08006c80   0x00000138   Code   RO         4507    i.xQueueReceive     queue.o
    0x08006db8   0x08006db8   0x0000009a   Code   RO         4508    i.xQueueReceiveFromISR  queue.o
    0x08006e52   0x08006e52   0x00000002   PAD
    0x08006e54   0x08006e54   0x00000074   Code   RO         4910    i.xTaskCheckForTimeOut  tasks.o
    0x08006ec8   0x08006ec8   0x0000005a   Code   RO         4911    i.xTaskCreate       tasks.o
    0x08006f22   0x08006f22   0x00000056   Code   RO         4912    i.xTaskCreateStatic  tasks.o
    0x08006f78   0x08006f78   0x0000001c   Code   RO         4916    i.xTaskGetSchedulerState  tasks.o
    0x08006f94   0x08006f94   0x0000000c   Code   RO         4917    i.xTaskGetTickCount  tasks.o
    0x08006fa0   0x08006fa0   0x000000c8   Code   RO         4919    i.xTaskIncrementTick  tasks.o
    0x08007068   0x08007068   0x00000080   Code   RO         4922    i.xTaskPriorityDisinherit  tasks.o
    0x080070e8   0x080070e8   0x00000070   Code   RO         4924    i.xTaskRemoveFromEventList  tasks.o
    0x08007158   0x08007158   0x000000c4   Code   RO         4925    i.xTaskResumeAll    tasks.o
    0x0800721c   0x0800721c   0x00000060   Code   RO         5235    i.xTimerCreateTimerTask  timers.o
    0x0800727c   0x0800727c   0x00000068   Code   RO         5236    i.xTimerGenericCommand  timers.o
    0x080072e4   0x080072e4   0x00000060   Data   RO          334    .constdata          freertos.o
    0x08007344   0x08007344   0x00000012   Data   RO         1384    .constdata          stm32f1xx_hal_rcc.o
    0x08007356   0x08007356   0x00000010   Data   RO         4270    .constdata          system_stm32f1xx.o
    0x08007366   0x08007366   0x00000008   Data   RO         4271    .constdata          system_stm32f1xx.o
    0x0800736e   0x0800736e   0x000005f0   Data   RO         5932    .constdata          oled.o
    0x0800795e   0x0800795e   0x00000024   Data   RO         6844    .constdata          usbd_storage_if.o
    0x08007982   0x08007982   0x00000007   Data   RO         7532    .constdata          usbd_msc_data.o
    0x08007989   0x08007989   0x00000008   Data   RO         7533    .constdata          usbd_msc_data.o
    0x08007991   0x08007991   0x00000008   Data   RO         7534    .constdata          usbd_msc_data.o
    0x08007999   0x08007999   0x00000003   PAD
    0x0800799c   0x0800799c   0x0000002f   Data   RO          337    .conststring        freertos.o
    0x080079cb   0x080079cb   0x00000001   PAD
    0x080079cc   0x080079cc   0x00000020   Data   RO         7653    Region$$Table       anon$$obj.o


    Execution Region RW_IRAM1 (Exec base: 0x20000000, Load base: 0x080079ec, Size: 0x000072a0, Max: 0x00010000, ABSOLUTE, COMPRESSED[0x000000bc])

    Exec Addr    Load Addr    Size         Type   Attr      Idx    E Section Name        Object

    0x20000000   COMPRESSED   0x00000001   Data   RW           27    .data               main.o
    0x20000001   COMPRESSED   0x00000003   PAD
    0x20000004   COMPRESSED   0x0000000c   Data   RW          340    .data               freertos.o
    0x20000010   COMPRESSED   0x0000000c   Data   RW         1221    .data               stm32f1xx_hal.o
    0x2000001c   COMPRESSED   0x00000004   Data   RW         4272    .data               system_stm32f1xx.o
    0x20000020   COMPRESSED   0x0000003c   Data   RW         4928    .data               tasks.o
    0x2000005c   COMPRESSED   0x00000014   Data   RW         5244    .data               timers.o
    0x20000070   COMPRESSED   0x00000004   Data   RW         5441    .data               cmsis_os2.o
    0x20000074   COMPRESSED   0x00000018   Data   RW         5804    .data               heap_4.o
    0x2000008c   COMPRESSED   0x0000000c   Data   RW         5855    .data               port.o
    0x20000098   COMPRESSED   0x00000005   Data   RW         6058    .data               fatfs.o
    0x2000009d   COMPRESSED   0x00000001   Data   RW         6641    .data               user_diskio.o
    0x2000009e   COMPRESSED   0x00000002   PAD
    0x200000a0   COMPRESSED   0x00000014   Data   RW         6642    .data               user_diskio.o
    0x200000b4   COMPRESSED   0x0000001c   Data   RW         6759    .data               usbd_desc.o
    0x200000d0   COMPRESSED   0x00000032   Data   RW         6760    .data               usbd_desc.o
    0x20000102   COMPRESSED   0x00000002   PAD
    0x20000104   COMPRESSED   0x00000020   Data   RW         6845    .data               usbd_storage_if.o
    0x20000124   COMPRESSED   0x00000001   Data   RW         7260    .data               usbd_ctlreq.o
    0x20000125   COMPRESSED   0x00000003   PAD
    0x20000128   COMPRESSED   0x00000038   Data   RW         7387    .data               usbd_msc.o
    0x20000160   COMPRESSED   0x0000006a   Data   RW         7388    .data               usbd_msc.o
    0x200001ca   COMPRESSED   0x00000002   PAD
    0x200001cc        -       0x00000054   Zero   RW          415    .bss                i2c.o
    0x20000220        -       0x00000058   Zero   RW          457    .bss                spi.o
    0x20000278        -       0x000000d8   Zero   RW          501    .bss                usart.o
    0x20000350        -       0x00000048   Zero   RW          659    .bss                stm32f1xx_hal_timebase_tim.o
    0x20000398        -       0x00000040   Zero   RW         4511    .bss                queue.o
    0x200003d8        -       0x000004c4   Zero   RW         4927    .bss                tasks.o
    0x2000089c        -       0x00000118   Zero   RW         5243    .bss                timers.o
    0x200009b4        -       0x000006b8   Zero   RW         5440    .bss                cmsis_os2.o
    0x2000106c        -       0x00004000   Zero   RW         5803    .bss                heap_4.o
    0x2000506c        -       0x00000400   Zero   RW         5931    .bss                oled.o
    0x2000546c        -       0x0000000c   Zero   RW         6498    .bss                ff_gen_drv.o
    0x20005478        -       0x000002c4   Zero   RW         6696    .bss                usb_device.o
    0x2000573c        -       0x00000200   Zero   RW         6758    .bss                usbd_desc.o
    0x2000593c        -       0x00001000   Zero   RW         6843    .bss                usbd_storage_if.o
    0x2000693c        -       0x00000560   Zero   RW         6934    .bss                usbd_conf.o
    0x20006e9c   COMPRESSED   0x00000004   PAD
    0x20006ea0        -       0x00000400   Zero   RW            1    STACK               startup_stm32f103xe.o


==============================================================================

Image component sizes


      Code (inc. data)   RO Data    RW Data    ZI Data      Debug   Object Name

       636         36          0          0          0       5518   bsp_spi_flash.o
       748         54          0          4       1720      18126   cmsis_os2.o
         0          0          0          0          0      20392   event_groups.o
        28         10          0          5          0       1154   fatfs.o
        70          4          0          0         12       1675   ff_gen_drv.o
       360         50        143         12          0       5901   freertos.o
       240         22          0          0          0       1059   gpio.o
       460         24          0         24      16384       4875   heap_4.o
       156         26          0          0         84       1753   i2c.o
       138          0          0          0          0       3602   list.o
       496         68          0          1          0     539262   main.o
       278         30       1520          0       1024       4188   oled.o
       662         70          0         12          0      11181   port.o
      1738         20          0          0         64      19925   queue.o
       184         24          0          0         88       1777   spi.o
        36          8        304          0       1024        832   startup_stm32f103xe.o
        64         14          0         12          0       5430   stm32f1xx_hal.o
       158         14          0          0          0      28362   stm32f1xx_hal_cortex.o
       374          8          0          0          0       1927   stm32f1xx_hal_dma.o
       524         42          0          0          0       3655   stm32f1xx_hal_gpio.o
      1414         32          0          0          0       9655   stm32f1xx_hal_i2c.o
        72         10          0          0          0        930   stm32f1xx_hal_msp.o
      3146          0          0          0          0      15516   stm32f1xx_hal_pcd.o
        60          0          0          0          0       1238   stm32f1xx_hal_pcd_ex.o
      1304         94         18          0          0       5961   stm32f1xx_hal_rcc.o
       236         12          0          0          0       1444   stm32f1xx_hal_rcc_ex.o
       888          4          0          0          0       4901   stm32f1xx_hal_spi.o
       706         40          0          0          0       7408   stm32f1xx_hal_tim.o
         4          0          0          0          0       1677   stm32f1xx_hal_tim_ex.o
       152         20          0          0         72       1571   stm32f1xx_hal_timebase_tim.o
      1554         10          0          0          0      11312   stm32f1xx_hal_uart.o
        60         24          0          0          0       4652   stm32f1xx_it.o
      2536          0          0          0          0      17787   stm32f1xx_ll_usb.o
         0          0          0          0          0       8988   stream_buffer.o
         2          0         24          4          0       1211   system_stm32f1xx.o
      2064        170          0         60       1220      24016   tasks.o
       912         82          0         20        280      26499   timers.o
       464         50          0          0        216       3232   usart.o
        84         18          0          0        708       6165   usb_device.o
       558         28          0          0       1376      15619   usbd_conf.o
       670          0          0          0          0       9899   usbd_core.o
      1186         28          0          1          0       8192   usbd_ctlreq.o
       284        100          0         78        512       6229   usbd_desc.o
       102          0          0          0          0       3836   usbd_ioreq.o
       498         16          0        162          0       9640   usbd_msc.o
       586         10          0          0          0       7413   usbd_msc_bot.o
         0          0         23          0          0        949   usbd_msc_data.o
      1404         12          0          0          0      10391   usbd_msc_scsi.o
       186          6         36         32       4096       5083   usbd_storage_if.o
       320         30          0         21          0       4620   user_diskio.o

    ----------------------------------------------------------------------
     28862       1320       2104        460      28884     916628   Object Totals
         0          0         32          0          0          0   (incl. Generated)
        60          0          4         12          4          0   (incl. Padding)

    ----------------------------------------------------------------------

      Code (inc. data)   RO Data    RW Data    ZI Data      Debug   Library Member Name

        86          0          0          0          0          0   __dczerorl2.o
         0          0          0          0          0          0   entry.o
         0          0          0          0          0          0   entry10a.o
         0          0          0          0          0          0   entry11a.o
         8          4          0          0          0          0   entry2.o
         4          0          0          0          0          0   entry5.o
         0          0          0          0          0          0   entry7b.o
         0          0          0          0          0          0   entry8b.o
         8          4          0          0          0          0   entry9a.o
        30          0          0          0          0          0   handlers.o
        36          8          0          0          0         68   init.o
        36          0          0          0          0         68   memcpya.o
        36          0          0          0          0        108   memseta.o

    ----------------------------------------------------------------------
       246         16          0          0          0        244   Library Totals
         2          0          0          0          0          0   (incl. Padding)

    ----------------------------------------------------------------------

      Code (inc. data)   RO Data    RW Data    ZI Data      Debug   Library Name

       244         16          0          0          0        244   mc_w.l

    ----------------------------------------------------------------------
       246         16          0          0          0        244   Library Totals

    ----------------------------------------------------------------------

==============================================================================


      Code (inc. data)   RO Data    RW Data    ZI Data      Debug   

     29108       1336       2104        460      28884     901088   Grand Totals
     29108       1336       2104        188      28884     901088   ELF Image Totals (compressed)
     29108       1336       2104        188          0          0   ROM Totals

==============================================================================

    Total RO  Size (Code + RO Data)                31212 (  30.48kB)
    Total RW  Size (RW Data + ZI Data)             29344 (  28.66kB)
    Total ROM Size (Code + RO Data + RW Data)      31400 (  30.66kB)

==============================================================================

