Component: ARM Compiler 5.06 update 6 (build 750) Tool: armlink [4d35ed]

==============================================================================

Section Cross References

    startup_stm32f103xe.o(RESET) refers to startup_stm32f103xe.o(STACK) for __initial_sp
    startup_stm32f103xe.o(RESET) refers to startup_stm32f103xe.o(.text) for Reset_Handler
    startup_stm32f103xe.o(RESET) refers to stm32f1xx_it.o(i.NMI_Handler) for NMI_Handler
    startup_stm32f103xe.o(RESET) refers to stm32f1xx_it.o(i.HardFault_Handler) for HardFault_Handler
    startup_stm32f103xe.o(RESET) refers to stm32f1xx_it.o(i.MemManage_Handler) for MemManage_Handler
    startup_stm32f103xe.o(RESET) refers to stm32f1xx_it.o(i.BusFault_Handler) for BusFault_Handler
    startup_stm32f103xe.o(RESET) refers to stm32f1xx_it.o(i.UsageFault_Handler) for UsageFault_Handler
    startup_stm32f103xe.o(RESET) refers to port.o(.emb_text) for SVC_Handler
    startup_stm32f103xe.o(RESET) refers to stm32f1xx_it.o(i.DebugMon_Handler) for DebugMon_Handler
    startup_stm32f103xe.o(RESET) refers to port.o(i.SysTick_Handler) for SysTick_Handler
    startup_stm32f103xe.o(RESET) refers to stm32f1xx_it.o(i.USB_LP_CAN1_RX0_IRQHandler) for USB_LP_CAN1_RX0_IRQHandler
    startup_stm32f103xe.o(RESET) refers to stm32f1xx_it.o(i.TIM4_IRQHandler) for TIM4_IRQHandler
    startup_stm32f103xe.o(RESET) refers to stm32f1xx_it.o(i.USART2_IRQHandler) for USART2_IRQHandler
    startup_stm32f103xe.o(RESET) refers to stm32f1xx_it.o(i.USART3_IRQHandler) for USART3_IRQHandler
    startup_stm32f103xe.o(.text) refers to system_stm32f1xx.o(i.SystemInit) for SystemInit
    startup_stm32f103xe.o(.text) refers to entry.o(.ARM.Collect$$$$00000000) for __main
    main.o(i.BY8301_Next) refers to stm32f1xx_hal_uart.o(i.HAL_UART_Transmit) for HAL_UART_Transmit
    main.o(i.BY8301_Next) refers to usart.o(.bss) for huart3
    main.o(i.BY8301_Pause) refers to stm32f1xx_hal_uart.o(i.HAL_UART_Transmit) for HAL_UART_Transmit
    main.o(i.BY8301_Pause) refers to usart.o(.bss) for huart3
    main.o(i.BY8301_PausePlay) refers to stm32f1xx_hal_uart.o(i.HAL_UART_Transmit) for HAL_UART_Transmit
    main.o(i.BY8301_PausePlay) refers to usart.o(.bss) for huart3
    main.o(i.BY8301_Play) refers to stm32f1xx_hal_uart.o(i.HAL_UART_Transmit) for HAL_UART_Transmit
    main.o(i.BY8301_Play) refers to usart.o(.bss) for huart3
    main.o(i.BY8301_PlayIndex) refers to stm32f1xx_hal_uart.o(i.HAL_UART_Transmit) for HAL_UART_Transmit
    main.o(i.BY8301_PlayIndex) refers to usart.o(.bss) for huart3
    main.o(i.BY8301_Prev) refers to stm32f1xx_hal_uart.o(i.HAL_UART_Transmit) for HAL_UART_Transmit
    main.o(i.BY8301_Prev) refers to usart.o(.bss) for huart3
    main.o(i.BY8301_SetVolume) refers to stm32f1xx_hal_uart.o(i.HAL_UART_Transmit) for HAL_UART_Transmit
    main.o(i.BY8301_SetVolume) refers to usart.o(.bss) for huart3
    main.o(i.BY8301_Stop) refers to stm32f1xx_hal_uart.o(i.HAL_UART_Transmit) for HAL_UART_Transmit
    main.o(i.BY8301_Stop) refers to usart.o(.bss) for huart3
    main.o(i.HAL_TIM_PeriodElapsedCallback) refers to stm32f1xx_hal.o(i.HAL_IncTick) for HAL_IncTick
    main.o(i.HAL_UART_RxCpltCallback) refers to cmsis_os2.o(i.osMessageQueuePut) for osMessageQueuePut
    main.o(i.HAL_UART_RxCpltCallback) refers to stm32f1xx_hal_uart.o(i.HAL_UART_Receive_IT) for HAL_UART_Receive_IT
    main.o(i.HAL_UART_RxCpltCallback) refers to main.o(.data) for .data
    main.o(i.HAL_UART_RxCpltCallback) refers to freertos.o(.data) for AudioCmdQueueHandle
    main.o(i.HAL_UART_RxCpltCallback) refers to usart.o(.bss) for huart2
    main.o(i.SystemClock_Config) refers to memseta.o(.text) for __aeabi_memclr4
    main.o(i.SystemClock_Config) refers to stm32f1xx_hal_rcc.o(i.HAL_RCC_OscConfig) for HAL_RCC_OscConfig
    main.o(i.SystemClock_Config) refers to stm32f1xx_hal_rcc.o(i.HAL_RCC_ClockConfig) for HAL_RCC_ClockConfig
    main.o(i.SystemClock_Config) refers to stm32f1xx_hal_rcc_ex.o(i.HAL_RCCEx_PeriphCLKConfig) for HAL_RCCEx_PeriphCLKConfig
    main.o(i.fputc) refers to stm32f1xx_hal_uart.o(i.HAL_UART_Transmit) for HAL_UART_Transmit
    main.o(i.fputc) refers to usart.o(.bss) for huart1
    main.o(i.main) refers to stm32f1xx_hal.o(i.HAL_Init) for HAL_Init
    main.o(i.main) refers to main.o(i.SystemClock_Config) for SystemClock_Config
    main.o(i.main) refers to gpio.o(i.MX_GPIO_Init) for MX_GPIO_Init
    main.o(i.main) refers to usart.o(i.MX_USART2_UART_Init) for MX_USART2_UART_Init
    main.o(i.main) refers to usart.o(i.MX_USART3_UART_Init) for MX_USART3_UART_Init
    main.o(i.main) refers to usart.o(i.MX_USART1_UART_Init) for MX_USART1_UART_Init
    main.o(i.main) refers to i2c.o(i.MX_I2C1_Init) for MX_I2C1_Init
    main.o(i.main) refers to fatfs.o(i.MX_FATFS_Init) for MX_FATFS_Init
    main.o(i.main) refers to spi.o(i.MX_SPI1_Init) for MX_SPI1_Init
    main.o(i.main) refers to oled.o(i.OLED_Init) for OLED_Init
[...]
    __main                                   0x08000131   Thumb Code     0  entry.o(.ARM.Collect$$$$00000000)
    _main_stk                                0x08000131   Thumb Code     0  entry2.o(.ARM.Collect$$$$00000001)
    _main_scatterload                        0x08000135   Thumb Code     0  entry5.o(.ARM.Collect$$$$00000004)
    __main_after_scatterload                 0x08000139   Thumb Code     0  entry5.o(.ARM.Collect$$$$00000004)
    _main_clock                              0x08000139   Thumb Code     0  entry7b.o(.ARM.Collect$$$$00000008)
    _main_cpp_init                           0x08000139   Thumb Code     0  entry8b.o(.ARM.Collect$$$$0000000A)
    _main_init                               0x08000139   Thumb Code     0  entry9a.o(.ARM.Collect$$$$0000000B)
    __rt_final_cpp                           0x08000141   Thumb Code     0  entry10a.o(.ARM.Collect$$$$0000000D)
    __rt_final_exit                          0x08000141   Thumb Code     0  entry11a.o(.ARM.Collect$$$$0000000F)
    SVC_Handler                              0x08000145   Thumb Code    32  port.o(.emb_text)
    __asm___6_port_c_39a90d8d__prvStartFirstTask 0x08000169   Thumb Code    28  port.o(.emb_text)
    PendSV_Handler                           0x08000189   Thumb Code    72  port.o(.emb_text)
    vPortGetIPSR                             0x080001d5   Thumb Code     6  port.o(.emb_text)
    Reset_Handler                            0x080001dd   Thumb Code     8  startup_stm32f103xe.o(.text)
    ADC1_2_IRQHandler                        0x080001f7   Thumb Code     0  startup_stm32f103xe.o(.text)
    ADC3_IRQHandler                          0x080001f7   Thumb Code     0  startup_stm32f103xe.o(.text)
    CAN1_RX1_IRQHandler                      0x080001f7   Thumb Code     0  startup_stm32f103xe.o(.text)
    CAN1_SCE_IRQHandler                      0x080001f7   Thumb Code     0  startup_stm32f103xe.o(.text)
    DMA1_Channel1_IRQHandler                 0x080001f7   Thumb Code     0  startup_stm32f103xe.o(.text)
    DMA1_Channel2_IRQHandler                 0x080001f7   Thumb Code     0  startup_stm32f103xe.o(.text)
    DMA1_Channel3_IRQHandler                 0x080001f7   Thumb Code     0  startup_stm32f103xe.o(.text)
    DMA1_Channel4_IRQHandler                 0x080001f7   Thumb Code     0  startup_stm32f103xe.o(.text)
    DMA1_Channel5_IRQHandler                 0x080001f7   Thumb Code     0  startup_stm32f103xe.o(.text)
    DMA1_Channel6_IRQHandler                 0x080001f7   Thumb Code     0  startup_stm32f103xe.o(.text)
    DMA1_Channel7_IRQHandler                 0x080001f7   Thumb Code     0  startup_stm32f103xe.o(.text)
    DMA2_Channel1_IRQHandler                 0x080001f7   Thumb Code     0  startup_stm32f103xe.o(.text)
    DMA2_Channel2_IRQHandler                 0x080001f7   Thumb Code     0  startup_stm32f103xe.o(.text)
    DMA2_Channel3_IRQHandler                 0x080001f7   Thumb Code     0  startup_stm32f103xe.o(.text)
    DMA2_Channel4_5_IRQHandler               0x080001f7   Thumb Code     0  startup_stm32f103xe.o(.text)
    EXTI0_IRQHandler                         0x080001f7   Thumb Code     0  startup_stm32f103xe.o(.text)
    EXTI15_10_IRQHandler                     0x080001f7   Thumb Code     0  startup_stm32f103xe.o(.text)
    EXTI1_IRQHandler                         0x080001f7   Thumb Code     0  startup_stm32f103xe.o(.text)
    EXTI2_IRQHandler                         0x080001f7   Thumb Code     0  startup_stm32f103xe.o(.text)
    EXTI3_IRQHandler                         0x080001f7   Thumb Code     0  startup_stm32f103xe.o(.text)
    EXTI4_IRQHandler                         0x080001f7   Thumb Code     0  startup_stm32f103xe.o(.text)
    EXTI9_5_IRQHandler                       0x080001f7   Thumb Code     0  startup_stm32f103xe.o(.text)
    FLASH_IRQHandler                         0x080001f7   Thumb Code     0  startup_stm32f103xe.o(.text)
    FSMC_IRQHandler                          0x080001f7   Thumb Code     0  startup_stm32f103xe.o(.text)
    I2C1_ER_IRQHandler                       0x080001f7   Thumb Code     0  startup_stm32f103xe.o(.text)
    I2C1_EV_IRQHandler                       0x080001f7   Thumb Code     0  startup_stm32f103xe.o(.text)
    I2C2_ER_IRQHandler                       0x080001f7   Thumb Code     0  startup_stm32f103xe.o(.text)
    I2C2_EV_IRQHandler                       0x080001f7   Thumb Code     0  startup_stm32f103xe.o(.text)
    PVD_IRQHandler                           0x080001f7   Thumb Code     0  startup_stm32f103xe.o(.text)
    RCC_IRQHandler                           0x080001f7   Thumb Code     0  startup_stm32f103xe.o(.text)
    RTC_Alarm_IRQHandler                     0x080001f7   Thumb Code     0  startup_stm32f103xe.o(.text)
    RTC_IRQHandler                           0x080001f7   Thumb Code     0  startup_stm32f103xe.o(.text)
    SDIO_IRQHandler                          0x080001f7   Thumb Code     0  startup_stm32f103xe.o(.text)
    SPI1_IRQHandler                          0x080001f7   Thumb Code     0  startup_stm32f103xe.o(.text)
    SPI2_IRQHandler                          0x080001f7   Thumb Code     0  startup_stm32f103xe.o(.text)
    SPI3_IRQHandler                          0x080001f7   Thumb Code     0  startup_stm32f103xe.o(.text)
    TAMPER_IRQHandler                        0x080001f7   Thumb Code     0  startup_stm32f103xe.o(.text)
    TIM1_BRK_IRQHandler                      0x080001f7   Thumb Code     0  startup_stm32f103xe.o(.text)
    TIM1_CC_IRQHandler                       0x080001f7   Thumb Code     0  startup_stm32f103xe.o(.text)
    TIM1_TRG_COM_IRQHandler                  0x080001f7   Thumb Code     0  startup_stm32f103xe.o(.text)
    TIM1_UP_IRQHandler                       0x080001f7   Thumb Code     0  startup_stm32f103xe.o(.text)
    TIM2_IRQHandler                          0x080001f7   Thumb Code     0  startup_stm32f103xe.o(.text)
    TIM3_IRQHandler                          0x080001f7   Thumb Code     0  startup_stm32f103xe.o(.text)
    TIM5_IRQHandler                          0x080001f7   Thumb Code     0  startup_stm32f103xe.o(.text)
    TIM6_IRQHandler                          0x080001f7   Thumb Code     0  startup_stm32f103xe.o(.text)
    TIM7_IRQHandler                          0x080001f7   Thumb Code     0  startup_stm32f103xe.o(.text)
    TIM8_BRK_IRQHandler                      0x080001f7   Thumb Code     0  startup_stm32f103xe.o(.text)
    TIM8_CC_IRQHandler                       0x080001f7   Thumb Code     0  startup_stm32f103xe.o(.text)
    TIM8_TRG_COM_IRQHandler                  0x080001f7   Thumb Code     0  startup_stm32f103xe.o(.text)
    TIM8_UP_IRQHandler                       0x080001f7   Thumb Code     0  startup_stm32f103xe.o(.text)
    UART4_IRQHandler                         0x080001f7   Thumb Code     0  startup_stm32f103xe.o(.text)
    UART5_IRQHandler                         0x080001f7   Thumb Code     0  startup_stm32f103xe.o(.text)
    USART1_IRQHandler                        0x080001f7   Thumb Code     0  startup_stm32f103xe.o(.text)
    USBWakeUp_IRQHandler                     0x080001f7   Thumb Code     0  startup_stm32f103xe.o(.text)
    USB_HP_CAN1_TX_IRQHandler                0x080001f7   Thumb Code     0  startup_stm32f103xe.o(.text)
    WWDG_IRQHandler                          0x080001f7   Thumb Code     0  startup_stm32f103xe.o(.text)
    __aeabi_memcpy                           0x08000201   Thumb Code    36  memcpya.o(.text)
    __aeabi_memcpy4                          0x08000201   Thumb Code     0  memcpya.o(.text)
    __aeabi_memcpy8                          0x08000201   Thumb Code     0  memcpya.o(.text)
    __aeabi_memset                           0x08000225   Thumb Code    14  memseta.o(.text)
    __aeabi_memset4                          0x08000225   Thumb Code     0  memseta.o(.text)
    __aeabi_memset8                          0x08000225   Thumb Code     0  memseta.o(.text)
    __aeabi_memclr                           0x08000233   Thumb Code     4  memseta.o(.text)
    __aeabi_memclr4                          0x08000233   Thumb Code     0  memseta.o(.text)
    __aeabi_memclr8                          0x08000233   Thumb Code     0  memseta.o(.text)
    memset                                   0x08000237   Thumb Code    18  memseta.o(.text)
    __aeabi_uidiv                            0x08000249   Thumb Code     0  uidiv.o(.text)
    __aeabi_uidivmod                         0x08000249   Thumb Code    44  uidiv.o(.text)
    __scatterload                            0x08000275   Thumb Code    28  init.o(.text)
    __scatterload_rt2                        0x08000275   Thumb Code     0  init.o(.text)
    __decompress                             0x08000299   Thumb Code     0  __dczerorl2.o(.text)
    __decompress1                            0x08000299   Thumb Code    86  __dczerorl2.o(.text)
    AppControlTaskFun                        0x080002f1   Thumb Code   242  freertos.o(i.AppControlTaskFun)
    AudioGateTaskFun                         0x08000459   Thumb Code   130  freertos.o(i.AudioGateTaskFun)
    BY8301_Next                              0x080004ed   Thumb Code    26  main.o(i.BY8301_Next)
    BY8301_Play                              0x08000515   Thumb Code    26  main.o(i.BY8301_Play)
    BY8301_PlayIndex                         0x0800053d   Thumb Code    60  main.o(i.BY8301_PlayIndex)
    BY8301_Stop                              0x0800057d   Thumb Code    26  main.o(i.BY8301_Stop)
    BluetoothTaskFun                         0x080005a5   Thumb Code    12  freertos.o(i.BluetoothTaskFun)
    BusFault_Handler                         0x080005b1   Thumb Code     2  stm32f1xx_it.o(i.BusFault_Handler)
    DebugMon_Handler                         0x080005b3   Thumb Code     2  stm32f1xx_it.o(i.DebugMon_Handler)
    Error_Handler                            0x080005b5   Thumb Code     4  main.o(i.Error_Handler)
    FATFS_LinkDriver                         0x080005b9   Thumb Code     6  ff_gen_drv.o(i.FATFS_LinkDriver)
    FATFS_LinkDriverEx                       0x080005c1   Thumb Code    60  ff_gen_drv.o(i.FATFS_LinkDriverEx)
    FatfsLyricTaskFun                        0x08000601   Thumb Code    12  freertos.o(i.FatfsLyricTaskFun)
    HAL_DMA_Abort                            0x0800060d   Thumb Code    70  stm32f1xx_hal_dma.o(i.HAL_DMA_Abort)
    HAL_DMA_Abort_IT                         0x08000655   Thumb Code   296  stm32f1xx_hal_dma.o(i.HAL_DMA_Abort_IT)
    HAL_GPIO_Init                            0x08000785   Thumb Code   462  stm32f1xx_hal_gpio.o(i.HAL_GPIO_Init)
    HAL_GPIO_ReadPin                         0x0800097d   Thumb Code    10  stm32f1xx_hal_gpio.o(i.HAL_GPIO_ReadPin)
    HAL_GPIO_TogglePin                       0x08000987   Thumb Code    16  stm32f1xx_hal_gpio.o(i.HAL_GPIO_TogglePin)
    HAL_GPIO_WritePin                        0x08000997   Thumb Code    10  stm32f1xx_hal_gpio.o(i.HAL_GPIO_WritePin)
    HAL_GetTick                              0x080009a1   Thumb Code     6  stm32f1xx_hal.o(i.HAL_GetTick)
    HAL_I2C_Init                             0x080009ad   Thumb Code   376  stm32f1xx_hal_i2c.o(i.HAL_I2C_Init)
    HAL_I2C_Mem_Write                        0x08000b35   Thumb Code   294  stm32f1xx_hal_i2c.o(i.HAL_I2C_Mem_Write)
    HAL_I2C_MspInit                          0x08000c65   Thumb Code    80  i2c.o(i.HAL_I2C_MspInit)
    HAL_IncTick                              0x08000cc1   Thumb Code    12  stm32f1xx_hal.o(i.HAL_IncTick)
    HAL_Init                                 0x08000cd1   Thumb Code    32  stm32f1xx_hal.o(i.HAL_Init)
    HAL_InitTick                             0x08000cf5   Thumb Code   132  stm32f1xx_hal_timebase_tim.o(i.HAL_InitTick)
    HAL_MspInit                              0x08000d8d   Thumb Code    62  stm32f1xx_hal_msp.o(i.HAL_MspInit)
    HAL_NVIC_EnableIRQ                       0x08000dd5   Thumb Code    26  stm32f1xx_hal_cortex.o(i.HAL_NVIC_EnableIRQ)
    HAL_NVIC_SetPriority                     0x08000df1   Thumb Code    60  stm32f1xx_hal_cortex.o(i.HAL_NVIC_SetPriority)
    HAL_NVIC_SetPriorityGrouping             0x08000e31   Thumb Code    26  stm32f1xx_hal_cortex.o(i.HAL_NVIC_SetPriorityGrouping)
    HAL_PCDEx_PMAConfig                      0x08000e55   Thumb Code    60  stm32f1xx_hal_pcd_ex.o(i.HAL_PCDEx_PMAConfig)
    HAL_PCDEx_SetConnectionState             0x08000e91   Thumb Code     2  usbd_conf.o(i.HAL_PCDEx_SetConnectionState)
    HAL_PCD_DataInStageCallback              0x08000e93   Thumb Code    18  usbd_conf.o(i.HAL_PCD_DataInStageCallback)
    HAL_PCD_DataOutStageCallback             0x08000ea5   Thumb Code    20  usbd_conf.o(i.HAL_PCD_DataOutStageCallback)
    HAL_PCD_EP_Close                         0x08000eb9   Thumb Code    76  stm32f1xx_hal_pcd.o(i.HAL_PCD_EP_Close)
    HAL_PCD_EP_ClrStall                      0x08000f05   Thumb Code    92  stm32f1xx_hal_pcd.o(i.HAL_PCD_EP_ClrStall)
    HAL_PCD_EP_Flush                         0x0800137f   Thumb Code    52  stm32f1xx_hal_pcd.o(i.HAL_PCD_EP_Flush)
    HAL_PCD_EP_GetRxCount                    0x080013b3   Thumb Code    18  stm32f1xx_hal_pcd.o(i.HAL_PCD_EP_GetRxCount)
    HAL_PCD_EP_Open                          0x080013c5   Thumb Code    90  stm32f1xx_hal_pcd.o(i.HAL_PCD_EP_Open)
    HAL_PCD_EP_Receive                       0x0800141f   Thumb Code    46  stm32f1xx_hal_pcd.o(i.HAL_PCD_EP_Receive)
    HAL_PCD_EP_SetStall                      0x0800144d   Thumb Code   114  stm32f1xx_hal_pcd.o(i.HAL_PCD_EP_SetStall)
    HAL_PCD_EP_Transmit                      0x080014bf   Thumb Code    48  stm32f1xx_hal_pcd.o(i.HAL_PCD_EP_Transmit)
    HAL_PCD_IRQHandler                       0x080014f1   Thumb Code   308  stm32f1xx_hal_pcd.o(i.HAL_PCD_IRQHandler)
    HAL_PCD_Init                             0x08001625   Thumb Code   218  stm32f1xx_hal_pcd.o(i.HAL_PCD_Init)
    HAL_PCD_MspInit                          0x08001701   Thumb Code    50  usbd_conf.o(i.HAL_PCD_MspInit)
    HAL_PCD_ResetCallback                    0x0800173d   Thumb Code    38  usbd_conf.o(i.HAL_PCD_ResetCallback)
    HAL_PCD_ResumeCallback                   0x08001763   Thumb Code     8  usbd_conf.o(i.HAL_PCD_ResumeCallback)
    HAL_PCD_SOFCallback                      0x0800176b   Thumb Code     8  usbd_conf.o(i.HAL_PCD_SOFCallback)
    HAL_PCD_SetAddress                       0x08001773   Thumb Code    40  stm32f1xx_hal_pcd.o(i.HAL_PCD_SetAddress)
    HAL_PCD_SetupStageCallback               0x0800179b   Thumb Code    14  usbd_conf.o(i.HAL_PCD_SetupStageCallback)
    HAL_PCD_Start                            0x080017a9   Thumb Code    50  stm32f1xx_hal_pcd.o(i.HAL_PCD_Start)
    HAL_PCD_SuspendCallback                  0x080017dd   Thumb Code    30  usbd_conf.o(i.HAL_PCD_SuspendCallback)
    HAL_RCCEx_PeriphCLKConfig                0x08001801   Thumb Code   224  stm32f1xx_hal_rcc_ex.o(i.HAL_RCCEx_PeriphCLKConfig)
    HAL_RCC_ClockConfig                      0x080018ed   Thumb Code   280  stm32f1xx_hal_rcc.o(i.HAL_RCC_ClockConfig)
    HAL_RCC_GetClockConfig                   0x08001a19   Thumb Code    54  stm32f1xx_hal_rcc.o(i.HAL_RCC_GetClockConfig)
    HAL_RCC_GetPCLK1Freq                     0x08001a59   Thumb Code    20  stm32f1xx_hal_rcc.o(i.HAL_RCC_GetPCLK1Freq)
    HAL_RCC_GetPCLK2Freq                     0x08001a79   Thumb Code    20  stm32f1xx_hal_rcc.o(i.HAL_RCC_GetPCLK2Freq)
    HAL_RCC_GetSysClockFreq                  0x08001a99   Thumb Code    58  stm32f1xx_hal_rcc.o(i.HAL_RCC_GetSysClockFreq)
    HAL_RCC_OscConfig                        0x08001ae5   Thumb Code   778  stm32f1xx_hal_rcc.o(i.HAL_RCC_OscConfig)
    HAL_SPI_Init                             0x08001e05   Thumb Code   178  stm32f1xx_hal_spi.o(i.HAL_SPI_Init)
    HAL_SPI_MspInit                          0x08001eb9   Thumb Code    98  spi.o(i.HAL_SPI_MspInit)
    HAL_SPI_TransmitReceive                  0x08001f29   Thumb Code   494  stm32f1xx_hal_spi.o(i.HAL_SPI_TransmitReceive)
    HAL_TIMEx_BreakCallback                  0x08002117   Thumb Code     2  stm32f1xx_hal_tim_ex.o(i.HAL_TIMEx_BreakCallback)
    HAL_TIMEx_CommutCallback                 0x08002119   Thumb Code     2  stm32f1xx_hal_tim_ex.o(i.HAL_TIMEx_CommutCallback)
    HAL_TIM_Base_Init                        0x0800211b   Thumb Code    90  stm32f1xx_hal_tim.o(i.HAL_TIM_Base_Init)
    HAL_TIM_Base_MspInit                     0x08002175   Thumb Code     2  stm32f1xx_hal_tim.o(i.HAL_TIM_Base_MspInit)
    HAL_TIM_Base_Start_IT                    0x08002179   Thumb Code    88  stm32f1xx_hal_tim.o(i.HAL_TIM_Base_Start_IT)
    HAL_TIM_IC_CaptureCallback               0x080021e5   Thumb Code     2  stm32f1xx_hal_tim.o(i.HAL_TIM_IC_CaptureCallback)
    HAL_TIM_IRQHandler                       0x080021e7   Thumb Code   358  stm32f1xx_hal_tim.o(i.HAL_TIM_IRQHandler)
    HAL_TIM_OC_DelayElapsedCallback          0x0800234d   Thumb Code     2  stm32f1xx_hal_tim.o(i.HAL_TIM_OC_DelayElapsedCallback)
    HAL_TIM_PWM_PulseFinishedCallback        0x0800234f   Thumb Code     2  stm32f1xx_hal_tim.o(i.HAL_TIM_PWM_PulseFinishedCallback)
    HAL_TIM_PeriodElapsedCallback            0x08002351   Thumb Code    14  main.o(i.HAL_TIM_PeriodElapsedCallback)
    HAL_TIM_TriggerCallback                  0x08002365   Thumb Code     2  stm32f1xx_hal_tim.o(i.HAL_TIM_TriggerCallback)
    HAL_UARTEx_RxEventCallback               0x08002367   Thumb Code     2  stm32f1xx_hal_uart.o(i.HAL_UARTEx_RxEventCallback)
    HAL_UART_ErrorCallback                   0x08002369   Thumb Code     2  stm32f1xx_hal_uart.o(i.HAL_UART_ErrorCallback)
    HAL_UART_IRQHandler                      0x0800236d   Thumb Code   616  stm32f1xx_hal_uart.o(i.HAL_UART_IRQHandler)
    HAL_UART_Init                            0x080025d9   Thumb Code   100  stm32f1xx_hal_uart.o(i.HAL_UART_Init)
    HAL_UART_MspInit                         0x0800263d   Thumb Code   270  usart.o(i.HAL_UART_MspInit)
    HAL_UART_Receive_IT                      0x08002765   Thumb Code    28  stm32f1xx_hal_uart.o(i.HAL_UART_Receive_IT)
    HAL_UART_RxCpltCallback                  0x08002781   Thumb Code    60  main.o(i.HAL_UART_RxCpltCallback)
    HAL_UART_Transmit                        0x080027cd   Thumb Code   154  stm32f1xx_hal_uart.o(i.HAL_UART_Transmit)
    HAL_UART_TxCpltCallback                  0x08002867   Thumb Code     2  stm32f1xx_hal_uart.o(i.HAL_UART_TxCpltCallback)
    HardFault_Handler                        0x08002869   Thumb Code     2  stm32f1xx_it.o(i.HardFault_Handler)
    MSC_BOT_CplClrFeature                    0x08002c85   Thumb Code    42  usbd_msc_bot.o(i.MSC_BOT_CplClrFeature)
    MSC_BOT_DataIn                           0x08002caf   Thumb Code    58  usbd_msc_bot.o(i.MSC_BOT_DataIn)
    MSC_BOT_DataOut                          0x08002ce9   Thumb Code    58  usbd_msc_bot.o(i.MSC_BOT_DataOut)
    MSC_BOT_DeInit                           0x08002d23   Thumb Code    10  usbd_msc_bot.o(i.MSC_BOT_DeInit)
    MSC_BOT_Init                             0x08002d2d   Thumb Code    66  usbd_msc_bot.o(i.MSC_BOT_Init)
    MSC_BOT_Reset                            0x08002d6f   Thumb Code    22  usbd_msc_bot.o(i.MSC_BOT_Reset)
    MSC_BOT_SendCSW                          0x08002d85   Thumb Code    54  usbd_msc_bot.o(i.MSC_BOT_SendCSW)
    MX_FATFS_Init                            0x08002dc1   Thumb Code    18  fatfs.o(i.MX_FATFS_Init)
    MX_FREERTOS_Init                         0x08002ddd   Thumb Code    74  freertos.o(i.MX_FREERTOS_Init)
    MX_GPIO_Init                             0x08002e41   Thumb Code   218  gpio.o(i.MX_GPIO_Init)
    MX_I2C1_Init                             0x08002f31   Thumb Code    50  i2c.o(i.MX_I2C1_Init)
    MX_SPI1_Init                             0x08002f71   Thumb Code    62  spi.o(i.MX_SPI1_Init)
    MX_USART1_UART_Init                      0x08002fb9   Thumb Code    48  usart.o(i.MX_USART1_UART_Init)
    MX_USART2_UART_Init                      0x08002ff1   Thumb Code    48  usart.o(i.MX_USART2_UART_Init)
    MX_USART3_UART_Init                      0x08003029   Thumb Code    48  usart.o(i.MX_USART3_UART_Init)
    MX_USB_DEVICE_Init                       0x08003061   Thumb Code    66  usb_device.o(i.MX_USB_DEVICE_Init)
    MemManage_Handler                        0x080030b5   Thumb Code     2  stm32f1xx_it.o(i.MemManage_Handler)
    NMI_Handler                              0x080030b7   Thumb Code     2  stm32f1xx_it.o(i.NMI_Handler)
    OLED_Clear                               0x080030b9   Thumb Code    38  oled.o(i.OLED_Clear)
    OLED_Init                                0x080030e5   Thumb Code   178  oled.o(i.OLED_Init)
    OLED_Refresh                             0x08003199   Thumb Code    66  oled.o(i.OLED_Refresh)
    OLED_ShowChar                            0x080031e5   Thumb Code    60  oled.o(i.OLED_ShowChar)
    OLED_ShowString                          0x08003229   Thumb Code    54  oled.o(i.OLED_ShowString)
    OLED_WR_Cmd                              0x08003261   Thumb Code    30  oled.o(i.OLED_WR_Cmd)
    SCSI_ProcessCmd                          0x08003655   Thumb Code   452  usbd_msc_scsi.o(i.SCSI_ProcessCmd)
    SCSI_SenseCode                           0x08003abd   Thumb Code    52  usbd_msc_scsi.o(i.SCSI_SenseCode)
    SPI_FLASH_BufferRead                     0x08003bd1   Thumb Code    82  bsp_spi_flash.o(i.SPI_FLASH_BufferRead)
    SPI_FLASH_BufferWrite                    0x08003c29   Thumb Code   188  bsp_spi_flash.o(i.SPI_FLASH_BufferWrite)
    SPI_FLASH_ReadID                         0x08003d41   Thumb Code    60  bsp_spi_flash.o(i.SPI_FLASH_ReadID)
    SPI_FLASH_SectorErase                    0x08003d81   Thumb Code    70  bsp_spi_flash.o(i.SPI_FLASH_SectorErase)
    SysTick_Handler                          0x08003fc1   Thumb Code    38  port.o(i.SysTick_Handler)
    SystemClock_Config                       0x08003fed   Thumb Code   120  main.o(i.SystemClock_Config)
    SystemInit                               0x08004065   Thumb Code     2  system_stm32f1xx.o(i.SystemInit)
    TIM4_IRQHandler                          0x08004069   Thumb Code     6  stm32f1xx_it.o(i.TIM4_IRQHandler)
    TIM_Base_SetConfig                       0x08004075   Thumb Code   120  stm32f1xx_hal_tim.o(i.TIM_Base_SetConfig)
    UART_Start_Receive_IT                    0x080042d9   Thumb Code    54  stm32f1xx_hal_uart.o(i.UART_Start_Receive_IT)
    USART2_IRQHandler                        0x08004389   Thumb Code     6  stm32f1xx_it.o(i.USART2_IRQHandler)
    USART3_IRQHandler                        0x08004395   Thumb Code     6  stm32f1xx_it.o(i.USART3_IRQHandler)
    USBD_ClrClassConfig                      0x080043a1   Thumb Code    14  usbd_core.o(i.USBD_ClrClassConfig)
    USBD_CtlContinueRx                       0x080043af   Thumb Code    16  usbd_ioreq.o(i.USBD_CtlContinueRx)
    USBD_CtlContinueSendData                 0x080043bf   Thumb Code    16  usbd_ioreq.o(i.USBD_CtlContinueSendData)
    USBD_CtlError                            0x080043cf   Thumb Code    22  usbd_ctlreq.o(i.USBD_CtlError)
    USBD_CtlReceiveStatus                    0x080043e5   Thumb Code    22  usbd_ioreq.o(i.USBD_CtlReceiveStatus)
    USBD_CtlSendData                         0x080043fb   Thumb Code    26  usbd_ioreq.o(i.USBD_CtlSendData)
    USBD_CtlSendStatus                       0x08004415   Thumb Code    22  usbd_ioreq.o(i.USBD_CtlSendStatus)
    USBD_FS_ConfigStrDescriptor              0x0800442d   Thumb Code    16  usbd_desc.o(i.USBD_FS_ConfigStrDescriptor)
    USBD_FS_DeviceDescriptor                 0x0800444d   Thumb Code     8  usbd_desc.o(i.USBD_FS_DeviceDescriptor)
    USBD_FS_InterfaceStrDescriptor           0x08004459   Thumb Code    16  usbd_desc.o(i.USBD_FS_InterfaceStrDescriptor)
    USBD_FS_LangIDStrDescriptor              0x0800447d   Thumb Code     8  usbd_desc.o(i.USBD_FS_LangIDStrDescriptor)
    USBD_FS_ManufacturerStrDescriptor        0x08004489   Thumb Code    16  usbd_desc.o(i.USBD_FS_ManufacturerStrDescriptor)
    USBD_FS_ProductStrDescriptor             0x080044b1   Thumb Code    16  usbd_desc.o(i.USBD_FS_ProductStrDescriptor)
    USBD_FS_SerialStrDescriptor              0x080044d9   Thumb Code    48  usbd_desc.o(i.USBD_FS_SerialStrDescriptor)
    USBD_GetString                           0x080045f9   Thumb Code    72  usbd_ctlreq.o(i.USBD_GetString)
    USBD_Init                                0x08004659   Thumb Code    42  usbd_core.o(i.USBD_Init)
    USBD_LL_ClearStallEP                     0x08004683   Thumb Code    18  usbd_conf.o(i.USBD_LL_ClearStallEP)
    USBD_LL_CloseEP                          0x08004695   Thumb Code    18  usbd_conf.o(i.USBD_LL_CloseEP)
    USBD_LL_DataInStage                      0x080046a7   Thumb Code   198  usbd_core.o(i.USBD_LL_DataInStage)
    USBD_LL_DataOutStage                     0x0800476d   Thumb Code   130  usbd_core.o(i.USBD_LL_DataOutStage)
    USBD_LL_FlushEP                          0x080047ef   Thumb Code    18  usbd_conf.o(i.USBD_LL_FlushEP)
    USBD_LL_GetRxDataSize                    0x08004801   Thumb Code     8  usbd_conf.o(i.USBD_LL_GetRxDataSize)
    USBD_LL_Init                             0x08004809   Thumb Code   104  usbd_conf.o(i.USBD_LL_Init)
    USBD_LL_IsStallEP                        0x08004879   Thumb Code    32  usbd_conf.o(i.USBD_LL_IsStallEP)
    USBD_LL_OpenEP                           0x08004899   Thumb Code    24  usbd_conf.o(i.USBD_LL_OpenEP)
    USBD_LL_PrepareReceive                   0x080048b1   Thumb Code    18  usbd_conf.o(i.USBD_LL_PrepareReceive)
    USBD_LL_Reset                            0x080048c3   Thumb Code    80  usbd_core.o(i.USBD_LL_Reset)
    USBD_LL_Resume                           0x08004913   Thumb Code    20  usbd_core.o(i.USBD_LL_Resume)
    USBD_LL_SOF                              0x08004927   Thumb Code    24  usbd_core.o(i.USBD_LL_SOF)
    USBD_LL_SetSpeed                         0x0800493f   Thumb Code     6  usbd_core.o(i.USBD_LL_SetSpeed)
    USBD_LL_SetUSBAddress                    0x08004945   Thumb Code    18  usbd_conf.o(i.USBD_LL_SetUSBAddress)
    USBD_LL_SetupStage                       0x08004957   Thumb Code    90  usbd_core.o(i.USBD_LL_SetupStage)
    USBD_LL_StallEP                          0x080049b1   Thumb Code    18  usbd_conf.o(i.USBD_LL_StallEP)
    USBD_LL_Start                            0x080049c3   Thumb Code    18  usbd_conf.o(i.USBD_LL_Start)
    USBD_LL_Suspend                          0x080049d5   Thumb Code    18  usbd_core.o(i.USBD_LL_Suspend)
    USBD_LL_Transmit                         0x080049e7   Thumb Code    18  usbd_conf.o(i.USBD_LL_Transmit)
    USBD_MSC_DataIn                          0x080049f9   Thumb Code    10  usbd_msc.o(i.USBD_MSC_DataIn)
    USBD_MSC_DataOut                         0x08004a03   Thumb Code    10  usbd_msc.o(i.USBD_MSC_DataOut)
    USBD_MSC_DeInit                          0x08004a0d   Thumb Code    50  usbd_msc.o(i.USBD_MSC_DeInit)
    USBD_MSC_GetDeviceQualifierDescriptor    0x08004a41   Thumb Code     8  usbd_msc.o(i.USBD_MSC_GetDeviceQualifierDescriptor)
    USBD_MSC_GetFSCfgDesc                    0x08004a4d   Thumb Code     8  usbd_msc.o(i.USBD_MSC_GetFSCfgDesc)
    USBD_MSC_GetHSCfgDesc                    0x08004a59   Thumb Code     8  usbd_msc.o(i.USBD_MSC_GetHSCfgDesc)
    USBD_MSC_GetOtherSpeedCfgDesc            0x08004a65   Thumb Code     8  usbd_msc.o(i.USBD_MSC_GetOtherSpeedCfgDesc)
    USBD_MSC_Init                            0x08004a71   Thumb Code    92  usbd_msc.o(i.USBD_MSC_Init)
    USBD_MSC_RegisterStorage                 0x08004acd   Thumb Code    10  usbd_msc.o(i.USBD_MSC_RegisterStorage)
    USBD_MSC_Setup                           0x08004ad7   Thumb Code   278  usbd_msc.o(i.USBD_MSC_Setup)
    USBD_ParseSetupRequest                   0x08004bed   Thumb Code    40  usbd_ctlreq.o(i.USBD_ParseSetupRequest)
    USBD_RegisterClass                       0x08004c15   Thumb Code    16  usbd_core.o(i.USBD_RegisterClass)
    USBD_SetClassConfig                      0x08004c25   Thumb Code    22  usbd_core.o(i.USBD_SetClassConfig)
    USBD_Start                               0x08004cc1   Thumb Code    10  usbd_core.o(i.USBD_Start)
    USBD_StdDevReq                           0x08004ccb   Thumb Code   274  usbd_ctlreq.o(i.USBD_StdDevReq)
    USBD_StdEPReq                            0x08004ddd   Thumb Code   336  usbd_ctlreq.o(i.USBD_StdEPReq)
    USBD_StdItfReq                           0x08004f2d   Thumb Code    78  usbd_ctlreq.o(i.USBD_StdItfReq)
    USBD_static_free                         0x08004f7b   Thumb Code     2  usbd_conf.o(i.USBD_static_free)
    USBD_static_malloc                       0x08004f7d   Thumb Code     4  usbd_conf.o(i.USBD_static_malloc)
    USB_ActivateEndpoint                     0x08004f85   Thumb Code   668  stm32f1xx_ll_usb.o(i.USB_ActivateEndpoint)
    USB_CoreInit                             0x08005221   Thumb Code     4  stm32f1xx_ll_usb.o(i.USB_CoreInit)
    USB_DeactivateEndpoint                   0x08005225   Thumb Code   270  stm32f1xx_ll_usb.o(i.USB_DeactivateEndpoint)
    USB_DevConnect                           0x08005333   Thumb Code     4  stm32f1xx_ll_usb.o(i.USB_DevConnect)
    USB_DevDisconnect                        0x08005337   Thumb Code     4  stm32f1xx_ll_usb.o(i.USB_DevDisconnect)
    USB_DevInit                              0x0800533b   Thumb Code    18  stm32f1xx_ll_usb.o(i.USB_DevInit)
    USB_DisableGlobalInt                     0x0800534d   Thumb Code    14  stm32f1xx_ll_usb.o(i.USB_DisableGlobalInt)
    USB_EP0_OutStart                         0x0800535b   Thumb Code     4  stm32f1xx_ll_usb.o(i.USB_EP0_OutStart)
    USB_EPClearStall                         0x0800535f   Thumb Code   120  stm32f1xx_ll_usb.o(i.USB_EPClearStall)
    USB_EPSetStall                           0x080053d7   Thumb Code    50  stm32f1xx_ll_usb.o(i.USB_EPSetStall)
    USB_EPStartXfer                          0x08005409   Thumb Code  1250  stm32f1xx_ll_usb.o(i.USB_EPStartXfer)
    USB_EnableGlobalInt                      0x080058eb   Thumb Code    18  stm32f1xx_ll_usb.o(i.USB_EnableGlobalInt)
    USB_FlushRxFifo                          0x080058fd   Thumb Code     4  stm32f1xx_ll_usb.o(i.USB_FlushRxFifo)
    USB_FlushTxFifo                          0x08005901   Thumb Code     4  stm32f1xx_ll_usb.o(i.USB_FlushTxFifo)
    USB_LP_CAN1_RX0_IRQHandler               0x08005905   Thumb Code     6  stm32f1xx_it.o(i.USB_LP_CAN1_RX0_IRQHandler)
    USB_ReadInterrupts                       0x08005911   Thumb Code     6  stm32f1xx_ll_usb.o(i.USB_ReadInterrupts)
    USB_ReadPMA                              0x08005919   Thumb Code    44  stm32f1xx_ll_usb.o(i.USB_ReadPMA)
    USB_SetCurrentMode                       0x08005945   Thumb Code     4  stm32f1xx_ll_usb.o(i.USB_SetCurrentMode)
    USB_SetDevAddress                        0x08005949   Thumb Code    12  stm32f1xx_ll_usb.o(i.USB_SetDevAddress)
    USB_WritePMA                             0x08005955   Thumb Code    38  stm32f1xx_ll_usb.o(i.USB_WritePMA)
    USER_initialize                          0x0800597d   Thumb Code    38  user_diskio.o(i.USER_initialize)
    USER_ioctl                               0x080059ad   Thumb Code    50  user_diskio.o(i.USER_ioctl)
    USER_read                                0x080059e5   Thumb Code    36  user_diskio.o(i.USER_read)
    USER_status                              0x08005a0d   Thumb Code     6  user_diskio.o(i.USER_status)
    USER_write                               0x08005a19   Thumb Code   160  user_diskio.o(i.USER_write)
    UsageFault_Handler                       0x08005abd   Thumb Code     2  stm32f1xx_it.o(i.UsageFault_Handler)
    __0sprintf$6                             0x08005ac1   Thumb Code    34  printf6.o(i.__0sprintf$6)
    __1sprintf$6                             0x08005ac1   Thumb Code     0  printf6.o(i.__0sprintf$6)
    __2sprintf                               0x08005ac1   Thumb Code     0  printf6.o(i.__0sprintf$6)
    __scatterload_copy                       0x08005b09   Thumb Code    14  handlers.o(i.__scatterload_copy)
    __scatterload_null                       0x08005b17   Thumb Code     2  handlers.o(i.__scatterload_null)
    __scatterload_zeroinit                   0x08005b19   Thumb Code    14  handlers.o(i.__scatterload_zeroinit)
    main                                     0x08005e75   Thumb Code    68  main.o(i.main)
    osDelay                                  0x08005ec1   Thumb Code    46  cmsis_os2.o(i.osDelay)
    osKernelInitialize                       0x08005ef5   Thumb Code    50  cmsis_os2.o(i.osKernelInitialize)
    osKernelStart                            0x08005f2d   Thumb Code    58  cmsis_os2.o(i.osKernelStart)
    osMessageQueueGet                        0x08005f6d   Thumb Code   116  cmsis_os2.o(i.osMessageQueueGet)
    osMessageQueueNew                        0x08005fe9   Thumb Code   110  cmsis_os2.o(i.osMessageQueueNew)
    osMessageQueuePut                        0x0800605d   Thumb Code   120  cmsis_os2.o(i.osMessageQueuePut)
    osThreadNew                              0x080060dd   Thumb Code   160  cmsis_os2.o(i.osThreadNew)
    pvPortMalloc                             0x080068c5   Thumb Code   210  heap_4.o(i.pvPortMalloc)
    pxPortInitialiseStack                    0x0800699d   Thumb Code    32  port.o(i.pxPortInitialiseStack)
    uxListRemove                             0x080069c1   Thumb Code    38  list.o(i.uxListRemove)
    vApplicationGetIdleTaskMemory            0x080069e9   Thumb Code    16  cmsis_os2.o(i.vApplicationGetIdleTaskMemory)
    vApplicationGetTimerTaskMemory           0x080069fd   Thumb Code    18  cmsis_os2.o(i.vApplicationGetTimerTaskMemory)
    vListInitialise                          0x08006a15   Thumb Code    22  list.o(i.vListInitialise)
    vListInitialiseItem                      0x08006a2b   Thumb Code     6  list.o(i.vListInitialiseItem)
    vListInsert                              0x08006a31   Thumb Code    48  list.o(i.vListInsert)
    vListInsertEnd                           0x08006a61   Thumb Code    24  list.o(i.vListInsertEnd)
    vPortEnterCritical                       0x08006a79   Thumb Code    54  port.o(i.vPortEnterCritical)
    vPortExitCritical                        0x08006ab9   Thumb Code    34  port.o(i.vPortExitCritical)
    vPortFree                                0x08006ae1   Thumb Code    88  heap_4.o(i.vPortFree)
    vPortSetupTimerInterrupt                 0x08006b3d   Thumb Code    32  port.o(i.vPortSetupTimerInterrupt)
    vPortValidateInterruptPriority           0x08006b61   Thumb Code    74  port.o(i.vPortValidateInterruptPriority)
    vQueueAddToRegistry                      0x08006bb5   Thumb Code    34  queue.o(i.vQueueAddToRegistry)
    vQueueWaitForMessageRestricted           0x08006bdd   Thumb Code    68  queue.o(i.vQueueWaitForMessageRestricted)
    vTaskDelay                               0x08006c21   Thumb Code    66  tasks.o(i.vTaskDelay)
    vTaskInternalSetTimeOutState             0x08006c6d   Thumb Code    12  tasks.o(i.vTaskInternalSetTimeOutState)
    vTaskMissedYield                         0x08006c7d   Thumb Code     8  tasks.o(i.vTaskMissedYield)
    vTaskPlaceOnEventList                    0x08006c89   Thumb Code    44  tasks.o(i.vTaskPlaceOnEventList)
    vTaskPlaceOnEventListRestricted          0x08006cb9   Thumb Code    52  tasks.o(i.vTaskPlaceOnEventListRestricted)
    vTaskStartScheduler                      0x08006cf1   Thumb Code   118  tasks.o(i.vTaskStartScheduler)
    vTaskSuspendAll                          0x08006d79   Thumb Code    10  tasks.o(i.vTaskSuspendAll)
    vTaskSwitchContext                       0x08006d89   Thumb Code    90  tasks.o(i.vTaskSwitchContext)
    xPortStartScheduler                      0x08006ded   Thumb Code   154  port.o(i.xPortStartScheduler)
    xQueueGenericCreate                      0x08006e95   Thumb Code    72  queue.o(i.xQueueGenericCreate)
    xQueueGenericCreateStatic                0x08006edd   Thumb Code   102  queue.o(i.xQueueGenericCreateStatic)
    xQueueGenericReset                       0x08006f45   Thumb Code   132  queue.o(i.xQueueGenericReset)
    xQueueGenericSend                        0x08006fcd   Thumb Code   346  queue.o(i.xQueueGenericSend)
    xQueueGenericSendFromISR                 0x0800712d   Thumb Code   188  queue.o(i.xQueueGenericSendFromISR)
    xQueueReceive                            0x080071e9   Thumb Code   308  queue.o(i.xQueueReceive)
    xQueueReceiveFromISR                     0x08007321   Thumb Code   154  queue.o(i.xQueueReceiveFromISR)
    xTaskCheckForTimeOut                     0x080073bd   Thumb Code   112  tasks.o(i.xTaskCheckForTimeOut)
    xTaskCreate                              0x08007431   Thumb Code    90  tasks.o(i.xTaskCreate)
    xTaskCreateStatic                        0x0800748b   Thumb Code    86  tasks.o(i.xTaskCreateStatic)
    xTaskGetSchedulerState                   0x080074e1   Thumb Code    22  tasks.o(i.xTaskGetSchedulerState)
    xTaskGetTickCount                        0x080074fd   Thumb Code     6  tasks.o(i.xTaskGetTickCount)
    xTaskIncrementTick                       0x08007509   Thumb Code   190  tasks.o(i.xTaskIncrementTick)
    xTaskPriorityDisinherit                  0x080075d1   Thumb Code   118  tasks.o(i.xTaskPriorityDisinherit)
    xTaskRemoveFromEventList                 0x08007651   Thumb Code    98  tasks.o(i.xTaskRemoveFromEventList)
    xTaskResumeAll                           0x080076c1   Thumb Code   182  tasks.o(i.xTaskResumeAll)
    xTimerCreateTimerTask                    0x08007785   Thumb Code    78  timers.o(i.xTimerCreateTimerTask)
    xTimerGenericCommand                     0x080077e5   Thumb Code    98  timers.o(i.xTimerGenericCommand)
    AppControlTask_attributes                0x0800784c   Data          36  freertos.o(.constdata)
    AudioGateTask_attributes                 0x08007870   Data          36  freertos.o(.constdata)
    FatfsLyricTask_attributes                0x08007894   Data          36  freertos.o(.constdata)
    BluetoothTask_attributes                 0x080078b8   Data          36  freertos.o(.constdata)
    AudioCmdQueue_attributes                 0x080078dc   Data          24  freertos.o(.constdata)
    AHBPrescTable                            0x08007906   Data          16  system_stm32f1xx.o(.constdata)
    APBPrescTable                            0x08007916   Data           8  system_stm32f1xx.o(.constdata)
    asc2_1608                                0x0800791e   Data        1520  oled.o(.constdata)
    STORAGE_Inquirydata_FS                   0x08007f0e   Data          36  usbd_storage_if.o(.constdata)
    MSC_Page00_Inquiry_Data                  0x08007f32   Data           7  usbd_msc_data.o(.constdata)
    MSC_Mode_Sense6_data                     0x08007f39   Data           8  usbd_msc_data.o(.constdata)
    MSC_Mode_Sense10_data                    0x08007f41   Data           8  usbd_msc_data.o(.constdata)
    Region$$Table$$Base                      0x08007f9c   Number         0  anon$$obj.o(Region$$Table)
    Region$$Table$$Limit                     0x08007fbc   Number         0  anon$$obj.o(Region$$Table)
    current_track                            0x20000000   Data           1  main.o(.data)
    is_playing                               0x20000001   Data           1  main.o(.data)
    ui_update_flag                           0x20000002   Data           1  main.o(.data)
    ble_rx_buf                               0x20000003   Data           1  main.o(.data)
    AppControlTaskHandle                     0x20000008   Data           4  freertos.o(.data)
    AudioGateTaskHandle                      0x2000000c   Data           4  freertos.o(.data)
    FatfsLyricTaskHandle                     0x20000010   Data           4  freertos.o(.data)
    BluetoothTaskHandle                      0x20000014   Data           4  freertos.o(.data)
    AudioCmdQueueHandle                      0x20000018   Data           4  freertos.o(.data)
    uwTickFreq                               0x2000001c   Data           1  stm32f1xx_hal.o(.data)
    uwTickPrio                               0x20000020   Data           4  stm32f1xx_hal.o(.data)
    uwTick                                   0x20000024   Data           4  stm32f1xx_hal.o(.data)
    SystemCoreClock                          0x20000028   Data           4  system_stm32f1xx.o(.data)
    pxCurrentTCB                             0x2000002c   Data           4  tasks.o(.data)
    retUSER                                  0x200000a4   Data           1  fatfs.o(.data)
    USERPath                                 0x200000a5   Data           4  fatfs.o(.data)
    USER_Driver                              0x200000ac   Data          20  user_diskio.o(.data)
    FS_Desc                                  0x200000c0   Data          28  usbd_desc.o(.data)
    USBD_LangIDDesc                          0x200000dc   Data           4  usbd_desc.o(.data)
    USBD_FS_DeviceDesc                       0x200000e0   Data          18  usbd_desc.o(.data)
    USBD_StringSerial                        0x200000f4   Data          26  usbd_desc.o(.data)
    USBD_Storage_Interface_fops_FS           0x20000110   Data          32  usbd_storage_if.o(.data)
    USBD_MSC                                 0x20000134   Data          56  usbd_msc.o(.data)
    USBD_MSC_CfgHSDesc                       0x2000016c   Data          32  usbd_msc.o(.data)
    USBD_MSC_CfgFSDesc                       0x2000018c   Data          32  usbd_msc.o(.data)
    USBD_MSC_OtherSpeedCfgDesc               0x200001ac   Data          32  usbd_msc.o(.data)
    USBD_MSC_DeviceQualifierDesc             0x200001cc   Data          10  usbd_msc.o(.data)
    hi2c1                                    0x200001d8   Data          84  i2c.o(.bss)
    hspi1                                    0x2000022c   Data          88  spi.o(.bss)
    huart1                                   0x20000284   Data          72  usart.o(.bss)
    huart2                                   0x200002cc   Data          72  usart.o(.bss)
    huart3                                   0x20000314   Data          72  usart.o(.bss)
    htim4                                    0x2000035c   Data          72  stm32f1xx_hal_timebase_tim.o(.bss)
    xQueueRegistry                           0x200003a4   Data          64  queue.o(.bss)
    OLED_GRAM                                0x20005078   Data        1024  oled.o(.bss)
    disk                                     0x20005478   Data          12  ff_gen_drv.o(.bss)
    hUsbDeviceFS                             0x20005484   Data         708  usb_device.o(.bss)
    USBD_StrDesc                             0x20005748   Data         512  usbd_desc.o(.bss)
    hpcd_USB_FS                              0x20006bb8   Data         752  usbd_conf.o(.bss)
    __initial_sp                             0x200072a8   Data           0  startup_stm32f103xe.o(STACK)



==============================================================================

Memory Map of the image

  Image Entry point : 0x08000131

  Load Region LR_IROM1 (Base: 0x08000000, Size: 0x00008194, Max: 0x00080000, ABSOLUTE, COMPRESSED[0x0000807c])

    Execution Region ER_IROM1 (Exec base: 0x08000000, Load base: 0x08000000, Size: 0x00007fbc, Max: 0x00080000, ABSOLUTE)

    Exec Addr    Load Addr    Size         Type   Attr      Idx    E Section Name        Object

    0x08000000   0x08000000   0x00000130   Data   RO            3    RESET               startup_stm32f103xe.o
    0x08000130   0x08000130   0x00000000   Code   RO         7622  * .ARM.Collect$$$$00000000  mc_w.l(entry.o)
    0x08000130   0x08000130   0x00000004   Code   RO         7896    .ARM.Collect$$$$00000001  mc_w.l(entry2.o)
    0x08000134   0x08000134   0x00000004   Code   RO         7899    .ARM.Collect$$$$00000004  mc_w.l(entry5.o)
    0x08000138   0x08000138   0x00000000   Code   RO         7901    .ARM.Collect$$$$00000008  mc_w.l(entry7b.o)
    0x08000138   0x08000138   0x00000000   Code   RO         7903    .ARM.Collect$$$$0000000A  mc_w.l(entry8b.o)
    0x08000138   0x08000138   0x00000008   Code   RO         7904    .ARM.Collect$$$$0000000B  mc_w.l(entry9a.o)
    0x08000140   0x08000140   0x00000000   Code   RO         7906    .ARM.Collect$$$$0000000D  mc_w.l(entry10a.o)
    0x08000140   0x08000140   0x00000000   Code   RO         7908    .ARM.Collect$$$$0000000F  mc_w.l(entry11a.o)
    0x08000140   0x08000140   0x00000004   Code   RO         7897    .ARM.Collect$$$$00002712  mc_w.l(entry2.o)
    0x08000144   0x08000144   0x00000096   Code   RO         5843    .emb_text           port.o
    0x080001da   0x080001da   0x00000002   PAD
    0x080001dc   0x080001dc   0x00000024   Code   RO            4    .text               startup_stm32f103xe.o
    0x08000200   0x08000200   0x00000024   Code   RO         7627    .text               mc_w.l(memcpya.o)
    0x08000224   0x08000224   0x00000024   Code   RO         7631    .text               mc_w.l(memseta.o)
    0x08000248   0x08000248   0x0000002c   Code   RO         7911    .text               mc_w.l(uidiv.o)
    0x08000274   0x08000274   0x00000024   Code   RO         7926    .text               mc_w.l(init.o)
    0x08000298   0x08000298   0x00000056   Code   RO         7942    .text               mc_w.l(__dczerorl2.o)
    0x080002ee   0x080002ee   0x00000002   PAD
    0x080002f0   0x080002f0   0x00000168   Code   RO          332    i.AppControlTaskFun  freertos.o
    0x08000458   0x08000458   0x00000094   Code   RO          333    i.AudioGateTaskFun  freertos.o
    0x080004ec   0x080004ec   0x00000028   Code   RO           13    i.BY8301_Next       main.o
    0x08000514   0x08000514   0x00000028   Code   RO           16    i.BY8301_Play       main.o
    0x0800053c   0x0800053c   0x00000040   Code   RO           17    i.BY8301_PlayIndex  main.o
    0x0800057c   0x0800057c   0x00000028   Code   RO           20    i.BY8301_Stop       main.o
    0x080005a4   0x080005a4   0x0000000c   Code   RO          334    i.BluetoothTaskFun  freertos.o
    0x080005b0   0x080005b0   0x00000002   Code   RO          548    i.BusFault_Handler  stm32f1xx_it.o
    0x080005b2   0x080005b2   0x00000002   Code   RO          549    i.DebugMon_Handler  stm32f1xx_it.o
    0x080005b4   0x080005b4   0x00000004   Code   RO           21    i.Error_Handler     main.o
    0x080005b8   0x080005b8   0x00000006   Code   RO         6492    i.FATFS_LinkDriver  ff_gen_drv.o
    0x080005be   0x080005be   0x00000002   PAD
    0x080005c0   0x080005c0   0x00000040   Code   RO         6493    i.FATFS_LinkDriverEx  ff_gen_drv.o
    0x08000600   0x08000600   0x0000000c   Code   RO          335    i.FatfsLyricTaskFun  freertos.o
    0x0800060c   0x0800060c   0x00000046   Code   RO         1575    i.HAL_DMA_Abort     stm32f1xx_hal_dma.o
    0x08000652   0x08000652   0x00000002   PAD
    0x08000654   0x08000654   0x00000130   Code   RO         1576    i.HAL_DMA_Abort_IT  stm32f1xx_hal_dma.o
    0x08000784   0x08000784   0x000001f8   Code   RO         1511    i.HAL_GPIO_Init     stm32f1xx_hal_gpio.o
    0x0800097c   0x0800097c   0x0000000a   Code   RO         1513    i.HAL_GPIO_ReadPin  stm32f1xx_hal_gpio.o
    0x08000986   0x08000986   0x00000010   Code   RO         1514    i.HAL_GPIO_TogglePin  stm32f1xx_hal_gpio.o
    0x08000996   0x08000996   0x0000000a   Code   RO         1515    i.HAL_GPIO_WritePin  stm32f1xx_hal_gpio.o
    0x080009a0   0x080009a0   0x0000000c   Code   RO         1205    i.HAL_GetTick       stm32f1xx_hal.o
    0x080009ac   0x080009ac   0x00000188   Code   RO         2182    i.HAL_I2C_Init      stm32f1xx_hal_i2c.o
    0x08000b34   0x08000b34   0x00000130   Code   RO         2203    i.HAL_I2C_Mem_Write  stm32f1xx_hal_i2c.o
    0x08000c64   0x08000c64   0x0000005c   Code   RO          411    i.HAL_I2C_MspInit   i2c.o
    0x08000cc0   0x08000cc0   0x00000010   Code   RO         1211    i.HAL_IncTick       stm32f1xx_hal.o
    0x08000cd0   0x08000cd0   0x00000024   Code   RO         1212    i.HAL_Init          stm32f1xx_hal.o
    0x08000cf4   0x08000cf4   0x00000098   Code   RO          654    i.HAL_InitTick      stm32f1xx_hal_timebase_tim.o
    0x08000d8c   0x08000d8c   0x00000048   Code   RO          630    i.HAL_MspInit       stm32f1xx_hal_msp.o
    0x08000dd4   0x08000dd4   0x0000001a   Code   RO         1671    i.HAL_NVIC_EnableIRQ  stm32f1xx_hal_cortex.o
    0x08000dee   0x08000dee   0x00000002   PAD
    0x08000df0   0x08000df0   0x00000040   Code   RO         1677    i.HAL_NVIC_SetPriority  stm32f1xx_hal_cortex.o
    0x08000e30   0x08000e30   0x00000024   Code   RO         1678    i.HAL_NVIC_SetPriorityGrouping  stm32f1xx_hal_cortex.o
    0x08000e54   0x08000e54   0x0000003c   Code   RO          968    i.HAL_PCDEx_PMAConfig  stm32f1xx_hal_pcd_ex.o
    0x08000e90   0x08000e90   0x00000002   Code   RO         6900    i.HAL_PCDEx_SetConnectionState  usbd_conf.o
    0x08000e92   0x08000e92   0x00000012   Code   RO         6902    i.HAL_PCD_DataInStageCallback  usbd_conf.o
    0x08000ea4   0x08000ea4   0x00000014   Code   RO         6903    i.HAL_PCD_DataOutStageCallback  usbd_conf.o
    0x08000eb8   0x08000eb8   0x0000004c   Code   RO          739    i.HAL_PCD_EP_Close  stm32f1xx_hal_pcd.o
    0x08000f04   0x08000f04   0x0000005c   Code   RO          740    i.HAL_PCD_EP_ClrStall  stm32f1xx_hal_pcd.o
    0x08000f60   0x08000f60   0x000000e6   Code   RO          741    i.HAL_PCD_EP_DB_Receive  stm32f1xx_hal_pcd.o
    0x08001046   0x08001046   0x00000338   Code   RO          742    i.HAL_PCD_EP_DB_Transmit  stm32f1xx_hal_pcd.o
    0x0800137e   0x0800137e   0x00000034   Code   RO          743    i.HAL_PCD_EP_Flush  stm32f1xx_hal_pcd.o
    0x080013b2   0x080013b2   0x00000012   Code   RO          744    i.HAL_PCD_EP_GetRxCount  stm32f1xx_hal_pcd.o
    0x080013c4   0x080013c4   0x0000005a   Code   RO          745    i.HAL_PCD_EP_Open   stm32f1xx_hal_pcd.o
    0x0800141e   0x0800141e   0x0000002e   Code   RO          746    i.HAL_PCD_EP_Receive  stm32f1xx_hal_pcd.o
    0x0800144c   0x0800144c   0x00000072   Code   RO          747    i.HAL_PCD_EP_SetStall  stm32f1xx_hal_pcd.o
    0x080014be   0x080014be   0x00000030   Code   RO          748    i.HAL_PCD_EP_Transmit  stm32f1xx_hal_pcd.o
    0x080014ee   0x080014ee   0x00000002   PAD
    0x080014f0   0x080014f0   0x00000134   Code   RO          750    i.HAL_PCD_IRQHandler  stm32f1xx_hal_pcd.o
    0x08001624   0x08001624   0x000000da   Code   RO          753    i.HAL_PCD_Init      stm32f1xx_hal_pcd.o
    0x080016fe   0x080016fe   0x00000002   PAD
    0x08001700   0x08001700   0x0000003c   Code   RO         6908    i.HAL_PCD_MspInit   usbd_conf.o
    0x0800173c   0x0800173c   0x00000026   Code   RO         6909    i.HAL_PCD_ResetCallback  usbd_conf.o
    0x08001762   0x08001762   0x00000008   Code   RO         6910    i.HAL_PCD_ResumeCallback  usbd_conf.o
    0x0800176a   0x0800176a   0x00000008   Code   RO         6911    i.HAL_PCD_SOFCallback  usbd_conf.o
    0x08001772   0x08001772   0x00000028   Code   RO          759    i.HAL_PCD_SetAddress  stm32f1xx_hal_pcd.o
    0x0800179a   0x0800179a   0x0000000e   Code   RO         6912    i.HAL_PCD_SetupStageCallback  usbd_conf.o
    0x080017a8   0x080017a8   0x00000032   Code   RO          761    i.HAL_PCD_Start     stm32f1xx_hal_pcd.o
    0x080017da   0x080017da   0x00000002   PAD
    0x080017dc   0x080017dc   0x00000024   Code   RO         6913    i.HAL_PCD_SuspendCallback  usbd_conf.o
    0x08001800   0x08001800   0x000000ec   Code   RO         1473    i.HAL_RCCEx_PeriphCLKConfig  stm32f1xx_hal_rcc_ex.o
    0x080018ec   0x080018ec   0x0000012c   Code   RO         1369    i.HAL_RCC_ClockConfig  stm32f1xx_hal_rcc.o
    0x08001a18   0x08001a18   0x00000040   Code   RO         1373    i.HAL_RCC_GetClockConfig  stm32f1xx_hal_rcc.o
    0x08001a58   0x08001a58   0x00000020   Code   RO         1376    i.HAL_RCC_GetPCLK1Freq  stm32f1xx_hal_rcc.o
    0x08001a78   0x08001a78   0x00000020   Code   RO         1377    i.HAL_RCC_GetPCLK2Freq  stm32f1xx_hal_rcc.o
    0x08001a98   0x08001a98   0x0000004c   Code   RO         1378    i.HAL_RCC_GetSysClockFreq  stm32f1xx_hal_rcc.o
    0x08001ae4   0x08001ae4   0x00000320   Code   RO         1381    i.HAL_RCC_OscConfig  stm32f1xx_hal_rcc.o
    0x08001e04   0x08001e04   0x000000b2   Code   RO         2619    i.HAL_SPI_Init      stm32f1xx_hal_spi.o
    0x08001eb6   0x08001eb6   0x00000002   PAD
    0x08001eb8   0x08001eb8   0x00000070   Code   RO          453    i.HAL_SPI_MspInit   spi.o
    0x08001f28   0x08001f28   0x000001ee   Code   RO         2628    i.HAL_SPI_TransmitReceive  stm32f1xx_hal_spi.o
    0x08002116   0x08002116   0x00000002   Code   RO         3636    i.HAL_TIMEx_BreakCallback  stm32f1xx_hal_tim_ex.o
    0x08002118   0x08002118   0x00000002   Code   RO         3637    i.HAL_TIMEx_CommutCallback  stm32f1xx_hal_tim_ex.o
    0x0800211a   0x0800211a   0x0000005a   Code   RO         2932    i.HAL_TIM_Base_Init  stm32f1xx_hal_tim.o
    0x08002174   0x08002174   0x00000002   Code   RO         2934    i.HAL_TIM_Base_MspInit  stm32f1xx_hal_tim.o
    0x08002176   0x08002176   0x00000002   PAD
    0x08002178   0x08002178   0x0000006c   Code   RO         2937    i.HAL_TIM_Base_Start_IT  stm32f1xx_hal_tim.o
    0x080021e4   0x080021e4   0x00000002   Code   RO         2966    i.HAL_TIM_IC_CaptureCallback  stm32f1xx_hal_tim.o
    0x080021e6   0x080021e6   0x00000166   Code   RO         2980    i.HAL_TIM_IRQHandler  stm32f1xx_hal_tim.o
    0x0800234c   0x0800234c   0x00000002   Code   RO         2983    i.HAL_TIM_OC_DelayElapsedCallback  stm32f1xx_hal_tim.o
    0x0800234e   0x0800234e   0x00000002   Code   RO         3010    i.HAL_TIM_PWM_PulseFinishedCallback  stm32f1xx_hal_tim.o
    0x08002350   0x08002350   0x00000014   Code   RO           22    i.HAL_TIM_PeriodElapsedCallback  main.o
    0x08002364   0x08002364   0x00000002   Code   RO         3023    i.HAL_TIM_TriggerCallback  stm32f1xx_hal_tim.o
    0x08002366   0x08002366   0x00000002   Code   RO         3915    i.HAL_UARTEx_RxEventCallback  stm32f1xx_hal_uart.o
    0x08002368   0x08002368   0x00000002   Code   RO         3929    i.HAL_UART_ErrorCallback  stm32f1xx_hal_uart.o
    0x0800236a   0x0800236a   0x00000002   PAD
    0x0800236c   0x0800236c   0x0000026c   Code   RO         3932    i.HAL_UART_IRQHandler  stm32f1xx_hal_uart.o
    0x080025d8   0x080025d8   0x00000064   Code   RO         3933    i.HAL_UART_Init     stm32f1xx_hal_uart.o
    0x0800263c   0x0800263c   0x00000128   Code   RO          495    i.HAL_UART_MspInit  usart.o
    0x08002764   0x08002764   0x0000001c   Code   RO         3938    i.HAL_UART_Receive_IT  stm32f1xx_hal_uart.o
    0x08002780   0x08002780   0x0000004c   Code   RO           23    i.HAL_UART_RxCpltCallback  main.o
    0x080027cc   0x080027cc   0x0000009a   Code   RO         3941    i.HAL_UART_Transmit  stm32f1xx_hal_uart.o
    0x08002866   0x08002866   0x00000002   Code   RO         3944    i.HAL_UART_TxCpltCallback  stm32f1xx_hal_uart.o
    0x08002868   0x08002868   0x00000002   Code   RO          550    i.HardFault_Handler  stm32f1xx_it.o
    0x0800286a   0x0800286a   0x0000002e   Code   RO         2225    i.I2C_IsAcknowledgeFailed  stm32f1xx_hal_i2c.o
    0x08002898   0x08002898   0x000000a8   Code   RO         2236    i.I2C_RequestMemoryWrite  stm32f1xx_hal_i2c.o
    0x08002940   0x08002940   0x00000056   Code   RO         2240    i.I2C_WaitOnBTFFlagUntilTimeout  stm32f1xx_hal_i2c.o
    0x08002996   0x08002996   0x00000002   PAD
    0x08002998   0x08002998   0x00000090   Code   RO         2241    i.I2C_WaitOnFlagUntilTimeout  stm32f1xx_hal_i2c.o
    0x08002a28   0x08002a28   0x000000bc   Code   RO         2242    i.I2C_WaitOnMasterAddressFlagUntilTimeout  stm32f1xx_hal_i2c.o
    0x08002ae4   0x08002ae4   0x00000056   Code   RO         2244    i.I2C_WaitOnTXEFlagUntilTimeout  stm32f1xx_hal_i2c.o
    0x08002b3a   0x08002b3a   0x00000002   PAD
    0x08002b3c   0x08002b3c   0x00000038   Code   RO         6748    i.IntToUnicode      usbd_desc.o
    0x08002b74   0x08002b74   0x00000042   Code   RO         7460    i.MSC_BOT_Abort     usbd_msc_bot.o
    0x08002bb6   0x08002bb6   0x00000002   PAD
    0x08002bb8   0x08002bb8   0x000000cc   Code   RO         7461    i.MSC_BOT_CBW_Decode  usbd_msc_bot.o
    0x08002c84   0x08002c84   0x0000002a   Code   RO         7462    i.MSC_BOT_CplClrFeature  usbd_msc_bot.o
    0x08002cae   0x08002cae   0x0000003a   Code   RO         7463    i.MSC_BOT_DataIn    usbd_msc_bot.o
    0x08002ce8   0x08002ce8   0x0000003a   Code   RO         7464    i.MSC_BOT_DataOut   usbd_msc_bot.o
    0x08002d22   0x08002d22   0x0000000a   Code   RO         7465    i.MSC_BOT_DeInit    usbd_msc_bot.o
    0x08002d2c   0x08002d2c   0x00000042   Code   RO         7466    i.MSC_BOT_Init      usbd_msc_bot.o
    0x08002d6e   0x08002d6e   0x00000016   Code   RO         7467    i.MSC_BOT_Reset     usbd_msc_bot.o
    0x08002d84   0x08002d84   0x0000003c   Code   RO         7468    i.MSC_BOT_SendCSW   usbd_msc_bot.o
    0x08002dc0   0x08002dc0   0x0000001c   Code   RO         6052    i.MX_FATFS_Init     fatfs.o
    0x08002ddc   0x08002ddc   0x00000064   Code   RO          336    i.MX_FREERTOS_Init  freertos.o
    0x08002e40   0x08002e40   0x000000f0   Code   RO          308    i.MX_GPIO_Init      gpio.o
    0x08002f30   0x08002f30   0x00000040   Code   RO          412    i.MX_I2C1_Init      i2c.o
    0x08002f70   0x08002f70   0x00000048   Code   RO          454    i.MX_SPI1_Init      spi.o
    0x08002fb8   0x08002fb8   0x00000038   Code   RO          496    i.MX_USART1_UART_Init  usart.o
    0x08002ff0   0x08002ff0   0x00000038   Code   RO          497    i.MX_USART2_UART_Init  usart.o
    0x08003028   0x08003028   0x00000038   Code   RO          498    i.MX_USART3_UART_Init  usart.o
    0x08003060   0x08003060   0x00000054   Code   RO         6693    i.MX_USB_DEVICE_Init  usb_device.o
    0x080030b4   0x080030b4   0x00000002   Code   RO          551    i.MemManage_Handler  stm32f1xx_it.o
    0x080030b6   0x080030b6   0x00000002   Code   RO          552    i.NMI_Handler       stm32f1xx_it.o
    0x080030b8   0x080030b8   0x0000002c   Code   RO         5923    i.OLED_Clear        oled.o
    0x080030e4   0x080030e4   0x000000b2   Code   RO         5924    i.OLED_Init         oled.o
    0x08003196   0x08003196   0x00000002   PAD
    0x08003198   0x08003198   0x0000004c   Code   RO         5925    i.OLED_Refresh      oled.o
    0x080031e4   0x080031e4   0x00000044   Code   RO         5926    i.OLED_ShowChar     oled.o
    0x08003228   0x08003228   0x00000036   Code   RO         5927    i.OLED_ShowString   oled.o
    0x0800325e   0x0800325e   0x00000002   PAD
    0x08003260   0x08003260   0x00000024   Code   RO         5928    i.OLED_WR_Cmd       oled.o
    0x08003284   0x08003284   0x000003ac   Code   RO          765    i.PCD_EP_ISR_Handler  stm32f1xx_hal_pcd.o
    0x08003630   0x08003630   0x00000022   Code   RO         7556    i.SCSI_CheckAddressRange  usbd_msc_scsi.o
    0x08003652   0x08003652   0x00000002   PAD
    0x08003654   0x08003654   0x000001d0   Code   RO         7557    i.SCSI_ProcessCmd   usbd_msc_scsi.o
    0x08003824   0x08003824   0x00000096   Code   RO         7558    i.SCSI_ProcessRead  usbd_msc_scsi.o
    0x080038ba   0x080038ba   0x000000a4   Code   RO         7559    i.SCSI_ProcessWrite  usbd_msc_scsi.o
    0x0800395e   0x0800395e   0x0000009a   Code   RO         7560    i.SCSI_Read10       usbd_msc_scsi.o
    0x080039f8   0x080039f8   0x00000056   Code   RO         7561    i.SCSI_ReadCapacity10  usbd_msc_scsi.o
    0x08003a4e   0x08003a4e   0x0000006e   Code   RO         7562    i.SCSI_ReadFormatCapacity  usbd_msc_scsi.o
    0x08003abc   0x08003abc   0x00000034   Code   RO         7563    i.SCSI_SenseCode    usbd_msc_scsi.o
    0x08003af0   0x08003af0   0x000000be   Code   RO         7564    i.SCSI_Write10      usbd_msc_scsi.o
    0x08003bae   0x08003bae   0x00000020   Code   RO         2657    i.SPI_EndRxTxTransaction  stm32f1xx_hal_spi.o
    0x08003bce   0x08003bce   0x00000002   PAD
    0x08003bd0   0x08003bd0   0x00000058   Code   RO         5986    i.SPI_FLASH_BufferRead  bsp_spi_flash.o
    0x08003c28   0x08003c28   0x000000bc   Code   RO         5987    i.SPI_FLASH_BufferWrite  bsp_spi_flash.o
    0x08003ce4   0x08003ce4   0x0000005c   Code   RO         5988    i.SPI_FLASH_PageWrite  bsp_spi_flash.o
    0x08003d40   0x08003d40   0x00000040   Code   RO         5989    i.SPI_FLASH_ReadID  bsp_spi_flash.o
    0x08003d80   0x08003d80   0x0000004c   Code   RO         5990    i.SPI_FLASH_SectorErase  bsp_spi_flash.o
    0x08003dcc   0x08003dcc   0x00000028   Code   RO         5991    i.SPI_FLASH_SendByte  bsp_spi_flash.o
    0x08003df4   0x08003df4   0x00000030   Code   RO         5992    i.SPI_FLASH_WaitForWriteEnd  bsp_spi_flash.o
    0x08003e24   0x08003e24   0x00000028   Code   RO         5993    i.SPI_FLASH_WriteEnable  bsp_spi_flash.o
    0x08003e4c   0x08003e4c   0x000000b8   Code   RO         2662    i.SPI_WaitFlagStateUntilTimeout  stm32f1xx_hal_spi.o
    0x08003f04   0x08003f04   0x0000000e   Code   RO         6834    i.STORAGE_GetCapacity_FS  usbd_storage_if.o
    0x08003f12   0x08003f12   0x00000004   Code   RO         6835    i.STORAGE_GetMaxLun_FS  usbd_storage_if.o
    0x08003f16   0x08003f16   0x00000004   Code   RO         6836    i.STORAGE_Init_FS   usbd_storage_if.o
    0x08003f1a   0x08003f1a   0x00000004   Code   RO         6837    i.STORAGE_IsReady_FS  usbd_storage_if.o
    0x08003f1e   0x08003f1e   0x00000004   Code   RO         6838    i.STORAGE_IsWriteProtected_FS  usbd_storage_if.o
    0x08003f22   0x08003f22   0x00000018   Code   RO         6839    i.STORAGE_Read_FS   usbd_storage_if.o
    0x08003f3a   0x08003f3a   0x00000002   PAD
    0x08003f3c   0x08003f3c   0x00000084   Code   RO         6840    i.STORAGE_Write_FS  usbd_storage_if.o
    0x08003fc0   0x08003fc0   0x0000002c   Code   RO         5844    i.SysTick_Handler   port.o
    0x08003fec   0x08003fec   0x00000078   Code   RO           24    i.SystemClock_Config  main.o
    0x08004064   0x08004064   0x00000002   Code   RO         4267    i.SystemInit        system_stm32f1xx.o
    0x08004066   0x08004066   0x00000002   PAD
    0x08004068   0x08004068   0x0000000c   Code   RO          553    i.TIM4_IRQHandler   stm32f1xx_it.o
    0x08004074   0x08004074   0x0000008c   Code   RO         3025    i.TIM_Base_SetConfig  stm32f1xx_hal_tim.o
    0x08004100   0x08004100   0x00000010   Code   RO         3946    i.UART_DMAAbortOnError  stm32f1xx_hal_uart.o
    0x08004110   0x08004110   0x0000004e   Code   RO         3956    i.UART_EndRxTransfer  stm32f1xx_hal_uart.o
    0x0800415e   0x0800415e   0x000000c2   Code   RO         3958    i.UART_Receive_IT   stm32f1xx_hal_uart.o
    0x08004220   0x08004220   0x000000b8   Code   RO         3959    i.UART_SetConfig    stm32f1xx_hal_uart.o
    0x080042d8   0x080042d8   0x00000036   Code   RO         3961    i.UART_Start_Receive_IT  stm32f1xx_hal_uart.o
    0x0800430e   0x0800430e   0x00000078   Code   RO         3962    i.UART_WaitOnFlagUntilTimeout  stm32f1xx_hal_uart.o
    0x08004386   0x08004386   0x00000002   PAD
    0x08004388   0x08004388   0x0000000c   Code   RO          554    i.USART2_IRQHandler  stm32f1xx_it.o
    0x08004394   0x08004394   0x0000000c   Code   RO          555    i.USART3_IRQHandler  stm32f1xx_it.o
    0x080043a0   0x080043a0   0x0000000e   Code   RO         7112    i.USBD_ClrClassConfig  usbd_core.o
    0x080043ae   0x080043ae   0x00000010   Code   RO         7315    i.USBD_CtlContinueRx  usbd_ioreq.o
    0x080043be   0x080043be   0x00000010   Code   RO         7316    i.USBD_CtlContinueSendData  usbd_ioreq.o
    0x080043ce   0x080043ce   0x00000016   Code   RO         7250    i.USBD_CtlError     usbd_ctlreq.o
    0x080043e4   0x080043e4   0x00000016   Code   RO         7318    i.USBD_CtlReceiveStatus  usbd_ioreq.o
    0x080043fa   0x080043fa   0x0000001a   Code   RO         7319    i.USBD_CtlSendData  usbd_ioreq.o
    0x08004414   0x08004414   0x00000016   Code   RO         7320    i.USBD_CtlSendStatus  usbd_ioreq.o
    0x0800442a   0x0800442a   0x00000002   PAD
    0x0800442c   0x0800442c   0x00000020   Code   RO         6749    i.USBD_FS_ConfigStrDescriptor  usbd_desc.o
    0x0800444c   0x0800444c   0x0000000c   Code   RO         6750    i.USBD_FS_DeviceDescriptor  usbd_desc.o
    0x08004458   0x08004458   0x00000024   Code   RO         6751    i.USBD_FS_InterfaceStrDescriptor  usbd_desc.o
    0x0800447c   0x0800447c   0x0000000c   Code   RO         6752    i.USBD_FS_LangIDStrDescriptor  usbd_desc.o
    0x08004488   0x08004488   0x00000028   Code   RO         6753    i.USBD_FS_ManufacturerStrDescriptor  usbd_desc.o
    0x080044b0   0x080044b0   0x00000028   Code   RO         6754    i.USBD_FS_ProductStrDescriptor  usbd_desc.o
    0x080044d8   0x080044d8   0x00000038   Code   RO         6755    i.USBD_FS_SerialStrDescriptor  usbd_desc.o
    0x08004510   0x08004510   0x000000e8   Code   RO         7251    i.USBD_GetDescriptor  usbd_ctlreq.o
    0x080045f8   0x080045f8   0x00000048   Code   RO         7252    i.USBD_GetString    usbd_ctlreq.o
    0x08004640   0x08004640   0x00000018   Code   RO         6914    i.USBD_Get_USB_Status  usbd_conf.o
    0x08004658   0x08004658   0x0000002a   Code   RO         7114    i.USBD_Init         usbd_core.o
    0x08004682   0x08004682   0x00000012   Code   RO         6915    i.USBD_LL_ClearStallEP  usbd_conf.o
    0x08004694   0x08004694   0x00000012   Code   RO         6916    i.USBD_LL_CloseEP   usbd_conf.o
    0x080046a6   0x080046a6   0x000000c6   Code   RO         7115    i.USBD_LL_DataInStage  usbd_core.o
    0x0800476c   0x0800476c   0x00000082   Code   RO         7116    i.USBD_LL_DataOutStage  usbd_core.o
    0x080047ee   0x080047ee   0x00000012   Code   RO         6919    i.USBD_LL_FlushEP   usbd_conf.o
    0x08004800   0x08004800   0x00000008   Code   RO         6920    i.USBD_LL_GetRxDataSize  usbd_conf.o
    0x08004808   0x08004808   0x00000070   Code   RO         6921    i.USBD_LL_Init      usbd_conf.o
    0x08004878   0x08004878   0x00000020   Code   RO         6922    i.USBD_LL_IsStallEP  usbd_conf.o
    0x08004898   0x08004898   0x00000018   Code   RO         6923    i.USBD_LL_OpenEP    usbd_conf.o
    0x080048b0   0x080048b0   0x00000012   Code   RO         6924    i.USBD_LL_PrepareReceive  usbd_conf.o
    0x080048c2   0x080048c2   0x00000050   Code   RO         7121    i.USBD_LL_Reset     usbd_core.o
    0x08004912   0x08004912   0x00000014   Code   RO         7122    i.USBD_LL_Resume    usbd_core.o
    0x08004926   0x08004926   0x00000018   Code   RO         7123    i.USBD_LL_SOF       usbd_core.o
    0x0800493e   0x0800493e   0x00000006   Code   RO         7124    i.USBD_LL_SetSpeed  usbd_core.o
    0x08004944   0x08004944   0x00000012   Code   RO         6925    i.USBD_LL_SetUSBAddress  usbd_conf.o
    0x08004956   0x08004956   0x0000005a   Code   RO         7125    i.USBD_LL_SetupStage  usbd_core.o
    0x080049b0   0x080049b0   0x00000012   Code   RO         6926    i.USBD_LL_StallEP   usbd_conf.o
    0x080049c2   0x080049c2   0x00000012   Code   RO         6927    i.USBD_LL_Start     usbd_conf.o
    0x080049d4   0x080049d4   0x00000012   Code   RO         7126    i.USBD_LL_Suspend   usbd_core.o
    0x080049e6   0x080049e6   0x00000012   Code   RO         6929    i.USBD_LL_Transmit  usbd_conf.o
    0x080049f8   0x080049f8   0x0000000a   Code   RO         7375    i.USBD_MSC_DataIn   usbd_msc.o
    0x08004a02   0x08004a02   0x0000000a   Code   RO         7376    i.USBD_MSC_DataOut  usbd_msc.o
    0x08004a0c   0x08004a0c   0x00000032   Code   RO         7377    i.USBD_MSC_DeInit   usbd_msc.o
    0x08004a3e   0x08004a3e   0x00000002   PAD
    0x08004a40   0x08004a40   0x0000000c   Code   RO         7378    i.USBD_MSC_GetDeviceQualifierDescriptor  usbd_msc.o
    0x08004a4c   0x08004a4c   0x0000000c   Code   RO         7379    i.USBD_MSC_GetFSCfgDesc  usbd_msc.o
    0x08004a58   0x08004a58   0x0000000c   Code   RO         7380    i.USBD_MSC_GetHSCfgDesc  usbd_msc.o
    0x08004a64   0x08004a64   0x0000000c   Code   RO         7381    i.USBD_MSC_GetOtherSpeedCfgDesc  usbd_msc.o
    0x08004a70   0x08004a70   0x0000005c   Code   RO         7382    i.USBD_MSC_Init     usbd_msc.o
    0x08004acc   0x08004acc   0x0000000a   Code   RO         7383    i.USBD_MSC_RegisterStorage  usbd_msc.o
    0x08004ad6   0x08004ad6   0x00000116   Code   RO         7384    i.USBD_MSC_Setup    usbd_msc.o
    0x08004bec   0x08004bec   0x00000028   Code   RO         7253    i.USBD_ParseSetupRequest  usbd_ctlreq.o
    0x08004c14   0x08004c14   0x00000010   Code   RO         7127    i.USBD_RegisterClass  usbd_core.o
    0x08004c24   0x08004c24   0x00000016   Code   RO         7129    i.USBD_SetClassConfig  usbd_core.o
    0x08004c3a   0x08004c3a   0x00000002   PAD
    0x08004c3c   0x08004c3c   0x00000084   Code   RO         7254    i.USBD_SetConfig    usbd_ctlreq.o
    0x08004cc0   0x08004cc0   0x0000000a   Code   RO         7130    i.USBD_Start        usbd_core.o
    0x08004cca   0x08004cca   0x00000112   Code   RO         7255    i.USBD_StdDevReq    usbd_ctlreq.o
    0x08004ddc   0x08004ddc   0x00000150   Code   RO         7256    i.USBD_StdEPReq     usbd_ctlreq.o
    0x08004f2c   0x08004f2c   0x0000004e   Code   RO         7257    i.USBD_StdItfReq    usbd_ctlreq.o
    0x08004f7a   0x08004f7a   0x00000002   Code   RO         6930    i.USBD_static_free  usbd_conf.o
    0x08004f7c   0x08004f7c   0x00000008   Code   RO         6931    i.USBD_static_malloc  usbd_conf.o
    0x08004f84   0x08004f84   0x0000029c   Code   RO         1008    i.USB_ActivateEndpoint  stm32f1xx_ll_usb.o
    0x08005220   0x08005220   0x00000004   Code   RO         1011    i.USB_CoreInit      stm32f1xx_ll_usb.o
    0x08005224   0x08005224   0x0000010e   Code   RO         1013    i.USB_DeactivateEndpoint  stm32f1xx_ll_usb.o
    0x08005332   0x08005332   0x00000004   Code   RO         1014    i.USB_DevConnect    stm32f1xx_ll_usb.o
    0x08005336   0x08005336   0x00000004   Code   RO         1015    i.USB_DevDisconnect  stm32f1xx_ll_usb.o
    0x0800533a   0x0800533a   0x00000012   Code   RO         1016    i.USB_DevInit       stm32f1xx_ll_usb.o
    0x0800534c   0x0800534c   0x0000000e   Code   RO         1017    i.USB_DisableGlobalInt  stm32f1xx_ll_usb.o
    0x0800535a   0x0800535a   0x00000004   Code   RO         1018    i.USB_EP0_OutStart  stm32f1xx_ll_usb.o
    0x0800535e   0x0800535e   0x00000078   Code   RO         1019    i.USB_EPClearStall  stm32f1xx_ll_usb.o
    0x080053d6   0x080053d6   0x00000032   Code   RO         1020    i.USB_EPSetStall    stm32f1xx_ll_usb.o
    0x08005408   0x08005408   0x000004e2   Code   RO         1021    i.USB_EPStartXfer   stm32f1xx_ll_usb.o
    0x080058ea   0x080058ea   0x00000012   Code   RO         1023    i.USB_EnableGlobalInt  stm32f1xx_ll_usb.o
    0x080058fc   0x080058fc   0x00000004   Code   RO         1024    i.USB_FlushRxFifo   stm32f1xx_ll_usb.o
    0x08005900   0x08005900   0x00000004   Code   RO         1025    i.USB_FlushTxFifo   stm32f1xx_ll_usb.o
    0x08005904   0x08005904   0x0000000c   Code   RO          556    i.USB_LP_CAN1_RX0_IRQHandler  stm32f1xx_it.o
    0x08005910   0x08005910   0x00000006   Code   RO         1030    i.USB_ReadInterrupts  stm32f1xx_ll_usb.o
    0x08005916   0x08005916   0x00000002   PAD
    0x08005918   0x08005918   0x0000002c   Code   RO         1031    i.USB_ReadPMA       stm32f1xx_ll_usb.o
    0x08005944   0x08005944   0x00000004   Code   RO         1032    i.USB_SetCurrentMode  stm32f1xx_ll_usb.o
    0x08005948   0x08005948   0x0000000c   Code   RO         1033    i.USB_SetDevAddress  stm32f1xx_ll_usb.o
    0x08005954   0x08005954   0x00000026   Code   RO         1035    i.USB_WritePMA      stm32f1xx_ll_usb.o
    0x0800597a   0x0800597a   0x00000002   PAD
    0x0800597c   0x0800597c   0x00000030   Code   RO         6634    i.USER_initialize   user_diskio.o
    0x080059ac   0x080059ac   0x00000038   Code   RO         6635    i.USER_ioctl        user_diskio.o
    0x080059e4   0x080059e4   0x00000028   Code   RO         6636    i.USER_read         user_diskio.o
    0x08005a0c   0x08005a0c   0x0000000c   Code   RO         6637    i.USER_status       user_diskio.o
    0x08005a18   0x08005a18   0x000000a4   Code   RO         6638    i.USER_write        user_diskio.o
    0x08005abc   0x08005abc   0x00000002   Code   RO          557    i.UsageFault_Handler  stm32f1xx_it.o
    0x08005abe   0x08005abe   0x00000002   PAD
    0x08005ac0   0x08005ac0   0x00000028   Code   RO         7792    i.__0sprintf$6      mc_w.l(printf6.o)
    0x08005ae8   0x08005ae8   0x00000020   Code   RO         1684    i.__NVIC_SetPriority  stm32f1xx_hal_cortex.o
    0x08005b08   0x08005b08   0x0000000e   Code   RO         7936    i.__scatterload_copy  mc_w.l(handlers.o)
    0x08005b16   0x08005b16   0x00000002   Code   RO         7937    i.__scatterload_null  mc_w.l(handlers.o)
    0x08005b18   0x08005b18   0x0000000e   Code   RO         7938    i.__scatterload_zeroinit  mc_w.l(handlers.o)
    0x08005b26   0x08005b26   0x00000002   PAD
    0x08005b28   0x08005b28   0x000002f0   Code   RO         7797    i._printf_core      mc_w.l(printf6.o)
    0x08005e18   0x08005e18   0x00000024   Code   RO         7798    i._printf_post_padding  mc_w.l(printf6.o)
    0x08005e3c   0x08005e3c   0x0000002e   Code   RO         7799    i._printf_pre_padding  mc_w.l(printf6.o)
    0x08005e6a   0x08005e6a   0x0000000a   Code   RO         7801    i._sputc            mc_w.l(printf6.o)
    0x08005e74   0x08005e74   0x0000004c   Code   RO           26    i.main              main.o
    0x08005ec0   0x08005ec0   0x00000034   Code   RO         5373    i.osDelay           cmsis_os2.o
    0x08005ef4   0x08005ef4   0x00000038   Code   RO         5387    i.osKernelInitialize  cmsis_os2.o
    0x08005f2c   0x08005f2c   0x00000040   Code   RO         5390    i.osKernelStart     cmsis_os2.o
    0x08005f6c   0x08005f6c   0x0000007c   Code   RO         5393    i.osMessageQueueGet  cmsis_os2.o
    0x08005fe8   0x08005fe8   0x00000074   Code   RO         5398    i.osMessageQueueNew  cmsis_os2.o
    0x0800605c   0x0800605c   0x00000080   Code   RO         5399    i.osMessageQueuePut  cmsis_os2.o
    0x080060dc   0x080060dc   0x000000a4   Code   RO         5424    i.osThreadNew       cmsis_os2.o
    0x08006180   0x08006180   0x0000005c   Code   RO         4869    i.prvAddCurrentTaskToDelayedList  tasks.o
    0x080061dc   0x080061dc   0x000000d0   Code   RO         4870    i.prvAddNewTaskToReadyList  tasks.o
    0x080062ac   0x080062ac   0x00000058   Code   RO         5219    i.prvCheckForValidListAndQueue  timers.o
    0x08006304   0x08006304   0x00000026   Code   RO         4472    i.prvCopyDataFromQueue  queue.o
    0x0800632a   0x0800632a   0x0000006c   Code   RO         4473    i.prvCopyDataToQueue  queue.o
    0x08006396   0x08006396   0x00000034   Code   RO         4871    i.prvDeleteTCB      tasks.o
    0x080063ca   0x080063ca   0x00000002   PAD
    0x080063cc   0x080063cc   0x0000004c   Code   RO         5794    i.prvHeapInit       heap_4.o
    0x08006418   0x08006418   0x00000060   Code   RO         4872    i.prvIdleTask       tasks.o
    0x08006478   0x08006478   0x00000022   Code   RO         4475    i.prvInitialiseNewQueue  queue.o
    0x0800649a   0x0800649a   0x0000009c   Code   RO         4873    i.prvInitialiseNewTask  tasks.o
    0x08006536   0x08006536   0x00000002   PAD
    0x08006538   0x08006538   0x0000004c   Code   RO         5795    i.prvInsertBlockIntoFreeList  heap_4.o
    0x08006584   0x08006584   0x00000038   Code   RO         5221    i.prvInsertTimerInActiveList  timers.o
    0x080065bc   0x080065bc   0x0000001c   Code   RO         4476    i.prvIsQueueEmpty   queue.o
    0x080065d8   0x080065d8   0x000000cc   Code   RO         5222    i.prvProcessReceivedCommands  timers.o
    0x080066a4   0x080066a4   0x000000b4   Code   RO         5223    i.prvProcessTimerOrBlockTask  timers.o
    0x08006758   0x08006758   0x00000020   Code   RO         4875    i.prvResetNextTaskUnblockTime  tasks.o
    0x08006778   0x08006778   0x00000028   Code   RO         5224    i.prvSampleTimeNow  timers.o
    0x080067a0   0x080067a0   0x0000006c   Code   RO         5225    i.prvSwitchTimerLists  timers.o
    0x0800680c   0x0800680c   0x00000028   Code   RO         5845    i.prvTaskExitError  port.o
    0x08006834   0x08006834   0x00000024   Code   RO         5226    i.prvTimerTask      timers.o
    0x08006858   0x08006858   0x0000006a   Code   RO         4477    i.prvUnlockQueue    queue.o
    0x080068c2   0x080068c2   0x00000002   PAD
    0x080068c4   0x080068c4   0x000000d8   Code   RO         5796    i.pvPortMalloc      heap_4.o
    0x0800699c   0x0800699c   0x00000024   Code   RO         5846    i.pxPortInitialiseStack  port.o
    0x080069c0   0x080069c0   0x00000026   Code   RO         4432    i.uxListRemove      list.o
    0x080069e6   0x080069e6   0x00000002   PAD
    0x080069e8   0x080069e8   0x00000014   Code   RO         5436    i.vApplicationGetIdleTaskMemory  cmsis_os2.o
    0x080069fc   0x080069fc   0x00000018   Code   RO         5437    i.vApplicationGetTimerTaskMemory  cmsis_os2.o
    0x08006a14   0x08006a14   0x00000016   Code   RO         4433    i.vListInitialise   list.o
    0x08006a2a   0x08006a2a   0x00000006   Code   RO         4434    i.vListInitialiseItem  list.o
    0x08006a30   0x08006a30   0x00000030   Code   RO         4435    i.vListInsert       list.o
    0x08006a60   0x08006a60   0x00000018   Code   RO         4436    i.vListInsertEnd    list.o
    0x08006a78   0x08006a78   0x00000040   Code   RO         5848    i.vPortEnterCritical  port.o
    0x08006ab8   0x08006ab8   0x00000028   Code   RO         5849    i.vPortExitCritical  port.o
    0x08006ae0   0x08006ae0   0x0000005c   Code   RO         5797    i.vPortFree         heap_4.o
    0x08006b3c   0x08006b3c   0x00000024   Code   RO         5850    i.vPortSetupTimerInterrupt  port.o
    0x08006b60   0x08006b60   0x00000054   Code   RO         5851    i.vPortValidateInterruptPriority  port.o
    0x08006bb4   0x08006bb4   0x00000028   Code   RO         4483    i.vQueueAddToRegistry  queue.o
    0x08006bdc   0x08006bdc   0x00000044   Code   RO         4487    i.vQueueWaitForMessageRestricted  queue.o
    0x08006c20   0x08006c20   0x0000004c   Code   RO         4887    i.vTaskDelay        tasks.o
    0x08006c6c   0x08006c6c   0x00000010   Code   RO         4892    i.vTaskInternalSetTimeOutState  tasks.o
    0x08006c7c   0x08006c7c   0x0000000c   Code   RO         4893    i.vTaskMissedYield  tasks.o
    0x08006c88   0x08006c88   0x00000030   Code   RO         4895    i.vTaskPlaceOnEventList  tasks.o
    0x08006cb8   0x08006cb8   0x00000038   Code   RO         4896    i.vTaskPlaceOnEventListRestricted  tasks.o
    0x08006cf0   0x08006cf0   0x00000088   Code   RO         4904    i.vTaskStartScheduler  tasks.o
    0x08006d78   0x08006d78   0x00000010   Code   RO         4906    i.vTaskSuspendAll   tasks.o
    0x08006d88   0x08006d88   0x00000064   Code   RO         4907    i.vTaskSwitchContext  tasks.o
    0x08006dec   0x08006dec   0x000000a8   Code   RO         5852    i.xPortStartScheduler  port.o
    0x08006e94   0x08006e94   0x00000048   Code   RO         4492    i.xQueueGenericCreate  queue.o
    0x08006edc   0x08006edc   0x00000066   Code   RO         4493    i.xQueueGenericCreateStatic  queue.o
    0x08006f42   0x08006f42   0x00000002   PAD
    0x08006f44   0x08006f44   0x00000088   Code   RO         4494    i.xQueueGenericReset  queue.o
    0x08006fcc   0x08006fcc   0x00000160   Code   RO         4495    i.xQueueGenericSend  queue.o
    0x0800712c   0x0800712c   0x000000bc   Code   RO         4496    i.xQueueGenericSendFromISR  queue.o
    0x080071e8   0x080071e8   0x00000138   Code   RO         4505    i.xQueueReceive     queue.o
    0x08007320   0x08007320   0x0000009a   Code   RO         4506    i.xQueueReceiveFromISR  queue.o
    0x080073ba   0x080073ba   0x00000002   PAD
    0x080073bc   0x080073bc   0x00000074   Code   RO         4908    i.xTaskCheckForTimeOut  tasks.o
    0x08007430   0x08007430   0x0000005a   Code   RO         4909    i.xTaskCreate       tasks.o
    0x0800748a   0x0800748a   0x00000056   Code   RO         4910    i.xTaskCreateStatic  tasks.o
    0x080074e0   0x080074e0   0x0000001c   Code   RO         4914    i.xTaskGetSchedulerState  tasks.o
    0x080074fc   0x080074fc   0x0000000c   Code   RO         4915    i.xTaskGetTickCount  tasks.o
    0x08007508   0x08007508   0x000000c8   Code   RO         4917    i.xTaskIncrementTick  tasks.o
    0x080075d0   0x080075d0   0x00000080   Code   RO         4920    i.xTaskPriorityDisinherit  tasks.o
    0x08007650   0x08007650   0x00000070   Code   RO         4922    i.xTaskRemoveFromEventList  tasks.o
    0x080076c0   0x080076c0   0x000000c4   Code   RO         4923    i.xTaskResumeAll    tasks.o
    0x08007784   0x08007784   0x00000060   Code   RO         5233    i.xTimerCreateTimerTask  timers.o
    0x080077e4   0x080077e4   0x00000068   Code   RO         5234    i.xTimerGenericCommand  timers.o
    0x0800784c   0x0800784c   0x000000a8   Data   RO          337    .constdata          freertos.o
    0x080078f4   0x080078f4   0x00000012   Data   RO         1382    .constdata          stm32f1xx_hal_rcc.o
    0x08007906   0x08007906   0x00000010   Data   RO         4268    .constdata          system_stm32f1xx.o
    0x08007916   0x08007916   0x00000008   Data   RO         4269    .constdata          system_stm32f1xx.o
    0x0800791e   0x0800791e   0x000005f0   Data   RO         5930    .constdata          oled.o
    0x08007f0e   0x08007f0e   0x00000024   Data   RO         6842    .constdata          usbd_storage_if.o
    0x08007f32   0x08007f32   0x00000007   Data   RO         7530    .constdata          usbd_msc_data.o
    0x08007f39   0x08007f39   0x00000008   Data   RO         7531    .constdata          usbd_msc_data.o
    0x08007f41   0x08007f41   0x00000008   Data   RO         7532    .constdata          usbd_msc_data.o
    0x08007f49   0x08007f49   0x00000003   PAD
    0x08007f4c   0x08007f4c   0x0000004f   Data   RO          338    .conststring        freertos.o
    0x08007f9b   0x08007f9b   0x00000001   PAD
    0x08007f9c   0x08007f9c   0x00000020   Data   RO         7934    Region$$Table       anon$$obj.o


    Execution Region RW_IRAM1 (Exec base: 0x20000000, Load base: 0x08007fbc, Size: 0x000072a8, Max: 0x00010000, ABSOLUTE, COMPRESSED[0x000000c0])

    Exec Addr    Load Addr    Size         Type   Attr      Idx    E Section Name        Object

    0x20000000   COMPRESSED   0x00000001   Data   RW           27    .data               main.o
    0x20000001   COMPRESSED   0x00000001   Data   RW           28    .data               main.o
    0x20000002   COMPRESSED   0x00000001   Data   RW           29    .data               main.o
    0x20000003   COMPRESSED   0x00000001   Data   RW           30    .data               main.o
    0x20000004   COMPRESSED   0x00000018   Data   RW          339    .data               freertos.o
    0x2000001c   COMPRESSED   0x0000000c   Data   RW         1219    .data               stm32f1xx_hal.o
    0x20000028   COMPRESSED   0x00000004   Data   RW         4270    .data               system_stm32f1xx.o
    0x2000002c   COMPRESSED   0x0000003c   Data   RW         4926    .data               tasks.o
    0x20000068   COMPRESSED   0x00000014   Data   RW         5242    .data               timers.o
    0x2000007c   COMPRESSED   0x00000004   Data   RW         5439    .data               cmsis_os2.o
    0x20000080   COMPRESSED   0x00000018   Data   RW         5802    .data               heap_4.o
    0x20000098   COMPRESSED   0x0000000c   Data   RW         5853    .data               port.o
    0x200000a4   COMPRESSED   0x00000005   Data   RW         6056    .data               fatfs.o
    0x200000a9   COMPRESSED   0x00000001   Data   RW         6639    .data               user_diskio.o
    0x200000aa   COMPRESSED   0x00000002   PAD
    0x200000ac   COMPRESSED   0x00000014   Data   RW         6640    .data               user_diskio.o
    0x200000c0   COMPRESSED   0x0000001c   Data   RW         6757    .data               usbd_desc.o
    0x200000dc   COMPRESSED   0x00000032   Data   RW         6758    .data               usbd_desc.o
    0x2000010e   COMPRESSED   0x00000002   PAD
    0x20000110   COMPRESSED   0x00000020   Data   RW         6843    .data               usbd_storage_if.o
    0x20000130   COMPRESSED   0x00000001   Data   RW         7258    .data               usbd_ctlreq.o
    0x20000131   COMPRESSED   0x00000003   PAD
    0x20000134   COMPRESSED   0x00000038   Data   RW         7385    .data               usbd_msc.o
    0x2000016c   COMPRESSED   0x0000006a   Data   RW         7386    .data               usbd_msc.o
    0x200001d6   COMPRESSED   0x00000002   PAD
    0x200001d8        -       0x00000054   Zero   RW          413    .bss                i2c.o
    0x2000022c        -       0x00000058   Zero   RW          455    .bss                spi.o
    0x20000284        -       0x000000d8   Zero   RW          499    .bss                usart.o
    0x2000035c        -       0x00000048   Zero   RW          657    .bss                stm32f1xx_hal_timebase_tim.o
    0x200003a4        -       0x00000040   Zero   RW         4509    .bss                queue.o
    0x200003e4        -       0x000004c4   Zero   RW         4925    .bss                tasks.o
    0x200008a8        -       0x00000118   Zero   RW         5241    .bss                timers.o
    0x200009c0        -       0x000006b8   Zero   RW         5438    .bss                cmsis_os2.o
    0x20001078        -       0x00004000   Zero   RW         5801    .bss                heap_4.o
    0x20005078        -       0x00000400   Zero   RW         5929    .bss                oled.o
    0x20005478        -       0x0000000c   Zero   RW         6496    .bss                ff_gen_drv.o
    0x20005484        -       0x000002c4   Zero   RW         6694    .bss                usb_device.o
    0x20005748        -       0x00000200   Zero   RW         6756    .bss                usbd_desc.o
    0x20005948        -       0x00001000   Zero   RW         6841    .bss                usbd_storage_if.o
    0x20006948        -       0x00000560   Zero   RW         6932    .bss                usbd_conf.o
    0x20006ea8        -       0x00000400   Zero   RW            1    STACK               startup_stm32f103xe.o


==============================================================================

Image component sizes


      Code (inc. data)   RO Data    RW Data    ZI Data      Debug   Object Name

       636         36          0          0          0       5518   bsp_spi_flash.o
       748         54          0          4       1720      18126   cmsis_os2.o
         0          0          0          0          0      20392   event_groups.o
        28         10          0          5          0       1154   fatfs.o
        70          4          0          0         12       1675   ff_gen_drv.o
       632        162        247         24          0       7342   freertos.o
       240         22          0          0          0       1059   gpio.o
       460         24          0         24      16384       4875   heap_4.o
       156         26          0          0         84       1753   i2c.o
       138          0          0          0          0       3602   list.o
       480         76          0          4          0     539300   main.o
       456         30       1520          0       1024       4776   oled.o
       662         70          0         12          0      11181   port.o
      1738         20          0          0         64      19925   queue.o
       184         24          0          0         88       1777   spi.o
        36          8        304          0       1024        832   startup_stm32f103xe.o
        64         14          0         12          0       5430   stm32f1xx_hal.o
       158         14          0          0          0      28362   stm32f1xx_hal_cortex.o
       374          8          0          0          0       1927   stm32f1xx_hal_dma.o
       540         42          0          0          0       4296   stm32f1xx_hal_gpio.o
      1414         32          0          0          0       9655   stm32f1xx_hal_i2c.o
        72         10          0          0          0        930   stm32f1xx_hal_msp.o
      3146          0          0          0          0      15516   stm32f1xx_hal_pcd.o
        60          0          0          0          0       1238   stm32f1xx_hal_pcd_ex.o
      1304         94         18          0          0       5961   stm32f1xx_hal_rcc.o
       236         12          0          0          0       1444   stm32f1xx_hal_rcc_ex.o
       888          4          0          0          0       4901   stm32f1xx_hal_spi.o
       706         40          0          0          0       7408   stm32f1xx_hal_tim.o
         4          0          0          0          0       1677   stm32f1xx_hal_tim_ex.o
       152         20          0          0         72       1571   stm32f1xx_hal_timebase_tim.o
      1554         10          0          0          0      11312   stm32f1xx_hal_uart.o
        60         24          0          0          0       4652   stm32f1xx_it.o
      2536          0          0          0          0      17787   stm32f1xx_ll_usb.o
         0          0          0          0          0       8988   stream_buffer.o
         2          0         24          4          0       1211   system_stm32f1xx.o
      2064        170          0         60       1220      24016   tasks.o
       912         82          0         20        280      26499   timers.o
       464         50          0          0        216       3232   usart.o
        84         18          0          0        708       6165   usb_device.o
       558         28          0          0       1376      15619   usbd_conf.o
       670          0          0          0          0       9899   usbd_core.o
      1186         28          0          1          0       8192   usbd_ctlreq.o
       284        100          0         78        512       6229   usbd_desc.o
       102          0          0          0          0       3836   usbd_ioreq.o
       498         16          0        162          0       9640   usbd_msc.o
       586         10          0          0          0       7413   usbd_msc_bot.o
         0          0         23          0          0        949   usbd_msc_data.o
      1404         12          0          0          0      10391   usbd_msc_scsi.o
       186          6         36         32       4096       5083   usbd_storage_if.o
       320         30          0         21          0       4620   user_diskio.o

    ----------------------------------------------------------------------
     29316       1440       2208        472      28880     919336   Object Totals
         0          0         32          0          0          0   (incl. Generated)
        64          0          4          9          0          0   (incl. Padding)

    ----------------------------------------------------------------------

      Code (inc. data)   RO Data    RW Data    ZI Data      Debug   Library Member Name

        86          0          0          0          0          0   __dczerorl2.o
         0          0          0          0          0          0   entry.o
         0          0          0          0          0          0   entry10a.o
         0          0          0          0          0          0   entry11a.o
         8          4          0          0          0          0   entry2.o
         4          0          0          0          0          0   entry5.o
         0          0          0          0          0          0   entry7b.o
         0          0          0          0          0          0   entry8b.o
         8          4          0          0          0          0   entry9a.o
        30          0          0          0          0          0   handlers.o
        36          8          0          0          0         68   init.o
        36          0          0          0          0         68   memcpya.o
        36          0          0          0          0        108   memseta.o
       884         10          0          0          0        420   printf6.o
        44          0          0          0          0         80   uidiv.o

    ----------------------------------------------------------------------
      1176         26          0          0          0        744   Library Totals
         4          0          0          0          0          0   (incl. Padding)

    ----------------------------------------------------------------------

      Code (inc. data)   RO Data    RW Data    ZI Data      Debug   Library Name

      1172         26          0          0          0        744   mc_w.l

    ----------------------------------------------------------------------
      1176         26          0          0          0        744   Library Totals

    ----------------------------------------------------------------------

==============================================================================


      Code (inc. data)   RO Data    RW Data    ZI Data      Debug   

     30492       1466       2208        472      28880     903776   Grand Totals
     30492       1466       2208        192      28880     903776   ELF Image Totals (compressed)
     30492       1466       2208        192          0          0   ROM Totals

==============================================================================

    Total RO  Size (Code + RO Data)                32700 (  31.93kB)
    Total RW  Size (RW Data + ZI Data)             29352 (  28.66kB)
    Total ROM Size (Code + RO Data + RW Data)      32892 (  32.12kB)

==============================================================================

